*** Using Compiler 'V5.06 update 3 (build 300)', folder: 'C:\Keil_v5\ARM\ARMCC\Bin'
Build target 'stm32f407igt6'
compiling stm32f4xx_hal_flash_ramfunc.c...
compiling stm32f4xx_hal_gpio.c...
assembling startup_stm32f407xx.s...
compiling stm32f4xx_ll_adc.c...
compiling main.c...
compiling stm32f4xx_hal_flash.c...
compiling stm32f4xx_hal_msp.c...
compiling stm32f4xx_hal_dma.c...
compiling stm32f4xx_hal_adc_ex.c...
compiling stm32f4xx_hal_rcc_ex.c...
compiling stm32f4xx_it.c...
compiling stm32f4xx_hal_pwr.c...
compiling stm32f4xx_hal_rcc.c...
compiling stm32f4xx_hal_flash_ex.c...
compiling stm32f4xx_hal_pwr_ex.c...
compiling stm32f4xx_hal_adc.c...
compiling stm32f4xx_hal_dma_ex.c...
compiling stm32f4xx_hal_cortex.c...
compiling stm32f4xx_hal.c...
compiling stm32f4xx_hal_exti.c...
compiling system_stm32f4xx.c...
compiling test.c...
compiling code.c...
compiling my_string.c...
compiling my_adc.c...
compiling my_motor.c...
compiling my_led.c...
compiling usart.c...
compiling my_tim.c...
compiling sys.c...
compiling delay.c...
compiling stm32f4xx_hal_tim_ex.c...
compiling stm32f4xx_hal_uart.c...
compiling usmart.c...
compiling stm32f4xx_hal_tim.c...
compiling usmart_config.c...
compiling usmart_str.c...
linking...
stm32f407igt6\stm32f407igt6.axf: Error: L6218E: Undefined symbol g_speed_pid (referred from my_motor.o).
stm32f407igt6\stm32f407igt6.axf: Error: L6218E: Undefined symbol SIGN (referred from my_tim.o).
stm32f407igt6\stm32f407igt6.axf: Error: L6218E: Undefined symbol speed_pid_sample (referred from my_tim.o).
Not enough information to list image symbols.
Finished: 1 information, 0 warning and 3 error messages.
"stm32f407igt6\stm32f407igt6.axf" - 3 Error(s), 0 Warning(s).
Target not created.
Build Time Elapsed:  00:00:02
