Component: ARM Compiler 5.06 update 3 (build 300) Tool: armlink [4d35c9]

==============================================================================

Section Cross References

    startup_stm32f407xx.o(STACK) refers (Special) to heapauxi.o(.text) for __use_two_region_memory
    startup_stm32f407xx.o(HEAP) refers (Special) to heapauxi.o(.text) for __use_two_region_memory
    startup_stm32f407xx.o(RESET) refers (Special) to heapauxi.o(.text) for __use_two_region_memory
    startup_stm32f407xx.o(RESET) refers to startup_stm32f407xx.o(STACK) for __initial_sp
    startup_stm32f407xx.o(RESET) refers to startup_stm32f407xx.o(.text) for Reset_Handler
    startup_stm32f407xx.o(RESET) refers to stm32f4xx_it.o(i.NMI_Handler) for NMI_Handler
    startup_stm32f407xx.o(RESET) refers to stm32f4xx_it.o(i.HardFault_Handler) for HardFault_Handler
    startup_stm32f407xx.o(RESET) refers to stm32f4xx_it.o(i.MemManage_Handler) for MemManage_Handler
    startup_stm32f407xx.o(RESET) refers to stm32f4xx_it.o(i.BusFault_Handler) for BusFault_Handler
    startup_stm32f407xx.o(RESET) refers to stm32f4xx_it.o(i.UsageFault_Handler) for UsageFault_Handler
    startup_stm32f407xx.o(RESET) refers to stm32f4xx_it.o(i.SVC_Handler) for SVC_Handler
    startup_stm32f407xx.o(RESET) refers to stm32f4xx_it.o(i.DebugMon_Handler) for DebugMon_Handler
    startup_stm32f407xx.o(RESET) refers to stm32f4xx_it.o(i.PendSV_Handler) for PendSV_Handler
    startup_stm32f407xx.o(RESET) refers to stm32f4xx_it.o(i.SysTick_Handler) for SysTick_Handler
    startup_stm32f407xx.o(RESET) refers to my_tim.o(i.TIM3_IRQHandler) for TIM3_IRQHandler
    startup_stm32f407xx.o(RESET) refers to usmart.o(i.TIM4_IRQHandler) for TIM4_IRQHandler
    startup_stm32f407xx.o(RESET) refers to usart.o(i.USART1_IRQHandler) for USART1_IRQHandler
    startup_stm32f407xx.o(RESET) refers to my_tim.o(i.TIM6_DAC_IRQHandler) for TIM6_DAC_IRQHandler
    startup_stm32f407xx.o(RESET) refers to my_adc.o(i.DMA2_Stream4_IRQHandler) for DMA2_Stream4_IRQHandler
    startup_stm32f407xx.o(.text) refers (Special) to heapauxi.o(.text) for __use_two_region_memory
    startup_stm32f407xx.o(.text) refers to system_stm32f4xx.o(i.SystemInit) for SystemInit
    startup_stm32f407xx.o(.text) refers to __main.o(!!!main) for __main
    startup_stm32f407xx.o(.text) refers to startup_stm32f407xx.o(HEAP) for Heap_Mem
    startup_stm32f407xx.o(.text) refers to startup_stm32f407xx.o(STACK) for Stack_Mem
    main.o(i.MX_GPIO_Init) refers to rt_memclr_w.o(.text) for __aeabi_memclr4
    main.o(i.MX_GPIO_Init) refers to stm32f4xx_hal_gpio.o(i.HAL_GPIO_WritePin) for HAL_GPIO_WritePin
    main.o(i.MX_GPIO_Init) refers to stm32f4xx_hal_gpio.o(i.HAL_GPIO_Init) for HAL_GPIO_Init
    main.o(i.SystemClock_Config) refers to rt_memclr_w.o(.text) for __aeabi_memclr4
    main.o(i.SystemClock_Config) refers to stm32f4xx_hal_rcc.o(i.HAL_RCC_OscConfig) for HAL_RCC_OscConfig
    main.o(i.SystemClock_Config) refers to stm32f4xx_hal_rcc.o(i.HAL_RCC_ClockConfig) for HAL_RCC_ClockConfig
    main.o(i.main) refers to stm32f4xx_hal.o(i.HAL_Init) for HAL_Init
    main.o(i.main) refers to main.o(i.SystemClock_Config) for SystemClock_Config
    main.o(i.main) refers to main.o(i.MX_GPIO_Init) for MX_GPIO_Init
    main.o(i.main) refers to stm32f4xx_hal_cortex.o(i.HAL_NVIC_SetPriority) for HAL_NVIC_SetPriority
    main.o(i.main) refers to stm32f4xx_hal_cortex.o(i.HAL_NVIC_EnableIRQ) for HAL_NVIC_EnableIRQ
    main.o(i.main) refers to code.o(i.CODE_MAIN) for CODE_MAIN
    stm32f4xx_it.o(i.HardFault_Handler) refers to _printf_percent.o(.ARM.Collect$$_printf_percent$$00000000) for _printf_percent
    stm32f4xx_it.o(i.HardFault_Handler) refers to _printf_s.o(.ARM.Collect$$_printf_percent$$00000014) for _printf_s
    stm32f4xx_it.o(i.HardFault_Handler) refers to _printf_str.o(.text) for _printf_str
    stm32f4xx_it.o(i.HardFault_Handler) refers to noretval__2printf.o(.text) for __2printf
    stm32f4xx_it.o(i.HardFault_Handler) refers to rt_memcpy_w.o(.text) for __aeabi_memcpy4
    stm32f4xx_it.o(i.HardFault_Handler) refers to stm32f4xx_hal_cortex.o(i.HAL_NVIC_SystemReset) for HAL_NVIC_SystemReset
    stm32f4xx_it.o(i.HardFault_Handler) refers to stm32f4xx_it.o(.conststring) for .conststring
    stm32f4xx_it.o(i.SysTick_Handler) refers to stm32f4xx_hal.o(i.HAL_IncTick) for HAL_IncTick
    stm32f4xx_hal_adc.o(i.ADC_DMAConvCplt) refers to stm32f4xx_hal_adc.o(i.HAL_ADC_ErrorCallback) for HAL_ADC_ErrorCallback
    stm32f4xx_hal_adc.o(i.ADC_DMAConvCplt) refers to my_adc.o(i.HAL_ADC_ConvCpltCallback) for HAL_ADC_ConvCpltCallback
    stm32f4xx_hal_adc.o(i.ADC_DMAError) refers to stm32f4xx_hal_adc.o(i.HAL_ADC_ErrorCallback) for HAL_ADC_ErrorCallback
    stm32f4xx_hal_adc.o(i.ADC_DMAHalfConvCplt) refers to stm32f4xx_hal_adc.o(i.HAL_ADC_ConvHalfCpltCallback) for HAL_ADC_ConvHalfCpltCallback
    stm32f4xx_hal_adc.o(i.HAL_ADC_ConfigChannel) refers to system_stm32f4xx.o(.data) for SystemCoreClock
[...]
    __decompress1                            0x080001c5   Thumb Code     0  __dczerorl2.o(!!dczerorl2)
    __scatterload_zeroinit                   0x08000221   Thumb Code    28  __scatter_zi.o(!!handler_zi)
    _printf_f                                0x0800023d   Thumb Code     0  _printf_f.o(.ARM.Collect$$_printf_percent$$00000003)
    _printf_percent                          0x0800023d   Thumb Code     0  _printf_percent.o(.ARM.Collect$$_printf_percent$$00000000)
    _printf_e                                0x08000243   Thumb Code     0  _printf_e.o(.ARM.Collect$$_printf_percent$$00000004)
    _printf_g                                0x08000249   Thumb Code     0  _printf_g.o(.ARM.Collect$$_printf_percent$$00000005)
    _printf_a                                0x0800024f   Thumb Code     0  _printf_a.o(.ARM.Collect$$_printf_percent$$00000006)
    _printf_i                                0x08000255   Thumb Code     0  _printf_i.o(.ARM.Collect$$_printf_percent$$00000008)
    _printf_d                                0x0800025b   Thumb Code     0  _printf_d.o(.ARM.Collect$$_printf_percent$$00000009)
    _printf_u                                0x08000261   Thumb Code     0  _printf_u.o(.ARM.Collect$$_printf_percent$$0000000A)
    _printf_o                                0x08000267   Thumb Code     0  _printf_o.o(.ARM.Collect$$_printf_percent$$0000000B)
    _printf_x                                0x0800026d   Thumb Code     0  _printf_x.o(.ARM.Collect$$_printf_percent$$0000000C)
    _printf_l                                0x08000273   Thumb Code     0  _printf_l.o(.ARM.Collect$$_printf_percent$$00000012)
    _printf_c                                0x0800027d   Thumb Code     0  _printf_c.o(.ARM.Collect$$_printf_percent$$00000013)
    _printf_s                                0x08000283   Thumb Code     0  _printf_s.o(.ARM.Collect$$_printf_percent$$00000014)
    _printf_lc                               0x08000289   Thumb Code     0  _printf_lc.o(.ARM.Collect$$_printf_percent$$00000015)
    _printf_percent_end                      0x0800028f   Thumb Code     0  _printf_percent_end.o(.ARM.Collect$$_printf_percent$$00000017)
    __rt_lib_init                            0x08000293   Thumb Code     0  libinit.o(.ARM.Collect$$libinit$$00000000)
    __rt_lib_init_fp_1                       0x08000295   Thumb Code     0  libinit2.o(.ARM.Collect$$libinit$$00000001)
    __rt_lib_init_heap_1                     0x08000299   Thumb Code     0  libinit2.o(.ARM.Collect$$libinit$$0000000A)
    __rt_lib_init_lc_common                  0x08000299   Thumb Code     0  libinit2.o(.ARM.Collect$$libinit$$0000000F)
    __rt_lib_init_preinit_1                  0x08000299   Thumb Code     0  libinit2.o(.ARM.Collect$$libinit$$00000004)
    __rt_lib_init_rand_1                     0x08000299   Thumb Code     0  libinit2.o(.ARM.Collect$$libinit$$0000000E)
    __rt_lib_init_user_alloc_1               0x08000299   Thumb Code     0  libinit2.o(.ARM.Collect$$libinit$$0000000C)
    __rt_lib_init_lc_collate_1               0x0800029f   Thumb Code     0  libinit2.o(.ARM.Collect$$libinit$$00000011)
    __rt_lib_init_lc_ctype_2                 0x0800029f   Thumb Code     0  libinit2.o(.ARM.Collect$$libinit$$00000012)
    __rt_lib_init_lc_ctype_1                 0x080002ab   Thumb Code     0  libinit2.o(.ARM.Collect$$libinit$$00000013)
    __rt_lib_init_lc_monetary_1              0x080002ab   Thumb Code     0  libinit2.o(.ARM.Collect$$libinit$$00000015)
    __rt_lib_init_lc_numeric_2               0x080002ab   Thumb Code     0  libinit2.o(.ARM.Collect$$libinit$$00000016)
    __rt_lib_init_alloca_1                   0x080002b5   Thumb Code     0  libinit2.o(.ARM.Collect$$libinit$$0000002E)
    __rt_lib_init_argv_1                     0x080002b5   Thumb Code     0  libinit2.o(.ARM.Collect$$libinit$$0000002C)
    __rt_lib_init_atexit_1                   0x080002b5   Thumb Code     0  libinit2.o(.ARM.Collect$$libinit$$0000001B)
    __rt_lib_init_clock_1                    0x080002b5   Thumb Code     0  libinit2.o(.ARM.Collect$$libinit$$00000021)
    __rt_lib_init_cpp_1                      0x080002b5   Thumb Code     0  libinit2.o(.ARM.Collect$$libinit$$00000032)
    __rt_lib_init_exceptions_1               0x080002b5   Thumb Code     0  libinit2.o(.ARM.Collect$$libinit$$00000030)
    __rt_lib_init_fp_trap_1                  0x080002b5   Thumb Code     0  libinit2.o(.ARM.Collect$$libinit$$0000001F)
    __rt_lib_init_getenv_1                   0x080002b5   Thumb Code     0  libinit2.o(.ARM.Collect$$libinit$$00000023)
    __rt_lib_init_lc_numeric_1               0x080002b5   Thumb Code     0  libinit2.o(.ARM.Collect$$libinit$$00000017)
    __rt_lib_init_lc_time_1                  0x080002b5   Thumb Code     0  libinit2.o(.ARM.Collect$$libinit$$00000019)
    __rt_lib_init_return                     0x080002b5   Thumb Code     0  libinit2.o(.ARM.Collect$$libinit$$00000033)
    __rt_lib_init_signal_1                   0x080002b5   Thumb Code     0  libinit2.o(.ARM.Collect$$libinit$$0000001D)
    __rt_lib_init_stdio_1                    0x080002b5   Thumb Code     0  libinit2.o(.ARM.Collect$$libinit$$00000025)
    __rt_lib_shutdown                        0x080002b7   Thumb Code     0  libshutdown.o(.ARM.Collect$$libshutdown$$00000000)
    __rt_lib_shutdown_cpp_1                  0x080002b9   Thumb Code     0  libshutdown2.o(.ARM.Collect$$libshutdown$$00000002)
    __rt_lib_shutdown_fp_trap_1              0x080002b9   Thumb Code     0  libshutdown2.o(.ARM.Collect$$libshutdown$$00000007)
    __rt_lib_shutdown_heap_1                 0x080002b9   Thumb Code     0  libshutdown2.o(.ARM.Collect$$libshutdown$$0000000F)
    __rt_lib_shutdown_return                 0x080002b9   Thumb Code     0  libshutdown2.o(.ARM.Collect$$libshutdown$$00000010)
    __rt_lib_shutdown_signal_1               0x080002b9   Thumb Code     0  libshutdown2.o(.ARM.Collect$$libshutdown$$0000000A)
    __rt_lib_shutdown_stdio_1                0x080002b9   Thumb Code     0  libshutdown2.o(.ARM.Collect$$libshutdown$$00000004)
    __rt_lib_shutdown_user_alloc_1           0x080002b9   Thumb Code     0  libshutdown2.o(.ARM.Collect$$libshutdown$$0000000C)
    __rt_entry                               0x080002bb   Thumb Code     0  __rtentry.o(.ARM.Collect$$rtentry$$00000000)
    __rt_entry_presh_1                       0x080002bb   Thumb Code     0  __rtentry2.o(.ARM.Collect$$rtentry$$00000002)
    __rt_entry_sh                            0x080002bb   Thumb Code     0  __rtentry4.o(.ARM.Collect$$rtentry$$00000004)
    __rt_entry_li                            0x080002c1   Thumb Code     0  __rtentry2.o(.ARM.Collect$$rtentry$$0000000A)
    __rt_entry_postsh_1                      0x080002c1   Thumb Code     0  __rtentry2.o(.ARM.Collect$$rtentry$$00000009)
    __rt_entry_main                          0x080002c5   Thumb Code     0  __rtentry2.o(.ARM.Collect$$rtentry$$0000000D)
    __rt_entry_postli_1                      0x080002c5   Thumb Code     0  __rtentry2.o(.ARM.Collect$$rtentry$$0000000C)
    __rt_exit                                0x080002cd   Thumb Code     0  rtexit.o(.ARM.Collect$$rtexit$$00000000)
    __rt_exit_ls                             0x080002cf   Thumb Code     0  rtexit2.o(.ARM.Collect$$rtexit$$00000003)
    __rt_exit_prels_1                        0x080002cf   Thumb Code     0  rtexit2.o(.ARM.Collect$$rtexit$$00000002)
    __rt_exit_exit                           0x080002d3   Thumb Code     0  rtexit2.o(.ARM.Collect$$rtexit$$00000004)
    Reset_Handler                            0x080002d9   Thumb Code     8  startup_stm32f407xx.o(.text)
    ADC_IRQHandler                           0x080002f3   Thumb Code     0  startup_stm32f407xx.o(.text)
    CAN1_RX0_IRQHandler                      0x080002f3   Thumb Code     0  startup_stm32f407xx.o(.text)
    CAN1_RX1_IRQHandler                      0x080002f3   Thumb Code     0  startup_stm32f407xx.o(.text)
    CAN1_SCE_IRQHandler                      0x080002f3   Thumb Code     0  startup_stm32f407xx.o(.text)
    CAN1_TX_IRQHandler                       0x080002f3   Thumb Code     0  startup_stm32f407xx.o(.text)
    CAN2_RX0_IRQHandler                      0x080002f3   Thumb Code     0  startup_stm32f407xx.o(.text)
    CAN2_RX1_IRQHandler                      0x080002f3   Thumb Code     0  startup_stm32f407xx.o(.text)
    CAN2_SCE_IRQHandler                      0x080002f3   Thumb Code     0  startup_stm32f407xx.o(.text)
    CAN2_TX_IRQHandler                       0x080002f3   Thumb Code     0  startup_stm32f407xx.o(.text)
    DCMI_IRQHandler                          0x080002f3   Thumb Code     0  startup_stm32f407xx.o(.text)
    DMA1_Stream0_IRQHandler                  0x080002f3   Thumb Code     0  startup_stm32f407xx.o(.text)
    DMA1_Stream1_IRQHandler                  0x080002f3   Thumb Code     0  startup_stm32f407xx.o(.text)
    DMA1_Stream2_IRQHandler                  0x080002f3   Thumb Code     0  startup_stm32f407xx.o(.text)
    DMA1_Stream3_IRQHandler                  0x080002f3   Thumb Code     0  startup_stm32f407xx.o(.text)
    DMA1_Stream4_IRQHandler                  0x080002f3   Thumb Code     0  startup_stm32f407xx.o(.text)
    DMA1_Stream5_IRQHandler                  0x080002f3   Thumb Code     0  startup_stm32f407xx.o(.text)
    DMA1_Stream6_IRQHandler                  0x080002f3   Thumb Code     0  startup_stm32f407xx.o(.text)
    DMA1_Stream7_IRQHandler                  0x080002f3   Thumb Code     0  startup_stm32f407xx.o(.text)
    DMA2_Stream0_IRQHandler                  0x080002f3   Thumb Code     0  startup_stm32f407xx.o(.text)
    DMA2_Stream1_IRQHandler                  0x080002f3   Thumb Code     0  startup_stm32f407xx.o(.text)
    DMA2_Stream2_IRQHandler                  0x080002f3   Thumb Code     0  startup_stm32f407xx.o(.text)
    DMA2_Stream3_IRQHandler                  0x080002f3   Thumb Code     0  startup_stm32f407xx.o(.text)
    DMA2_Stream5_IRQHandler                  0x080002f3   Thumb Code     0  startup_stm32f407xx.o(.text)
    DMA2_Stream6_IRQHandler                  0x080002f3   Thumb Code     0  startup_stm32f407xx.o(.text)
    DMA2_Stream7_IRQHandler                  0x080002f3   Thumb Code     0  startup_stm32f407xx.o(.text)
    ETH_IRQHandler                           0x080002f3   Thumb Code     0  startup_stm32f407xx.o(.text)
    ETH_WKUP_IRQHandler                      0x080002f3   Thumb Code     0  startup_stm32f407xx.o(.text)
    EXTI0_IRQHandler                         0x080002f3   Thumb Code     0  startup_stm32f407xx.o(.text)
    EXTI15_10_IRQHandler                     0x080002f3   Thumb Code     0  startup_stm32f407xx.o(.text)
    EXTI1_IRQHandler                         0x080002f3   Thumb Code     0  startup_stm32f407xx.o(.text)
    EXTI2_IRQHandler                         0x080002f3   Thumb Code     0  startup_stm32f407xx.o(.text)
    EXTI3_IRQHandler                         0x080002f3   Thumb Code     0  startup_stm32f407xx.o(.text)
    EXTI4_IRQHandler                         0x080002f3   Thumb Code     0  startup_stm32f407xx.o(.text)
    EXTI9_5_IRQHandler                       0x080002f3   Thumb Code     0  startup_stm32f407xx.o(.text)
    FLASH_IRQHandler                         0x080002f3   Thumb Code     0  startup_stm32f407xx.o(.text)
    FMC_IRQHandler                           0x080002f3   Thumb Code     0  startup_stm32f407xx.o(.text)
    FPU_IRQHandler                           0x080002f3   Thumb Code     0  startup_stm32f407xx.o(.text)
    HASH_RNG_IRQHandler                      0x080002f3   Thumb Code     0  startup_stm32f407xx.o(.text)
    I2C1_ER_IRQHandler                       0x080002f3   Thumb Code     0  startup_stm32f407xx.o(.text)
    I2C1_EV_IRQHandler                       0x080002f3   Thumb Code     0  startup_stm32f407xx.o(.text)
    I2C2_ER_IRQHandler                       0x080002f3   Thumb Code     0  startup_stm32f407xx.o(.text)
    I2C2_EV_IRQHandler                       0x080002f3   Thumb Code     0  startup_stm32f407xx.o(.text)
    I2C3_ER_IRQHandler                       0x080002f3   Thumb Code     0  startup_stm32f407xx.o(.text)
    I2C3_EV_IRQHandler                       0x080002f3   Thumb Code     0  startup_stm32f407xx.o(.text)
    OTG_FS_IRQHandler                        0x080002f3   Thumb Code     0  startup_stm32f407xx.o(.text)
    OTG_FS_WKUP_IRQHandler                   0x080002f3   Thumb Code     0  startup_stm32f407xx.o(.text)
    OTG_HS_EP1_IN_IRQHandler                 0x080002f3   Thumb Code     0  startup_stm32f407xx.o(.text)
    OTG_HS_EP1_OUT_IRQHandler                0x080002f3   Thumb Code     0  startup_stm32f407xx.o(.text)
    OTG_HS_IRQHandler                        0x080002f3   Thumb Code     0  startup_stm32f407xx.o(.text)
    OTG_HS_WKUP_IRQHandler                   0x080002f3   Thumb Code     0  startup_stm32f407xx.o(.text)
    PVD_IRQHandler                           0x080002f3   Thumb Code     0  startup_stm32f407xx.o(.text)
    RCC_IRQHandler                           0x080002f3   Thumb Code     0  startup_stm32f407xx.o(.text)
    RTC_Alarm_IRQHandler                     0x080002f3   Thumb Code     0  startup_stm32f407xx.o(.text)
    RTC_WKUP_IRQHandler                      0x080002f3   Thumb Code     0  startup_stm32f407xx.o(.text)
    SDIO_IRQHandler                          0x080002f3   Thumb Code     0  startup_stm32f407xx.o(.text)
    SPI1_IRQHandler                          0x080002f3   Thumb Code     0  startup_stm32f407xx.o(.text)
    SPI2_IRQHandler                          0x080002f3   Thumb Code     0  startup_stm32f407xx.o(.text)
    SPI3_IRQHandler                          0x080002f3   Thumb Code     0  startup_stm32f407xx.o(.text)
    TAMP_STAMP_IRQHandler                    0x080002f3   Thumb Code     0  startup_stm32f407xx.o(.text)
    TIM1_BRK_TIM9_IRQHandler                 0x080002f3   Thumb Code     0  startup_stm32f407xx.o(.text)
    TIM1_CC_IRQHandler                       0x080002f3   Thumb Code     0  startup_stm32f407xx.o(.text)
    TIM1_TRG_COM_TIM11_IRQHandler            0x080002f3   Thumb Code     0  startup_stm32f407xx.o(.text)
    TIM1_UP_TIM10_IRQHandler                 0x080002f3   Thumb Code     0  startup_stm32f407xx.o(.text)
    TIM2_IRQHandler                          0x080002f3   Thumb Code     0  startup_stm32f407xx.o(.text)
    TIM5_IRQHandler                          0x080002f3   Thumb Code     0  startup_stm32f407xx.o(.text)
    TIM7_IRQHandler                          0x080002f3   Thumb Code     0  startup_stm32f407xx.o(.text)
    TIM8_BRK_TIM12_IRQHandler                0x080002f3   Thumb Code     0  startup_stm32f407xx.o(.text)
    TIM8_CC_IRQHandler                       0x080002f3   Thumb Code     0  startup_stm32f407xx.o(.text)
    TIM8_TRG_COM_TIM14_IRQHandler            0x080002f3   Thumb Code     0  startup_stm32f407xx.o(.text)
    TIM8_UP_TIM13_IRQHandler                 0x080002f3   Thumb Code     0  startup_stm32f407xx.o(.text)
    UART4_IRQHandler                         0x080002f3   Thumb Code     0  startup_stm32f407xx.o(.text)
    UART5_IRQHandler                         0x080002f3   Thumb Code     0  startup_stm32f407xx.o(.text)
    USART2_IRQHandler                        0x080002f3   Thumb Code     0  startup_stm32f407xx.o(.text)
    USART3_IRQHandler                        0x080002f3   Thumb Code     0  startup_stm32f407xx.o(.text)
    USART6_IRQHandler                        0x080002f3   Thumb Code     0  startup_stm32f407xx.o(.text)
    WWDG_IRQHandler                          0x080002f3   Thumb Code     0  startup_stm32f407xx.o(.text)
    __user_initial_stackheap                 0x080002f5   Thumb Code     0  startup_stm32f407xx.o(.text)
    __use_no_semihosting                     0x08000319   Thumb Code     2  use_no_semi_2.o(.text)
    __aeabi_uldivmod                         0x0800031b   Thumb Code     0  lludivv7m.o(.text)
    _ll_udiv                                 0x0800031b   Thumb Code   238  lludivv7m.o(.text)
    __2printf                                0x08000409   Thumb Code    20  noretval__2printf.o(.text)
    __2snprintf                              0x08000421   Thumb Code    48  noretval__2snprintf.o(.text)
    _printf_pre_padding                      0x08000455   Thumb Code    44  _printf_pad.o(.text)
    _printf_post_padding                     0x08000481   Thumb Code    34  _printf_pad.o(.text)
    _printf_truncate_signed                  0x080004a3   Thumb Code    18  _printf_truncate.o(.text)
    _printf_truncate_unsigned                0x080004b5   Thumb Code    18  _printf_truncate.o(.text)
    _printf_str                              0x080004c7   Thumb Code    82  _printf_str.o(.text)
    _printf_int_dec                          0x08000519   Thumb Code   104  _printf_dec.o(.text)
    _printf_wctomb                           0x08000591   Thumb Code   182  _printf_wctomb.o(.text)
    _printf_int_oct                          0x0800064d   Thumb Code    74  _printf_oct_int.o(.text)
    _printf_longlong_oct                     0x0800064d   Thumb Code     0  _printf_oct_int.o(.text)
    _printf_int_hex                          0x080006a1   Thumb Code    84  _printf_hex_int.o(.text)
    _printf_longlong_hex                     0x080006a1   Thumb Code     0  _printf_hex_int.o(.text)
    __printf                                 0x080006f9   Thumb Code   388  __printf_flags_ss_wp.o(.text)
    strcat                                   0x08000881   Thumb Code    24  strcat.o(.text)
    __aeabi_memcpy4                          0x08000899   Thumb Code     0  rt_memcpy_w.o(.text)
    __aeabi_memcpy8                          0x08000899   Thumb Code     0  rt_memcpy_w.o(.text)
    __rt_memcpy_w                            0x08000899   Thumb Code   100  rt_memcpy_w.o(.text)
    _memcpy_lastbytes_aligned                0x080008e1   Thumb Code     0  rt_memcpy_w.o(.text)
    __aeabi_memclr4                          0x080008fd   Thumb Code     0  rt_memclr_w.o(.text)
    __aeabi_memclr8                          0x080008fd   Thumb Code     0  rt_memclr_w.o(.text)
    __rt_memclr_w                            0x080008fd   Thumb Code    78  rt_memclr_w.o(.text)
    _memset_w                                0x08000901   Thumb Code     0  rt_memclr_w.o(.text)
    strcmp                                   0x0800094d   Thumb Code   128  strcmpv7m.o(.text)
    __use_two_region_memory                  0x080009cd   Thumb Code     2  heapauxi.o(.text)
    __rt_heap_escrow$2region                 0x080009cf   Thumb Code     2  heapauxi.o(.text)
    __rt_heap_expand$2region                 0x080009d1   Thumb Code     2  heapauxi.o(.text)
    __I$use$semihosting                      0x080009d3   Thumb Code     0  use_no_semi.o(.text)
    __use_no_semihosting_swi                 0x080009d3   Thumb Code     2  use_no_semi.o(.text)
    __read_errno                             0x080009d5   Thumb Code    10  _rserrno.o(.text)
    __set_errno                              0x080009df   Thumb Code    12  _rserrno.o(.text)
    _printf_int_common                       0x080009eb   Thumb Code   178  _printf_intcommon.o(.text)
    __lib_sel_fp_printf                      0x08000a9d   Thumb Code     2  _printf_fp_dec.o(.text)
    _printf_fp_dec_real                      0x08000c4b   Thumb Code   620  _printf_fp_dec.o(.text)
    _printf_fp_hex_real                      0x08000eb9   Thumb Code   756  _printf_fp_hex.o(.text)
    _printf_char_common                      0x080011bf   Thumb Code    32  _printf_char_common.o(.text)
    _sputc                                   0x080011e5   Thumb Code    10  _sputc.o(.text)
    _snputc                                  0x080011ef   Thumb Code    16  _snputc.o(.text)
    _printf_cs_common                        0x080011ff   Thumb Code    20  _printf_char.o(.text)
    _printf_char                             0x08001213   Thumb Code    16  _printf_char.o(.text)
    _printf_string                           0x08001223   Thumb Code     8  _printf_char.o(.text)
    _printf_char_file                        0x0800122d   Thumb Code    32  _printf_char_file.o(.text)
    _printf_lcs_common                       0x08001251   Thumb Code    20  _printf_wchar.o(.text)
    _printf_wchar                            0x08001265   Thumb Code    16  _printf_wchar.o(.text)
    _printf_wstring                          0x08001275   Thumb Code     8  _printf_wchar.o(.text)
    _wcrtomb                                 0x0800127d   Thumb Code    64  _wcrtomb.o(.text)
    __rt_ctype_table                         0x080012bd   Thumb Code    16  rt_ctype_table.o(.text)
    __rt_locale                              0x080012cd   Thumb Code     8  rt_locale_intlibspace.o(.text)
    __aeabi_errno_addr                       0x080012d5   Thumb Code     8  rt_errno_addr_intlibspace.o(.text)
    __errno$intlibspace                      0x080012d5   Thumb Code     0  rt_errno_addr_intlibspace.o(.text)
    __rt_errno_addr$intlibspace              0x080012d5   Thumb Code     0  rt_errno_addr_intlibspace.o(.text)
    _ll_udiv10                               0x080012dd   Thumb Code   138  lludiv10.o(.text)
    _printf_fp_infnan                        0x08001369   Thumb Code   112  _printf_fp_infnan.o(.text)
    _btod_etento                             0x080013e9   Thumb Code   216  bigflt0.o(.text)
    ferror                                   0x080014c5   Thumb Code     8  ferror.o(.text)
    __user_libspace                          0x080014cd   Thumb Code     8  libspace.o(.text)
    __user_perproc_libspace                  0x080014cd   Thumb Code     0  libspace.o(.text)
    __user_perthread_libspace                0x080014cd   Thumb Code     0  libspace.o(.text)
    __user_setup_stackheap                   0x080014d5   Thumb Code    74  sys_stackheap_outer.o(.text)
    exit                                     0x0800151f   Thumb Code    18  exit.o(.text)
    _btod_d2e                                0x08001531   Thumb Code    62  btod.o(CL$$btod_d2e)
    _d2e_denorm_low                          0x0800156f   Thumb Code    70  btod.o(CL$$btod_d2e_denorm_low)
    _d2e_norm_op1                            0x080015b5   Thumb Code    96  btod.o(CL$$btod_d2e_norm_op1)
    __btod_div_common                        0x08001615   Thumb Code   696  btod.o(CL$$btod_div_common)
    _e2e                                     0x0800194d   Thumb Code   198  btod.o(CL$$btod_e2e)
    _btod_ediv                               0x08001a13   Thumb Code    40  btod.o(CL$$btod_ediv)
    _btod_emul                               0x08001a3b   Thumb Code    40  btod.o(CL$$btod_emul)
    __btod_mult_common                       0x08001a63   Thumb Code   580  btod.o(CL$$btod_mult_common)
    BusFault_Handler                         0x08001e5d   Thumb Code     2  stm32f4xx_it.o(i.BusFault_Handler)
    CODE_INIT                                0x08001e5f   Thumb Code    72  code.o(i.CODE_INIT)
    CODE_MAIN                                0x08001ea9   Thumb Code    24  code.o(i.CODE_MAIN)
    DMA2_Stream4_IRQHandler                  0x08001ee9   Thumb Code     6  my_adc.o(i.DMA2_Stream4_IRQHandler)
    DebugMon_Handler                         0x08001f99   Thumb Code     2  stm32f4xx_it.o(i.DebugMon_Handler)
    Error_Handler                            0x08001f9b   Thumb Code     4  main.o(i.Error_Handler)
    HAL_ADC_ConfigChannel                    0x08001fa1   Thumb Code   316  stm32f4xx_hal_adc.o(i.HAL_ADC_ConfigChannel)
    HAL_ADC_ConvCpltCallback                 0x080020ed   Thumb Code   212  my_adc.o(i.HAL_ADC_ConvCpltCallback)
    HAL_ADC_ConvHalfCpltCallback             0x080021e9   Thumb Code     2  stm32f4xx_hal_adc.o(i.HAL_ADC_ConvHalfCpltCallback)
    HAL_ADC_ErrorCallback                    0x080021eb   Thumb Code     2  stm32f4xx_hal_adc.o(i.HAL_ADC_ErrorCallback)
    HAL_ADC_Init                             0x080021ed   Thumb Code    84  stm32f4xx_hal_adc.o(i.HAL_ADC_Init)
    HAL_ADC_MspInit                          0x08002241   Thumb Code     2  stm32f4xx_hal_adc.o(i.HAL_ADC_MspInit)
    HAL_ADC_Start_DMA                        0x08002245   Thumb Code   302  stm32f4xx_hal_adc.o(i.HAL_ADC_Start_DMA)
    HAL_ADC_Stop_DMA                         0x08002399   Thumb Code   108  stm32f4xx_hal_adc.o(i.HAL_ADC_Stop_DMA)
    HAL_DMA_Abort                            0x08002405   Thumb Code   146  stm32f4xx_hal_dma.o(i.HAL_DMA_Abort)
    HAL_DMA_Abort_IT                         0x08002497   Thumb Code    36  stm32f4xx_hal_dma.o(i.HAL_DMA_Abort_IT)
    HAL_DMA_IRQHandler                       0x080024bd   Thumb Code   412  stm32f4xx_hal_dma.o(i.HAL_DMA_IRQHandler)
    HAL_DMA_Init                             0x0800265d   Thumb Code   206  stm32f4xx_hal_dma.o(i.HAL_DMA_Init)
    HAL_DMA_Start_IT                         0x08002731   Thumb Code   110  stm32f4xx_hal_dma.o(i.HAL_DMA_Start_IT)
    HAL_GPIO_Init                            0x080027a1   Thumb Code   450  stm32f4xx_hal_gpio.o(i.HAL_GPIO_Init)
    HAL_GPIO_TogglePin                       0x08002991   Thumb Code    16  stm32f4xx_hal_gpio.o(i.HAL_GPIO_TogglePin)
    HAL_GPIO_WritePin                        0x080029a1   Thumb Code    10  stm32f4xx_hal_gpio.o(i.HAL_GPIO_WritePin)
    HAL_GetTick                              0x080029ad   Thumb Code     6  stm32f4xx_hal.o(i.HAL_GetTick)
    HAL_IncTick                              0x080029b9   Thumb Code    12  stm32f4xx_hal.o(i.HAL_IncTick)
    HAL_Init                                 0x080029c9   Thumb Code    48  stm32f4xx_hal.o(i.HAL_Init)
    HAL_InitTick                             0x080029fd   Thumb Code    54  stm32f4xx_hal.o(i.HAL_InitTick)
    HAL_MspInit                              0x08002a3d   Thumb Code     2  stm32f4xx_hal.o(i.HAL_MspInit)
    HAL_NVIC_EnableIRQ                       0x08002a3f   Thumb Code    26  stm32f4xx_hal_cortex.o(i.HAL_NVIC_EnableIRQ)
    HAL_NVIC_SetPriority                     0x08002a59   Thumb Code    60  stm32f4xx_hal_cortex.o(i.HAL_NVIC_SetPriority)
    HAL_NVIC_SetPriorityGrouping             0x08002a99   Thumb Code    26  stm32f4xx_hal_cortex.o(i.HAL_NVIC_SetPriorityGrouping)
    HAL_NVIC_SystemReset                     0x08002abd   Thumb Code    26  stm32f4xx_hal_cortex.o(i.HAL_NVIC_SystemReset)
    HAL_RCC_ClockConfig                      0x08002ae1   Thumb Code   288  stm32f4xx_hal_rcc.o(i.HAL_RCC_ClockConfig)
    HAL_RCC_GetPCLK1Freq                     0x08002c15   Thumb Code    20  stm32f4xx_hal_rcc.o(i.HAL_RCC_GetPCLK1Freq)
    HAL_RCC_GetPCLK2Freq                     0x08002c35   Thumb Code    20  stm32f4xx_hal_rcc.o(i.HAL_RCC_GetPCLK2Freq)
    HAL_RCC_GetSysClockFreq                  0x08002c55   Thumb Code    88  stm32f4xx_hal_rcc.o(i.HAL_RCC_GetSysClockFreq)
    HAL_RCC_OscConfig                        0x08002cb5   Thumb Code   856  stm32f4xx_hal_rcc.o(i.HAL_RCC_OscConfig)
    HAL_SYSTICK_CLKSourceConfig              0x08003021   Thumb Code    24  stm32f4xx_hal_cortex.o(i.HAL_SYSTICK_CLKSourceConfig)
    HAL_SYSTICK_Config                       0x08003039   Thumb Code    40  stm32f4xx_hal_cortex.o(i.HAL_SYSTICK_Config)
    HAL_TIMEx_BreakCallback                  0x08003061   Thumb Code     2  stm32f4xx_hal_tim_ex.o(i.HAL_TIMEx_BreakCallback)
    HAL_TIMEx_CommutCallback                 0x08003063   Thumb Code     2  stm32f4xx_hal_tim_ex.o(i.HAL_TIMEx_CommutCallback)
    HAL_TIMEx_ConfigBreakDeadTime            0x08003065   Thumb Code    84  stm32f4xx_hal_tim_ex.o(i.HAL_TIMEx_ConfigBreakDeadTime)
    HAL_TIMEx_PWMN_Start                     0x080030b9   Thumb Code   164  stm32f4xx_hal_tim_ex.o(i.HAL_TIMEx_PWMN_Start)
    HAL_TIMEx_PWMN_Stop                      0x08003179   Thumb Code   104  stm32f4xx_hal_tim_ex.o(i.HAL_TIMEx_PWMN_Stop)
    HAL_TIM_Base_Init                        0x080031e1   Thumb Code    90  stm32f4xx_hal_tim.o(i.HAL_TIM_Base_Init)
    HAL_TIM_Base_MspInit                     0x0800323d   Thumb Code    50  my_tim.o(i.HAL_TIM_Base_MspInit)
    HAL_TIM_Base_Start_IT                    0x08003279   Thumb Code   100  stm32f4xx_hal_tim.o(i.HAL_TIM_Base_Start_IT)
    HAL_TIM_Encoder_Init                     0x080032f9   Thumb Code   164  stm32f4xx_hal_tim.o(i.HAL_TIM_Encoder_Init)
    HAL_TIM_Encoder_MspInit                  0x0800339d   Thumb Code   144  my_tim.o(i.HAL_TIM_Encoder_MspInit)
    HAL_TIM_Encoder_Start                    0x08003439   Thumb Code   142  stm32f4xx_hal_tim.o(i.HAL_TIM_Encoder_Start)
    HAL_TIM_IC_CaptureCallback               0x080034c7   Thumb Code     2  stm32f4xx_hal_tim.o(i.HAL_TIM_IC_CaptureCallback)
    HAL_TIM_IRQHandler                       0x080034c9   Thumb Code   304  stm32f4xx_hal_tim.o(i.HAL_TIM_IRQHandler)
    HAL_TIM_OC_DelayElapsedCallback          0x080035f9   Thumb Code     2  stm32f4xx_hal_tim.o(i.HAL_TIM_OC_DelayElapsedCallback)
    HAL_TIM_PWM_ConfigChannel                0x080035fb   Thumb Code   204  stm32f4xx_hal_tim.o(i.HAL_TIM_PWM_ConfigChannel)
    HAL_TIM_PWM_Init                         0x080036c7   Thumb Code    90  stm32f4xx_hal_tim.o(i.HAL_TIM_PWM_Init)
    HAL_TIM_PWM_MspInit                      0x08003721   Thumb Code   112  my_tim.o(i.HAL_TIM_PWM_MspInit)
    HAL_TIM_PWM_PulseFinishedCallback        0x080037a1   Thumb Code     2  stm32f4xx_hal_tim.o(i.HAL_TIM_PWM_PulseFinishedCallback)
    HAL_TIM_PWM_Start                        0x080037a5   Thumb Code   172  stm32f4xx_hal_tim.o(i.HAL_TIM_PWM_Start)
    HAL_TIM_PWM_Stop                         0x0800386d   Thumb Code   114  stm32f4xx_hal_tim.o(i.HAL_TIM_PWM_Stop)
    HAL_TIM_PeriodElapsedCallback            0x080038e9   Thumb Code    60  my_tim.o(i.HAL_TIM_PeriodElapsedCallback)
    HAL_TIM_TriggerCallback                  0x08003935   Thumb Code     2  stm32f4xx_hal_tim.o(i.HAL_TIM_TriggerCallback)
    HAL_UARTEx_RxEventCallback               0x08003937   Thumb Code     2  stm32f4xx_hal_uart.o(i.HAL_UARTEx_RxEventCallback)
    HAL_UART_ErrorCallback                   0x08003939   Thumb Code     2  stm32f4xx_hal_uart.o(i.HAL_UART_ErrorCallback)
    HAL_UART_GetState                        0x0800393b   Thumb Code    10  stm32f4xx_hal_uart.o(i.HAL_UART_GetState)
    HAL_UART_IRQHandler                      0x08003945   Thumb Code   618  stm32f4xx_hal_uart.o(i.HAL_UART_IRQHandler)
    HAL_UART_Init                            0x08003bb5   Thumb Code   100  stm32f4xx_hal_uart.o(i.HAL_UART_Init)
    HAL_UART_MspInit                         0x08003c19   Thumb Code   106  usart.o(i.HAL_UART_MspInit)
    HAL_UART_Receive_IT                      0x08003c8d   Thumb Code    28  stm32f4xx_hal_uart.o(i.HAL_UART_Receive_IT)
    HAL_UART_RxCpltCallback                  0x08003ca9   Thumb Code    76  usart.o(i.HAL_UART_RxCpltCallback)
    HAL_UART_TxCpltCallback                  0x08003d01   Thumb Code     2  stm32f4xx_hal_uart.o(i.HAL_UART_TxCpltCallback)
    HardFault_Handler                        0x08003d05   Thumb Code    48  stm32f4xx_it.o(i.HardFault_Handler)
    ITM_SendString                           0x08003d71   Thumb Code    46  my_string.o(i.ITM_SendString)
    LED_APP_Toggle                           0x08003da5   Thumb Code     8  my_led.o(i.LED_APP_Toggle)
    MemManage_Handler                        0x08003e81   Thumb Code     2  stm32f4xx_it.o(i.MemManage_Handler)
    NMI_Handler                              0x08003e83   Thumb Code     2  stm32f4xx_it.o(i.NMI_Handler)
    PendSV_Handler                           0x08003e85   Thumb Code     2  stm32f4xx_it.o(i.PendSV_Handler)
    SVC_Handler                              0x08003e87   Thumb Code     2  stm32f4xx_it.o(i.SVC_Handler)
    SysTick_Handler                          0x08003e89   Thumb Code     4  stm32f4xx_it.o(i.SysTick_Handler)
    SystemClock_Config                       0x08003e8d   Thumb Code   142  main.o(i.SystemClock_Config)
    SystemInit                               0x08003f25   Thumb Code    12  system_stm32f4xx.o(i.SystemInit)
    TIM3_IRQHandler                          0x08003f35   Thumb Code     6  my_tim.o(i.TIM3_IRQHandler)
    TIM4_IRQHandler                          0x08003f41   Thumb Code    44  usmart.o(i.TIM4_IRQHandler)
    TIM6_DAC_IRQHandler                      0x08003f75   Thumb Code     6  my_tim.o(i.TIM6_DAC_IRQHandler)
    TIM_Base_SetConfig                       0x08003f81   Thumb Code   170  stm32f4xx_hal_tim.o(i.TIM_Base_SetConfig)
    TIM_CCxChannelCmd                        0x08004059   Thumb Code    26  stm32f4xx_hal_tim.o(i.TIM_CCxChannelCmd)
    TIM_OC2_SetConfig                        0x080040ed   Thumb Code    98  stm32f4xx_hal_tim.o(i.TIM_OC2_SetConfig)
    Timer4_Init                              0x08004211   Thumb Code    72  usmart.o(i.Timer4_Init)
    UART_Start_Receive_IT                    0x08004491   Thumb Code    54  stm32f4xx_hal_uart.o(i.UART_Start_Receive_IT)
    USART1_IRQHandler                        0x080044c9   Thumb Code    34  usart.o(i.USART1_IRQHandler)
    UsageFault_Handler                       0x080044f5   Thumb Code     2  stm32f4xx_it.o(i.UsageFault_Handler)
    __ARM_fpclassify                         0x080044f7   Thumb Code    48  fpclassify.o(i.__ARM_fpclassify)
    __hardfp_log                             0x08004549   Thumb Code   872  log.o(i.__hardfp_log)
    __kernel_poly                            0x0800490d   Thumb Code   248  poly.o(i.__kernel_poly)
    __mathlib_dbl_divzero                    0x08004a09   Thumb Code    28  dunder.o(i.__mathlib_dbl_divzero)
    __mathlib_dbl_infnan                     0x08004a39   Thumb Code    20  dunder.o(i.__mathlib_dbl_infnan)
    __mathlib_dbl_invalid                    0x08004a51   Thumb Code    24  dunder.o(i.__mathlib_dbl_invalid)
    _is_digit                                0x08004a71   Thumb Code    14  __printf_wp.o(i._is_digit)
    _sys_exit                                0x08004a7f   Thumb Code     2  usart.o(i._sys_exit)
    adc_init                                 0x08004a81   Thumb Code   104  my_adc.o(i.adc_init)
    adc_nch_dma_init                         0x08004af5   Thumb Code   226  my_adc.o(i.adc_nch_dma_init)
    atim_timx_cplm_pwm_init                  0x08004bf1   Thumb Code    94  my_tim.o(i.atim_timx_cplm_pwm_init)
    btim_timx_int_init                       0x08004c59   Thumb Code    40  my_tim.o(i.btim_timx_int_init)
    calc_adc_val                             0x08004c89   Thumb Code    66  my_adc.o(i.calc_adc_val)
    dcmotor_dir                              0x08004cd1   Thumb Code    52  my_motor.o(i.dcmotor_dir)
    dcmotor_init                             0x08004d09   Thumb Code    82  my_motor.o(i.dcmotor_init)
    dcmotor_speed                            0x08004d65   Thumb Code    16  my_motor.o(i.dcmotor_speed)
    dcmotor_start                            0x08004d79   Thumb Code    10  my_motor.o(i.dcmotor_start)
    dcmotor_stop                             0x08004d89   Thumb Code    34  my_motor.o(i.dcmotor_stop)
    delay_init                               0x08004db5   Thumb Code    16  delay.o(i.delay_init)
    delay_ms                                 0x08004dc9   Thumb Code    26  delay.o(i.delay_ms)
    delay_us                                 0x08004de5   Thumb Code    48  delay.o(i.delay_us)
    fputc                                    0x08004e19   Thumb Code    48  usart.o(i.fputc)
    get_temp                                 0x08004e51   Thumb Code   112  my_adc.o(i.get_temp)
    gtim_get_encode                          0x08004ee1   Thumb Code    16  my_tim.o(i.gtim_get_encode)
    gtim_timx_encoder_chy_init               0x08004ef9   Thumb Code    88  my_tim.o(i.gtim_timx_encoder_chy_init)
    increment_pid_ctrl                       0x08004f59   Thumb Code   128  my_pid.o(i.increment_pid_ctrl)
    init_debug_printf_usart6                 0x08004fdd   Thumb Code   174  my_string.o(i.init_debug_printf_usart6)
    integral_limit                           0x080050b9   Thumb Code    44  my_pid.o(i.integral_limit)
    main                                     0x080050e5   Thumb Code    54  main.o(i.main)
    motor_pwm_set                            0x08005121   Thumb Code    42  my_motor.o(i.motor_pwm_set)
    multi_printf_arrays                      0x0800514d   Thumb Code   168  my_string.o(i.multi_printf_arrays)
    multi_printf_arrays_direct               0x080051fd   Thumb Code   168  my_string.o(i.multi_printf_arrays_direct)
    muti_printf_self_test                    0x080052ad   Thumb Code   160  my_string.o(i.muti_printf_self_test)
    my_led_self_test                         0x080053b5   Thumb Code     6  my_led.o(i.my_led_self_test)
    my_motor_self_test                       0x080053c1   Thumb Code   312  my_motor.o(i.my_motor_self_test)
    my_test                                  0x0800552d   Thumb Code     2  test.o(i.my_test)
    pid_init                                 0x08005531   Thumb Code   102  my_pid.o(i.pid_init)
    read_addr                                0x080055a9   Thumb Code     4  usmart.o(i.read_addr)
    speed_computer                           0x080055ad   Thumb Code   266  my_tim.o(i.speed_computer)
    speed_pid_sample                         0x080056e5   Thumb Code   224  my_pid.o(i.speed_pid_sample)
    uart_init                                0x080057e5   Thumb Code    44  usart.o(i.uart_init)
    ug                                       0x0800581d   Thumb Code   154  usmart_config.o(i.ug)
    usmart_cmd_rec                           0x08005935   Thumb Code   144  usmart.o(i.usmart_cmd_rec)
    usmart_exe                               0x080059c9   Thumb Code   514  usmart.o(i.usmart_exe)
    usmart_get_aparm                         0x08005c2d   Thumb Code   166  usmart_str.o(i.usmart_get_aparm)
    usmart_get_cmdname                       0x08005cd3   Thumb Code    46  usmart_str.o(i.usmart_get_cmdname)
    usmart_get_fname                         0x08005d01   Thumb Code   358  usmart_str.o(i.usmart_get_fname)
    usmart_get_fparam                        0x08005e71   Thumb Code   208  usmart_str.o(i.usmart_get_fparam)
    usmart_get_parmpos                       0x08005f45   Thumb Code    30  usmart_str.o(i.usmart_get_parmpos)
    usmart_get_runtime                       0x08005f69   Thumb Code    38  usmart.o(i.usmart_get_runtime)
    usmart_init                              0x08005f99   Thumb Code    36  usmart.o(i.usmart_init)
    usmart_minnie                            0x08005fc1   Thumb Code    68  usmart_config.o(i.usmart_minnie)
    usmart_pow                               0x0800602d   Thumb Code    16  usmart_str.o(i.usmart_pow)
    usmart_reset_runtime                     0x0800603d   Thumb Code    32  usmart.o(i.usmart_reset_runtime)
    usmart_scan                              0x08006065   Thumb Code    94  usmart.o(i.usmart_scan)
    usmart_search_nextc                      0x08006109   Thumb Code    16  usmart_str.o(i.usmart_search_nextc)
    usmart_str2num                           0x08006119   Thumb Code   214  usmart_str.o(i.usmart_str2num)
    usmart_strcmp                            0x080061ef   Thumb Code    24  usmart_str.o(i.usmart_strcmp)
    usmart_strcopy                           0x08006207   Thumb Code    18  usmart_str.o(i.usmart_strcopy)
    usmart_strlen                            0x08006219   Thumb Code    18  usmart_str.o(i.usmart_strlen)
    usmart_sys_cmd_exe                       0x0800622d   Thumb Code  1458  usmart.o(i.usmart_sys_cmd_exe)
    write_addr                               0x080068ad   Thumb Code     4  usmart.o(i.write_addr)
    _get_lc_numeric                          0x080068b1   Thumb Code    44  lc_numeric_c.o(locale$$code)
    _get_lc_ctype                            0x080068dd   Thumb Code    44  lc_ctype_c.o(locale$$code)
    __aeabi_dneg                             0x08006909   Thumb Code     0  basic.o(x$fpl$basic)
    _dneg                                    0x08006909   Thumb Code     6  basic.o(x$fpl$basic)
    __aeabi_fneg                             0x0800690f   Thumb Code     0  basic.o(x$fpl$basic)
    _fneg                                    0x0800690f   Thumb Code     6  basic.o(x$fpl$basic)
    _dabs                                    0x08006915   Thumb Code     6  basic.o(x$fpl$basic)
    _fabs                                    0x0800691b   Thumb Code     6  basic.o(x$fpl$basic)
    __aeabi_d2f                              0x08006921   Thumb Code     0  d2f.o(x$fpl$d2f)
    _d2f                                     0x08006921   Thumb Code    98  d2f.o(x$fpl$d2f)
    __aeabi_dadd                             0x08006985   Thumb Code     0  daddsub_clz.o(x$fpl$dadd)
    _dadd                                    0x08006985   Thumb Code   332  daddsub_clz.o(x$fpl$dadd)
    __fpl_dcmp_Inf                           0x08006ad5   Thumb Code    24  dcmpi.o(x$fpl$dcmpinf)
    __aeabi_ddiv                             0x08006aed   Thumb Code     0  ddiv.o(x$fpl$ddiv)
    _ddiv                                    0x08006aed   Thumb Code   552  ddiv.o(x$fpl$ddiv)
    __aeabi_cdcmpeq                          0x08006d9d   Thumb Code     0  deqf.o(x$fpl$deqf)
    _dcmpeq                                  0x08006d9d   Thumb Code   120  deqf.o(x$fpl$deqf)
    __aeabi_i2d                              0x08006e15   Thumb Code     0  dflt_clz.o(x$fpl$dflt)
    _dflt                                    0x08006e15   Thumb Code    46  dflt_clz.o(x$fpl$dflt)
    __aeabi_ui2d                             0x08006e43   Thumb Code     0  dflt_clz.o(x$fpl$dfltu)
    _dfltu                                   0x08006e43   Thumb Code    38  dflt_clz.o(x$fpl$dfltu)
    __aeabi_dmul                             0x08006e69   Thumb Code     0  dmul.o(x$fpl$dmul)
    _dmul                                    0x08006e69   Thumb Code   332  dmul.o(x$fpl$dmul)
    __fpl_dnaninf                            0x08006fbd   Thumb Code   156  dnaninf.o(x$fpl$dnaninf)
    __fpl_dretinf                            0x08007059   Thumb Code    12  dretinf.o(x$fpl$dretinf)
    __aeabi_drsub                            0x08007065   Thumb Code     0  daddsub_clz.o(x$fpl$drsb)
    _drsb                                    0x08007065   Thumb Code    22  daddsub_clz.o(x$fpl$drsb)
    __aeabi_dsub                             0x0800707d   Thumb Code     0  daddsub_clz.o(x$fpl$dsub)
    _dsub                                    0x0800707d   Thumb Code   464  daddsub_clz.o(x$fpl$dsub)
    __aeabi_f2d                              0x08007251   Thumb Code     0  f2d.o(x$fpl$f2d)
    _f2d                                     0x08007251   Thumb Code    86  f2d.o(x$fpl$f2d)
    __fpl_fnaninf                            0x080072a7   Thumb Code   140  fnaninf.o(x$fpl$fnaninf)
    _fp_init                                 0x08007333   Thumb Code    10  fpinit.o(x$fpl$fpinit)
    __fplib_config_fpu_vfp                   0x0800733b   Thumb Code     0  fpinit.o(x$fpl$fpinit)
    __fplib_config_pureend_doubles           0x0800733b   Thumb Code     0  fpinit.o(x$fpl$fpinit)
    __fpl_fretinf                            0x0800733d   Thumb Code    10  fretinf.o(x$fpl$fretinf)
    _printf_fp_dec                           0x08007347   Thumb Code     4  printf1.o(x$fpl$printf1)
    _printf_fp_hex                           0x0800734b   Thumb Code     4  printf2.o(x$fpl$printf2)
    __I$use$fp                               0x0800734e   Number         0  usenofp.o(x$fpl$usenofp)
    AHBPrescTable                            0x08007356   Data          16  system_stm32f4xx.o(.constdata)
    APBPrescTable                            0x08007366   Data           8  system_stm32f4xx.o(.constdata)
    __mathlib_zero                           0x08007440   Data           8  qnan.o(.constdata)
    Region$$Table$$Base                      0x08007aa4   Number         0  anon$$obj.o(Region$$Table)
    Region$$Table$$Limit                     0x08007ac4   Number         0  anon$$obj.o(Region$$Table)
    __ctype                                  0x08007aed   Data           0  lc_ctype_c.o(locale$$data)
    uwTickFreq                               0x20000000   Data           1  stm32f4xx_hal.o(.data)
    uwTickPrio                               0x20000004   Data           4  stm32f4xx_hal.o(.data)
    uwTick                                   0x20000008   Data           4  stm32f4xx_hal.o(.data)
    SystemCoreClock                          0x2000000c   Data           4  system_stm32f4xx.o(.data)
    time                                     0x20000010   Data           1  my_pid.o(.data)
    speed_target                             0x20000014   Data           4  my_pid.o(.data)
    speed_actual                             0x20000018   Data           4  my_pid.o(.data)
    speed_error                              0x2000001c   Data           4  my_pid.o(.data)
    speed_to_ampere                          0x20000020   Data           4  my_pid.o(.data)
    ampere_to_pwm                            0x20000024   Data           4  my_pid.o(.data)
    float_speed_to_ampere                    0x20000028   Data           4  my_pid.o(.data)
    float_ampere_to_pwm                      0x2000002c   Data           4  my_pid.o(.data)
    LED_Class_RED                            0x20000030   Data          12  my_led.o(.data)
    g_adc_val                                0x20000048   Data           6  my_adc.o(.data)
    g_timx_encode_count                      0x20000054   Data           4  my_tim.o(.data)
    g_run_flag                               0x20000058   Data           1  my_tim.o(.data)
    aRxBuffer                                0x20000060   Data           1  usart.o(.data)
    USART_RX_STA                             0x20000062   Data           2  usart.o(.data)
    __stdout                                 0x20000064   Data           4  usart.o(.data)
    sys_cmd_tab                              0x20000068   Data          28  usmart.o(.data)
    my_func_len                              0x20000084   Data           4  usmart_config.o(.data)
    my_func_list                             0x20000088   Data          32  usmart_config.o(.data)
    usmart_nametab                           0x200000a8   Data          48  usmart_config.o(.data)
    usmart_dev                               0x200000d8   Data         244  usmart_config.o(.data)
    g_speed_pid                              0x200009cc   Data          36  my_pid.o(.bss)
    g_current_pid                            0x200009f0   Data          36  my_pid.o(.bss)
    g_adc_value                              0x20000a14   Data        7200  my_adc.o(.bss)
    g_adc_nch_dma_handle                     0x20002634   Data          72  my_adc.o(.bss)
    g_dma_nch_adc_handle                     0x2000267c   Data          96  my_adc.o(.bss)
    g_atimx_cplm_pwm_handle                  0x20002704   Data          72  my_tim.o(.bss)
    g_timx_encode_chy_handle                 0x2000274c   Data          72  my_tim.o(.bss)
    g_timx_encoder_chy_handle                0x20002794   Data          36  my_tim.o(.bss)
    timx_handler                             0x200027b8   Data          72  my_tim.o(.bss)
    g_motor_data                             0x20002800   Data          28  my_tim.o(.bss)
    g_encode                                 0x2000281c   Data          12  my_tim.o(.bss)
    USART_RX_BUF                             0x20002828   Data         200  usart.o(.bss)
    UART1_Handler                            0x200028f0   Data          72  usart.o(.bss)
    TIM4_Handler                             0x20002938   Data          72  usmart.o(.bss)
    __libspace_start                         0x20002980   Data          96  libspace.o(.bss)
    __temporary_stack_top$libspace           0x200029e0   Data           0  libspace.o(.bss)



==============================================================================

Memory Map of the image

  Image Entry point : 0x08000189

  Load Region LR_IROM1 (Base: 0x08000000, Size: 0x00007dbc, Max: 0x00100000, ABSOLUTE, COMPRESSED[0x00007c70])

    Execution Region ER_IROM1 (Base: 0x08000000, Size: 0x00007bf0, Max: 0x00100000, ABSOLUTE)

    Base Addr    Size         Type   Attr      Idx    E Section Name        Object

    0x08000000   0x00000188   Data   RO            3    RESET               startup_stm32f407xx.o
    0x08000188   0x00000008   Code   RO         4246  * !!!main             c_w.l(__main.o)
    0x08000190   0x00000034   Code   RO         4569    !!!scatter          c_w.l(__scatter.o)
    0x080001c4   0x0000005a   Code   RO         4567    !!dczerorl2         c_w.l(__dczerorl2.o)
    0x0800021e   0x00000002   PAD
    0x08000220   0x0000001c   Code   RO         4571    !!handler_zi        c_w.l(__scatter_zi.o)
    0x0800023c   0x00000000   Code   RO         4234    .ARM.Collect$$_printf_percent$$00000000  c_w.l(_printf_percent.o)
    0x0800023c   0x00000006   Code   RO         4230    .ARM.Collect$$_printf_percent$$00000003  c_w.l(_printf_f.o)
    0x08000242   0x00000006   Code   RO         4231    .ARM.Collect$$_printf_percent$$00000004  c_w.l(_printf_e.o)
    0x08000248   0x00000006   Code   RO         4232    .ARM.Collect$$_printf_percent$$00000005  c_w.l(_printf_g.o)
    0x0800024e   0x00000006   Code   RO         4233    .ARM.Collect$$_printf_percent$$00000006  c_w.l(_printf_a.o)
    0x08000254   0x00000006   Code   RO         4227    .ARM.Collect$$_printf_percent$$00000008  c_w.l(_printf_i.o)
    0x0800025a   0x00000006   Code   RO         4228    .ARM.Collect$$_printf_percent$$00000009  c_w.l(_printf_d.o)
    0x08000260   0x00000006   Code   RO         4229    .ARM.Collect$$_printf_percent$$0000000A  c_w.l(_printf_u.o)
    0x08000266   0x00000006   Code   RO         4226    .ARM.Collect$$_printf_percent$$0000000B  c_w.l(_printf_o.o)
    0x0800026c   0x00000006   Code   RO         4225    .ARM.Collect$$_printf_percent$$0000000C  c_w.l(_printf_x.o)
    0x08000272   0x0000000a   Code   RO         4315    .ARM.Collect$$_printf_percent$$00000012  c_w.l(_printf_l.o)
    0x0800027c   0x00000006   Code   RO         4223    .ARM.Collect$$_printf_percent$$00000013  c_w.l(_printf_c.o)
    0x08000282   0x00000006   Code   RO         4224    .ARM.Collect$$_printf_percent$$00000014  c_w.l(_printf_s.o)
    0x08000288   0x00000006   Code   RO         4235    .ARM.Collect$$_printf_percent$$00000015  c_w.l(_printf_lc.o)
    0x0800028e   0x00000004   Code   RO         4314    .ARM.Collect$$_printf_percent$$00000017  c_w.l(_printf_percent_end.o)
    0x08000292   0x00000002   Code   RO         4446    .ARM.Collect$$libinit$$00000000  c_w.l(libinit.o)
    0x08000294   0x00000004   Code   RO         4447    .ARM.Collect$$libinit$$00000001  c_w.l(libinit2.o)
    0x08000298   0x00000000   Code   RO         4450    .ARM.Collect$$libinit$$00000004  c_w.l(libinit2.o)
    0x08000298   0x00000000   Code   RO         4453    .ARM.Collect$$libinit$$0000000A  c_w.l(libinit2.o)
    0x08000298   0x00000000   Code   RO         4455    .ARM.Collect$$libinit$$0000000C  c_w.l(libinit2.o)
    0x08000298   0x00000000   Code   RO         4457    .ARM.Collect$$libinit$$0000000E  c_w.l(libinit2.o)
    0x08000298   0x00000006   Code   RO         4458    .ARM.Collect$$libinit$$0000000F  c_w.l(libinit2.o)
    0x0800029e   0x00000000   Code   RO         4460    .ARM.Collect$$libinit$$00000011  c_w.l(libinit2.o)
    0x0800029e   0x0000000c   Code   RO         4461    .ARM.Collect$$libinit$$00000012  c_w.l(libinit2.o)
    0x080002aa   0x00000000   Code   RO         4462    .ARM.Collect$$libinit$$00000013  c_w.l(libinit2.o)
    0x080002aa   0x00000000   Code   RO         4464    .ARM.Collect$$libinit$$00000015  c_w.l(libinit2.o)
    0x080002aa   0x0000000a   Code   RO         4465    .ARM.Collect$$libinit$$00000016  c_w.l(libinit2.o)
    0x080002b4   0x00000000   Code   RO         4466    .ARM.Collect$$libinit$$00000017  c_w.l(libinit2.o)
    0x080002b4   0x00000000   Code   RO         4468    .ARM.Collect$$libinit$$00000019  c_w.l(libinit2.o)
    0x080002b4   0x00000000   Code   RO         4470    .ARM.Collect$$libinit$$0000001B  c_w.l(libinit2.o)
    0x080002b4   0x00000000   Code   RO         4472    .ARM.Collect$$libinit$$0000001D  c_w.l(libinit2.o)
    0x080002b4   0x00000000   Code   RO         4474    .ARM.Collect$$libinit$$0000001F  c_w.l(libinit2.o)
    0x080002b4   0x00000000   Code   RO         4476    .ARM.Collect$$libinit$$00000021  c_w.l(libinit2.o)
    0x080002b4   0x00000000   Code   RO         4478    .ARM.Collect$$libinit$$00000023  c_w.l(libinit2.o)
    0x080002b4   0x00000000   Code   RO         4480    .ARM.Collect$$libinit$$00000025  c_w.l(libinit2.o)
    0x080002b4   0x00000000   Code   RO         4484    .ARM.Collect$$libinit$$0000002C  c_w.l(libinit2.o)
    0x080002b4   0x00000000   Code   RO         4486    .ARM.Collect$$libinit$$0000002E  c_w.l(libinit2.o)
    0x080002b4   0x00000000   Code   RO         4488    .ARM.Collect$$libinit$$00000030  c_w.l(libinit2.o)
    0x080002b4   0x00000000   Code   RO         4490    .ARM.Collect$$libinit$$00000032  c_w.l(libinit2.o)
    0x080002b4   0x00000002   Code   RO         4491    .ARM.Collect$$libinit$$00000033  c_w.l(libinit2.o)
    0x080002b6   0x00000002   Code   RO         4531    .ARM.Collect$$libshutdown$$00000000  c_w.l(libshutdown.o)
    0x080002b8   0x00000000   Code   RO         4550    .ARM.Collect$$libshutdown$$00000002  c_w.l(libshutdown2.o)
    0x080002b8   0x00000000   Code   RO         4552    .ARM.Collect$$libshutdown$$00000004  c_w.l(libshutdown2.o)
    0x080002b8   0x00000000   Code   RO         4555    .ARM.Collect$$libshutdown$$00000007  c_w.l(libshutdown2.o)
    0x080002b8   0x00000000   Code   RO         4558    .ARM.Collect$$libshutdown$$0000000A  c_w.l(libshutdown2.o)
    0x080002b8   0x00000000   Code   RO         4560    .ARM.Collect$$libshutdown$$0000000C  c_w.l(libshutdown2.o)
    0x080002b8   0x00000000   Code   RO         4563    .ARM.Collect$$libshutdown$$0000000F  c_w.l(libshutdown2.o)
    0x080002b8   0x00000002   Code   RO         4564    .ARM.Collect$$libshutdown$$00000010  c_w.l(libshutdown2.o)
    0x080002ba   0x00000000   Code   RO         4288    .ARM.Collect$$rtentry$$00000000  c_w.l(__rtentry.o)
    0x080002ba   0x00000000   Code   RO         4355    .ARM.Collect$$rtentry$$00000002  c_w.l(__rtentry2.o)
    0x080002ba   0x00000006   Code   RO         4367    .ARM.Collect$$rtentry$$00000004  c_w.l(__rtentry4.o)
    0x080002c0   0x00000000   Code   RO         4357    .ARM.Collect$$rtentry$$00000009  c_w.l(__rtentry2.o)
    0x080002c0   0x00000004   Code   RO         4358    .ARM.Collect$$rtentry$$0000000A  c_w.l(__rtentry2.o)
    0x080002c4   0x00000000   Code   RO         4360    .ARM.Collect$$rtentry$$0000000C  c_w.l(__rtentry2.o)
    0x080002c4   0x00000008   Code   RO         4361    .ARM.Collect$$rtentry$$0000000D  c_w.l(__rtentry2.o)
    0x080002cc   0x00000002   Code   RO         4492    .ARM.Collect$$rtexit$$00000000  c_w.l(rtexit.o)
    0x080002ce   0x00000000   Code   RO         4505    .ARM.Collect$$rtexit$$00000002  c_w.l(rtexit2.o)
    0x080002ce   0x00000004   Code   RO         4506    .ARM.Collect$$rtexit$$00000003  c_w.l(rtexit2.o)
    0x080002d2   0x00000006   Code   RO         4507    .ARM.Collect$$rtexit$$00000004  c_w.l(rtexit2.o)
    0x080002d8   0x00000040   Code   RO            4    .text               startup_stm32f407xx.o
    0x08000318   0x00000002   Code   RO         4151    .text               c_w.l(use_no_semi_2.o)
    0x0800031a   0x000000ee   Code   RO         4153    .text               c_w.l(lludivv7m.o)
    0x08000408   0x00000018   Code   RO         4159    .text               c_w.l(noretval__2printf.o)
    0x08000420   0x00000034   Code   RO         4161    .text               c_w.l(noretval__2snprintf.o)
    0x08000454   0x0000004e   Code   RO         4165    .text               c_w.l(_printf_pad.o)
    0x080004a2   0x00000024   Code   RO         4167    .text               c_w.l(_printf_truncate.o)
    0x080004c6   0x00000052   Code   RO         4169    .text               c_w.l(_printf_str.o)
    0x08000518   0x00000078   Code   RO         4171    .text               c_w.l(_printf_dec.o)
    0x08000590   0x000000bc   Code   RO         4173    .text               c_w.l(_printf_wctomb.o)
    0x0800064c   0x00000054   Code   RO         4178    .text               c_w.l(_printf_oct_int.o)
    0x080006a0   0x00000058   Code   RO         4185    .text               c_w.l(_printf_hex_int.o)
    0x080006f8   0x00000188   Code   RO         4220    .text               c_w.l(__printf_flags_ss_wp.o)
    0x08000880   0x00000018   Code   RO         4236    .text               c_w.l(strcat.o)
    0x08000898   0x00000064   Code   RO         4238    .text               c_w.l(rt_memcpy_w.o)
    0x080008fc   0x0000004e   Code   RO         4240    .text               c_w.l(rt_memclr_w.o)
    0x0800094a   0x00000002   PAD
    0x0800094c   0x00000080   Code   RO         4242    .text               c_w.l(strcmpv7m.o)
    0x080009cc   0x00000006   Code   RO         4244    .text               c_w.l(heapauxi.o)
    0x080009d2   0x00000002   Code   RO         4286    .text               c_w.l(use_no_semi.o)
    0x080009d4   0x00000016   Code   RO         4293    .text               c_w.l(_rserrno.o)
    0x080009ea   0x000000b2   Code   RO         4295    .text               c_w.l(_printf_intcommon.o)
    0x08000a9c   0x0000041a   Code   RO         4297    .text               c_w.l(_printf_fp_dec.o)
    0x08000eb6   0x00000002   PAD
    0x08000eb8   0x000002fc   Code   RO         4299    .text               c_w.l(_printf_fp_hex.o)
    0x080011b4   0x00000030   Code   RO         4302    .text               c_w.l(_printf_char_common.o)
    0x080011e4   0x0000000a   Code   RO         4304    .text               c_w.l(_sputc.o)
    0x080011ee   0x00000010   Code   RO         4306    .text               c_w.l(_snputc.o)
    0x080011fe   0x0000002c   Code   RO         4308    .text               c_w.l(_printf_char.o)
    0x0800122a   0x00000002   PAD
    0x0800122c   0x00000024   Code   RO         4310    .text               c_w.l(_printf_char_file.o)
    0x08001250   0x0000002c   Code   RO         4312    .text               c_w.l(_printf_wchar.o)
    0x0800127c   0x00000040   Code   RO         4316    .text               c_w.l(_wcrtomb.o)
    0x080012bc   0x00000010   Code   RO         4369    .text               c_w.l(rt_ctype_table.o)
    0x080012cc   0x00000008   Code   RO         4376    .text               c_w.l(rt_locale_intlibspace.o)
    0x080012d4   0x00000008   Code   RO         4381    .text               c_w.l(rt_errno_addr_intlibspace.o)
    0x080012dc   0x0000008a   Code   RO         4383    .text               c_w.l(lludiv10.o)
    0x08001366   0x00000002   PAD
    0x08001368   0x00000080   Code   RO         4385    .text               c_w.l(_printf_fp_infnan.o)
    0x080013e8   0x000000dc   Code   RO         4389    .text               c_w.l(bigflt0.o)
    0x080014c4   0x00000008   Code   RO         4414    .text               c_w.l(ferror.o)
    0x080014cc   0x00000008   Code   RO         4427    .text               c_w.l(libspace.o)
    0x080014d4   0x0000004a   Code   RO         4430    .text               c_w.l(sys_stackheap_outer.o)
    0x0800151e   0x00000012   Code   RO         4435    .text               c_w.l(exit.o)
    0x08001530   0x0000003e   Code   RO         4392    CL$$btod_d2e        c_w.l(btod.o)
    0x0800156e   0x00000046   Code   RO         4394    CL$$btod_d2e_denorm_low  c_w.l(btod.o)
    0x080015b4   0x00000060   Code   RO         4393    CL$$btod_d2e_norm_op1  c_w.l(btod.o)
    0x08001614   0x00000338   Code   RO         4402    CL$$btod_div_common  c_w.l(btod.o)
    0x0800194c   0x000000c6   Code   RO         4399    CL$$btod_e2e        c_w.l(btod.o)
    0x08001a12   0x00000028   Code   RO         4396    CL$$btod_ediv       c_w.l(btod.o)
    0x08001a3a   0x00000028   Code   RO         4395    CL$$btod_emul       c_w.l(btod.o)
    0x08001a62   0x00000244   Code   RO         4401    CL$$btod_mult_common  c_w.l(btod.o)
    0x08001ca6   0x0000006e   Code   RO          440    i.ADC_DMAConvCplt   stm32f4xx_hal_adc.o
    0x08001d14   0x00000016   Code   RO          441    i.ADC_DMAError      stm32f4xx_hal_adc.o
    0x08001d2a   0x0000000a   Code   RO          442    i.ADC_DMAHalfConvCplt  stm32f4xx_hal_adc.o
    0x08001d34   0x00000128   Code   RO          443    i.ADC_Init          stm32f4xx_hal_adc.o
    0x08001e5c   0x00000002   Code   RO          215    i.BusFault_Handler  stm32f4xx_it.o
    0x08001e5e   0x00000048   Code   RO         3230    i.CODE_INIT         code.o
    0x08001ea6   0x00000002   PAD
    0x08001ea8   0x00000040   Code   RO         3231    i.CODE_MAIN         code.o
    0x08001ee8   0x0000000c   Code   RO         3525    i.DMA2_Stream4_IRQHandler  my_adc.o
    0x08001ef4   0x00000028   Code   RO         1177    i.DMA_CalcBaseAndBitshift  stm32f4xx_hal_dma.o
    0x08001f1c   0x00000054   Code   RO         1178    i.DMA_CheckFifoParam  stm32f4xx_hal_dma.o
    0x08001f70   0x00000028   Code   RO         1179    i.DMA_SetConfig     stm32f4xx_hal_dma.o
    0x08001f98   0x00000002   Code   RO          216    i.DebugMon_Handler  stm32f4xx_it.o
    0x08001f9a   0x00000004   Code   RO           13    i.Error_Handler     main.o
    0x08001f9e   0x00000002   PAD
    0x08001fa0   0x0000014c   Code   RO          445    i.HAL_ADC_ConfigChannel  stm32f4xx_hal_adc.o
    0x080020ec   0x000000fc   Code   RO         3526    i.HAL_ADC_ConvCpltCallback  my_adc.o
    0x080021e8   0x00000002   Code   RO          447    i.HAL_ADC_ConvHalfCpltCallback  stm32f4xx_hal_adc.o
    0x080021ea   0x00000002   Code   RO          449    i.HAL_ADC_ErrorCallback  stm32f4xx_hal_adc.o
    0x080021ec   0x00000054   Code   RO          454    i.HAL_ADC_Init      stm32f4xx_hal_adc.o
    0x08002240   0x00000002   Code   RO          457    i.HAL_ADC_MspInit   stm32f4xx_hal_adc.o
    0x08002242   0x00000002   PAD
    0x08002244   0x00000154   Code   RO          461    i.HAL_ADC_Start_DMA  stm32f4xx_hal_adc.o
    0x08002398   0x0000006c   Code   RO          464    i.HAL_ADC_Stop_DMA  stm32f4xx_hal_adc.o
    0x08002404   0x00000092   Code   RO         1180    i.HAL_DMA_Abort     stm32f4xx_hal_dma.o
    0x08002496   0x00000024   Code   RO         1181    i.HAL_DMA_Abort_IT  stm32f4xx_hal_dma.o
    0x080024ba   0x00000002   PAD
    0x080024bc   0x000001a0   Code   RO         1185    i.HAL_DMA_IRQHandler  stm32f4xx_hal_dma.o
    0x0800265c   0x000000d4   Code   RO         1186    i.HAL_DMA_Init      stm32f4xx_hal_dma.o
    0x08002730   0x0000006e   Code   RO         1190    i.HAL_DMA_Start_IT  stm32f4xx_hal_dma.o
    0x0800279e   0x00000002   PAD
    0x080027a0   0x000001f0   Code   RO         1073    i.HAL_GPIO_Init     stm32f4xx_hal_gpio.o
    0x08002990   0x00000010   Code   RO         1076    i.HAL_GPIO_TogglePin  stm32f4xx_hal_gpio.o
    0x080029a0   0x0000000a   Code   RO         1077    i.HAL_GPIO_WritePin  stm32f4xx_hal_gpio.o
    0x080029aa   0x00000002   PAD
    0x080029ac   0x0000000c   Code   RO         1611    i.HAL_GetTick       stm32f4xx_hal.o
    0x080029b8   0x00000010   Code   RO         1617    i.HAL_IncTick       stm32f4xx_hal.o
    0x080029c8   0x00000034   Code   RO         1618    i.HAL_Init          stm32f4xx_hal.o
    0x080029fc   0x00000040   Code   RO         1619    i.HAL_InitTick      stm32f4xx_hal.o
    0x08002a3c   0x00000002   Code   RO         1621    i.HAL_MspInit       stm32f4xx_hal.o
    0x08002a3e   0x0000001a   Code   RO         1463    i.HAL_NVIC_EnableIRQ  stm32f4xx_hal_cortex.o
    0x08002a58   0x00000040   Code   RO         1469    i.HAL_NVIC_SetPriority  stm32f4xx_hal_cortex.o
    0x08002a98   0x00000024   Code   RO         1470    i.HAL_NVIC_SetPriorityGrouping  stm32f4xx_hal_cortex.o
    0x08002abc   0x00000024   Code   RO         1471    i.HAL_NVIC_SystemReset  stm32f4xx_hal_cortex.o
    0x08002ae0   0x00000134   Code   RO          719    i.HAL_RCC_ClockConfig  stm32f4xx_hal_rcc.o
    0x08002c14   0x00000020   Code   RO          726    i.HAL_RCC_GetPCLK1Freq  stm32f4xx_hal_rcc.o
    0x08002c34   0x00000020   Code   RO          727    i.HAL_RCC_GetPCLK2Freq  stm32f4xx_hal_rcc.o
    0x08002c54   0x00000060   Code   RO          728    i.HAL_RCC_GetSysClockFreq  stm32f4xx_hal_rcc.o
    0x08002cb4   0x0000036c   Code   RO          731    i.HAL_RCC_OscConfig  stm32f4xx_hal_rcc.o
    0x08003020   0x00000018   Code   RO         1472    i.HAL_SYSTICK_CLKSourceConfig  stm32f4xx_hal_cortex.o
    0x08003038   0x00000028   Code   RO         1474    i.HAL_SYSTICK_Config  stm32f4xx_hal_cortex.o
    0x08003060   0x00000002   Code   RO         2562    i.HAL_TIMEx_BreakCallback  stm32f4xx_hal_tim_ex.o
    0x08003062   0x00000002   Code   RO         2563    i.HAL_TIMEx_CommutCallback  stm32f4xx_hal_tim_ex.o
    0x08003064   0x00000054   Code   RO         2565    i.HAL_TIMEx_ConfigBreakDeadTime  stm32f4xx_hal_tim_ex.o
    0x080030b8   0x000000c0   Code   RO         2592    i.HAL_TIMEx_PWMN_Start  stm32f4xx_hal_tim_ex.o
    0x08003178   0x00000068   Code   RO         2595    i.HAL_TIMEx_PWMN_Stop  stm32f4xx_hal_tim_ex.o
    0x080031e0   0x0000005a   Code   RO         1858    i.HAL_TIM_Base_Init  stm32f4xx_hal_tim.o
    0x0800323a   0x00000002   PAD
    0x0800323c   0x0000003c   Code   RO         3670    i.HAL_TIM_Base_MspInit  my_tim.o
    0x08003278   0x00000080   Code   RO         1863    i.HAL_TIM_Base_Start_IT  stm32f4xx_hal_tim.o
    0x080032f8   0x000000a4   Code   RO         1879    i.HAL_TIM_Encoder_Init  stm32f4xx_hal_tim.o
    0x0800339c   0x0000009c   Code   RO         3671    i.HAL_TIM_Encoder_MspInit  my_tim.o
    0x08003438   0x0000008e   Code   RO         1882    i.HAL_TIM_Encoder_Start  stm32f4xx_hal_tim.o
    0x080034c6   0x00000002   Code   RO         1892    i.HAL_TIM_IC_CaptureCallback  stm32f4xx_hal_tim.o
    0x080034c8   0x00000130   Code   RO         1906    i.HAL_TIM_IRQHandler  stm32f4xx_hal_tim.o
    0x080035f8   0x00000002   Code   RO         1909    i.HAL_TIM_OC_DelayElapsedCallback  stm32f4xx_hal_tim.o
    0x080035fa   0x000000cc   Code   RO         1930    i.HAL_TIM_PWM_ConfigChannel  stm32f4xx_hal_tim.o
    0x080036c6   0x0000005a   Code   RO         1933    i.HAL_TIM_PWM_Init  stm32f4xx_hal_tim.o
    0x08003720   0x00000080   Code   RO         3672    i.HAL_TIM_PWM_MspInit  my_tim.o
    0x080037a0   0x00000002   Code   RO         1936    i.HAL_TIM_PWM_PulseFinishedCallback  stm32f4xx_hal_tim.o
    0x080037a2   0x00000002   PAD
    0x080037a4   0x000000c8   Code   RO         1938    i.HAL_TIM_PWM_Start  stm32f4xx_hal_tim.o
    0x0800386c   0x0000007c   Code   RO         1941    i.HAL_TIM_PWM_Stop  stm32f4xx_hal_tim.o
    0x080038e8   0x0000004c   Code   RO         3673    i.HAL_TIM_PeriodElapsedCallback  my_tim.o
    0x08003934   0x00000002   Code   RO         1949    i.HAL_TIM_TriggerCallback  stm32f4xx_hal_tim.o
    0x08003936   0x00000002   Code   RO         2841    i.HAL_UARTEx_RxEventCallback  stm32f4xx_hal_uart.o
    0x08003938   0x00000002   Code   RO         2855    i.HAL_UART_ErrorCallback  stm32f4xx_hal_uart.o
    0x0800393a   0x0000000a   Code   RO         2857    i.HAL_UART_GetState  stm32f4xx_hal_uart.o
    0x08003944   0x00000270   Code   RO         2858    i.HAL_UART_IRQHandler  stm32f4xx_hal_uart.o
    0x08003bb4   0x00000064   Code   RO         2859    i.HAL_UART_Init     stm32f4xx_hal_uart.o
    0x08003c18   0x00000074   Code   RO         3830    i.HAL_UART_MspInit  usart.o
    0x08003c8c   0x0000001c   Code   RO         2864    i.HAL_UART_Receive_IT  stm32f4xx_hal_uart.o
    0x08003ca8   0x00000058   Code   RO         3831    i.HAL_UART_RxCpltCallback  usart.o
    0x08003d00   0x00000002   Code   RO         2870    i.HAL_UART_TxCpltCallback  stm32f4xx_hal_uart.o
    0x08003d02   0x00000002   PAD
    0x08003d04   0x0000006c   Code   RO          217    i.HardFault_Handler  stm32f4xx_it.o
    0x08003d70   0x00000034   Code   RO         3328    i.ITM_SendString    my_string.o
    0x08003da4   0x00000008   Code   RO         3471    i.LED_APP_Toggle    my_led.o
    0x08003dac   0x000000d4   Code   RO           14    i.MX_GPIO_Init      main.o
    0x08003e80   0x00000002   Code   RO          218    i.MemManage_Handler  stm32f4xx_it.o
    0x08003e82   0x00000002   Code   RO          219    i.NMI_Handler       stm32f4xx_it.o
    0x08003e84   0x00000002   Code   RO          220    i.PendSV_Handler    stm32f4xx_it.o
    0x08003e86   0x00000002   Code   RO          221    i.SVC_Handler       stm32f4xx_it.o
    0x08003e88   0x00000004   Code   RO          222    i.SysTick_Handler   stm32f4xx_it.o
    0x08003e8c   0x00000098   Code   RO           15    i.SystemClock_Config  main.o
    0x08003f24   0x00000010   Code   RO         3193    i.SystemInit        system_stm32f4xx.o
    0x08003f34   0x0000000c   Code   RO         3674    i.TIM3_IRQHandler   my_tim.o
    0x08003f40   0x00000034   Code   RO         3912    i.TIM4_IRQHandler   usmart.o
    0x08003f74   0x0000000c   Code   RO         3675    i.TIM6_DAC_IRQHandler  my_tim.o
    0x08003f80   0x000000d8   Code   RO         1951    i.TIM_Base_SetConfig  stm32f4xx_hal_tim.o
    0x08004058   0x0000001a   Code   RO         1952    i.TIM_CCxChannelCmd  stm32f4xx_hal_tim.o
    0x08004072   0x0000001a   Code   RO         2601    i.TIM_CCxNChannelCmd  stm32f4xx_hal_tim_ex.o
    0x0800408c   0x00000060   Code   RO         1964    i.TIM_OC1_SetConfig  stm32f4xx_hal_tim.o
    0x080040ec   0x0000006c   Code   RO         1965    i.TIM_OC2_SetConfig  stm32f4xx_hal_tim.o
    0x08004158   0x00000068   Code   RO         1966    i.TIM_OC3_SetConfig  stm32f4xx_hal_tim.o
    0x080041c0   0x00000050   Code   RO         1967    i.TIM_OC4_SetConfig  stm32f4xx_hal_tim.o
    0x08004210   0x00000054   Code   RO         3913    i.Timer4_Init       usmart.o
    0x08004264   0x00000010   Code   RO         2872    i.UART_DMAAbortOnError  stm32f4xx_hal_uart.o
    0x08004274   0x0000004e   Code   RO         2882    i.UART_EndRxTransfer  stm32f4xx_hal_uart.o
    0x080042c2   0x000000c2   Code   RO         2884    i.UART_Receive_IT   stm32f4xx_hal_uart.o
    0x08004384   0x0000010c   Code   RO         2885    i.UART_SetConfig    stm32f4xx_hal_uart.o
    0x08004490   0x00000036   Code   RO         2887    i.UART_Start_Receive_IT  stm32f4xx_hal_uart.o
    0x080044c6   0x00000002   PAD
    0x080044c8   0x0000002c   Code   RO         3832    i.USART1_IRQHandler  usart.o
    0x080044f4   0x00000002   Code   RO          223    i.UsageFault_Handler  stm32f4xx_it.o
    0x080044f6   0x00000030   Code   RO         4425    i.__ARM_fpclassify  m_wm.l(fpclassify.o)
    0x08004526   0x00000020   Code   RO         1476    i.__NVIC_SetPriority  stm32f4xx_hal_cortex.o
    0x08004546   0x00000002   PAD
    0x08004548   0x000003c4   Code   RO         4272    i.__hardfp_log      m_wm.l(log.o)
    0x0800490c   0x000000f8   Code   RO         4351    i.__kernel_poly     m_wm.l(poly.o)
    0x08004a04   0x00000004   PAD
    0x08004a08   0x00000030   Code   RO         4337    i.__mathlib_dbl_divzero  m_wm.l(dunder.o)
    0x08004a38   0x00000014   Code   RO         4338    i.__mathlib_dbl_infnan  m_wm.l(dunder.o)
    0x08004a4c   0x00000004   PAD
    0x08004a50   0x00000020   Code   RO         4340    i.__mathlib_dbl_invalid  m_wm.l(dunder.o)
    0x08004a70   0x0000000e   Code   RO         4213    i._is_digit         c_w.l(__printf_wp.o)
    0x08004a7e   0x00000002   Code   RO         3833    i._sys_exit         usart.o
    0x08004a80   0x00000074   Code   RO         3527    i.adc_init          my_adc.o
    0x08004af4   0x000000fc   Code   RO         3528    i.adc_nch_dma_init  my_adc.o
    0x08004bf0   0x00000068   Code   RO         3676    i.atim_timx_cplm_pwm_init  my_tim.o
    0x08004c58   0x00000030   Code   RO         3677    i.btim_timx_int_init  my_tim.o
    0x08004c88   0x00000048   Code   RO         3529    i.calc_adc_val      my_adc.o
    0x08004cd0   0x00000038   Code   RO         3607    i.dcmotor_dir       my_motor.o
    0x08004d08   0x0000005c   Code   RO         3608    i.dcmotor_init      my_motor.o
    0x08004d64   0x00000014   Code   RO         3609    i.dcmotor_speed     my_motor.o
    0x08004d78   0x00000010   Code   RO         3610    i.dcmotor_start     my_motor.o
    0x08004d88   0x0000002c   Code   RO         3611    i.dcmotor_stop      my_motor.o
    0x08004db4   0x00000014   Code   RO         3768    i.delay_init        delay.o
    0x08004dc8   0x0000001a   Code   RO         3769    i.delay_ms          delay.o
    0x08004de2   0x00000002   PAD
    0x08004de4   0x00000034   Code   RO         3770    i.delay_us          delay.o
    0x08004e18   0x00000038   Code   RO         3835    i.fputc             usart.o
    0x08004e50   0x00000090   Code   RO         3530    i.get_temp          my_adc.o
    0x08004ee0   0x00000018   Code   RO         3678    i.gtim_get_encode   my_tim.o
    0x08004ef8   0x00000060   Code   RO         3679    i.gtim_timx_encoder_chy_init  my_tim.o
    0x08004f58   0x00000084   Code   RO         3395    i.increment_pid_ctrl  my_pid.o
    0x08004fdc   0x000000dc   Code   RO         3329    i.init_debug_printf_usart6  my_string.o
    0x080050b8   0x0000002c   Code   RO         3396    i.integral_limit    my_pid.o
    0x080050e4   0x0000003c   Code   RO           16    i.main              main.o
    0x08005120   0x0000002a   Code   RO         3612    i.motor_pwm_set     my_motor.o
    0x0800514a   0x00000002   PAD
    0x0800514c   0x000000b0   Code   RO         3330    i.multi_printf_arrays  my_string.o
    0x080051fc   0x000000b0   Code   RO         3331    i.multi_printf_arrays_direct  my_string.o
    0x080052ac   0x00000108   Code   RO         3332    i.muti_printf_self_test  my_string.o
    0x080053b4   0x0000000c   Code   RO         3472    i.my_led_self_test  my_led.o
    0x080053c0   0x0000016c   Code   RO         3613    i.my_motor_self_test  my_motor.o
    0x0800552c   0x00000002   Code   RO         3304    i.my_test           test.o
    0x0800552e   0x00000002   PAD
    0x08005530   0x00000078   Code   RO         3397    i.pid_init          my_pid.o
    0x080055a8   0x00000004   Code   RO         3914    i.read_addr         usmart.o
    0x080055ac   0x00000138   Code   RO         3681    i.speed_computer    my_tim.o
    0x080056e4   0x00000100   Code   RO         3398    i.speed_pid_sample  my_pid.o
    0x080057e4   0x00000038   Code   RO         3836    i.uart_init         usart.o
    0x0800581c   0x00000118   Code   RO         4012    i.ug                usmart_config.o
    0x08005934   0x00000094   Code   RO         3915    i.usmart_cmd_rec    usmart.o
    0x080059c8   0x00000264   Code   RO         3916    i.usmart_exe        usmart.o
    0x08005c2c   0x000000a6   Code   RO         4073    i.usmart_get_aparm  usmart_str.o
    0x08005cd2   0x0000002e   Code   RO         4074    i.usmart_get_cmdname  usmart_str.o
    0x08005d00   0x00000170   Code   RO         4075    i.usmart_get_fname  usmart_str.o
    0x08005e70   0x000000d4   Code   RO         4076    i.usmart_get_fparam  usmart_str.o
    0x08005f44   0x00000024   Code   RO         4077    i.usmart_get_parmpos  usmart_str.o
    0x08005f68   0x00000030   Code   RO         3917    i.usmart_get_runtime  usmart.o
    0x08005f98   0x00000028   Code   RO         3918    i.usmart_init       usmart.o
    0x08005fc0   0x0000006c   Code   RO         4013    i.usmart_minnie     usmart_config.o
    0x0800602c   0x00000010   Code   RO         4078    i.usmart_pow        usmart_str.o
    0x0800603c   0x00000028   Code   RO         3919    i.usmart_reset_runtime  usmart.o
    0x08006064   0x000000a4   Code   RO         3920    i.usmart_scan       usmart.o
    0x08006108   0x00000010   Code   RO         4079    i.usmart_search_nextc  usmart_str.o
    0x08006118   0x000000d6   Code   RO         4080    i.usmart_str2num    usmart_str.o
    0x080061ee   0x00000018   Code   RO         4081    i.usmart_strcmp     usmart_str.o
    0x08006206   0x00000012   Code   RO         4082    i.usmart_strcopy    usmart_str.o
    0x08006218   0x00000012   Code   RO         4083    i.usmart_strlen     usmart_str.o
    0x0800622a   0x00000002   PAD
    0x0800622c   0x00000680   Code   RO         3921    i.usmart_sys_cmd_exe  usmart.o
    0x080068ac   0x00000004   Code   RO         3922    i.write_addr        usmart.o
    0x080068b0   0x0000002c   Code   RO         4419    locale$$code        c_w.l(lc_numeric_c.o)
    0x080068dc   0x0000002c   Code   RO         4433    locale$$code        c_w.l(lc_ctype_c.o)
    0x08006908   0x00000018   Code   RO         4318    x$fpl$basic         fz_wm.l(basic.o)
    0x08006920   0x00000062   Code   RO         4248    x$fpl$d2f           fz_wm.l(d2f.o)
    0x08006982   0x00000002   PAD
    0x08006984   0x00000150   Code   RO         4320    x$fpl$dadd          fz_wm.l(daddsub_clz.o)
    0x08006ad4   0x00000018   Code   RO         4421    x$fpl$dcmpinf       fz_wm.l(dcmpi.o)
    0x08006aec   0x000002b0   Code   RO         4251    x$fpl$ddiv          fz_wm.l(ddiv.o)
    0x08006d9c   0x00000078   Code   RO         4326    x$fpl$deqf          fz_wm.l(deqf.o)
    0x08006e14   0x0000002e   Code   RO         4255    x$fpl$dflt          fz_wm.l(dflt_clz.o)
    0x08006e42   0x00000026   Code   RO         4254    x$fpl$dfltu         fz_wm.l(dflt_clz.o)
    0x08006e68   0x00000154   Code   RO         4260    x$fpl$dmul          fz_wm.l(dmul.o)
    0x08006fbc   0x0000009c   Code   RO         4328    x$fpl$dnaninf       fz_wm.l(dnaninf.o)
    0x08007058   0x0000000c   Code   RO         4330    x$fpl$dretinf       fz_wm.l(dretinf.o)
    0x08007064   0x00000016   Code   RO         4321    x$fpl$drsb          fz_wm.l(daddsub_clz.o)
    0x0800707a   0x00000002   PAD
    0x0800707c   0x000001d4   Code   RO         4322    x$fpl$dsub          fz_wm.l(daddsub_clz.o)
    0x08007250   0x00000056   Code   RO         4262    x$fpl$f2d           fz_wm.l(f2d.o)
    0x080072a6   0x0000008c   Code   RO         4332    x$fpl$fnaninf       fz_wm.l(fnaninf.o)
    0x08007332   0x0000000a   Code   RO         4502    x$fpl$fpinit        fz_wm.l(fpinit.o)
    0x0800733c   0x0000000a   Code   RO         4334    x$fpl$fretinf       fz_wm.l(fretinf.o)
    0x08007346   0x00000004   Code   RO         4264    x$fpl$printf1       fz_wm.l(printf1.o)
    0x0800734a   0x00000004   Code   RO         4266    x$fpl$printf2       fz_wm.l(printf2.o)
    0x0800734e   0x00000000   Code   RO         4336    x$fpl$usenofp       fz_wm.l(usenofp.o)
    0x0800734e   0x00000008   Data   RO         1192    .constdata          stm32f4xx_hal_dma.o
    0x08007356   0x00000010   Data   RO         3194    .constdata          system_stm32f4xx.o
    0x08007366   0x00000008   Data   RO         3195    .constdata          system_stm32f4xx.o
    0x0800736e   0x00000002   PAD
    0x08007370   0x0000002c   Data   RO         3334    .constdata          my_string.o
    0x0800739c   0x00000008   Data   RO         4174    .constdata          c_w.l(_printf_wctomb.o)
    0x080073a4   0x00000028   Data   RO         4186    .constdata          c_w.l(_printf_hex_int.o)
    0x080073cc   0x00000011   Data   RO         4221    .constdata          c_w.l(__printf_flags_ss_wp.o)
    0x080073dd   0x00000003   PAD
    0x080073e0   0x00000038   Data   RO         4275    .constdata          m_wm.l(log.o)
    0x08007418   0x00000026   Data   RO         4300    .constdata          c_w.l(_printf_fp_hex.o)
    0x0800743e   0x00000002   PAD
    0x08007440   0x00000008   Data   RO         4353    .constdata          m_wm.l(qnan.o)
    0x08007448   0x00000094   Data   RO         4390    .constdata          c_w.l(bigflt0.o)
    0x080074dc   0x00000483   Data   RO          224    .conststring        stm32f4xx_it.o
    0x0800795f   0x00000001   PAD
    0x08007960   0x00000044   Data   RO         3614    .conststring        my_motor.o
    0x080079a4   0x00000028   Data   RO         3924    .conststring        usmart.o
    0x080079cc   0x00000042   Data   RO         4016    .conststring        usmart_config.o
    0x08007a0e   0x00000002   PAD
    0x08007a10   0x00000093   Data   RO         4017    .conststring        usmart_config.o
    0x08007aa3   0x00000001   PAD
    0x08007aa4   0x00000020   Data   RO         4565    Region$$Table       anon$$obj.o
    0x08007ac4   0x0000001c   Data   RO         4418    locale$$data        c_w.l(lc_numeric_c.o)
    0x08007ae0   0x00000110   Data   RO         4432    locale$$data        c_w.l(lc_ctype_c.o)


    Execution Region RW_IRAM1 (Base: 0x20000000, Size: 0x00002fe0, Max: 0x0001c000, ABSOLUTE, COMPRESSED[0x00000080])

    Base Addr    Size         Type   Attr      Idx    E Section Name        Object

    0x20000000   0x0000000c   Data   RW         1625    .data               stm32f4xx_hal.o
    0x2000000c   0x00000004   Data   RW         3196    .data               system_stm32f4xx.o
    0x20000010   0x00000020   Data   RW         3400    .data               my_pid.o
    0x20000030   0x0000000c   Data   RW         3473    .data               my_led.o
    0x2000003c   0x00000012   Data   RW         3537    .data               my_adc.o
    0x2000004e   0x00000002   PAD
    0x20000050   0x00000008   Data   RW         3683    .data               my_tim.o
    0x20000058   0x00000001   Data   RW         3684    .data               my_tim.o
    0x20000059   0x00000003   PAD
    0x2000005c   0x00000004   Data   RW         3771    .data               delay.o
    0x20000060   0x00000004   Data   RW         3838    .data               usart.o
    0x20000064   0x00000004   Data   RW         3839    .data               usart.o
    0x20000068   0x0000001c   Data   RW         3925    .data               usmart.o
    0x20000084   0x00000024   Data   RW         4018    .data               usmart_config.o
    0x200000a8   0x00000030   Data   RW         4019    .data               usmart_config.o
    0x200000d8   0x000000f4   Data   RW         4020    .data               usmart_config.o
    0x200001cc   0x00000800   Zero   RW         3333    .bss                my_string.o
    0x200009cc   0x00000048   Zero   RW         3399    .bss                my_pid.o
    0x20000a14   0x00001cc8   Zero   RW         3532    .bss                my_adc.o
    0x200026dc   0x0000014c   Zero   RW         3682    .bss                my_tim.o
    0x20002828   0x00000110   Zero   RW         3837    .bss                usart.o
    0x20002938   0x00000048   Zero   RW         3923    .bss                usmart.o
    0x20002980   0x00000060   Zero   RW         4428    .bss                c_w.l(libspace.o)
    0x200029e0   0x00000200   Zero   RW            2    HEAP                startup_stm32f407xx.o
    0x20002be0   0x00000400   Zero   RW            1    STACK               startup_stm32f407xx.o


    Execution Region RW_IRAM2 (Base: 0x2001c000, Size: 0x00000000, Max: 0x00004000, ABSOLUTE)

    **** No section assigned to this execution region ****


==============================================================================

Image component sizes


      Code (inc. data)   RO Data    RW Data    ZI Data      Debug   Object Name

       136         40          0          0          0       1368   code.o
        98          8          0          4          0       3871   delay.o
       428         30          0          0          0     709236   main.o
       848        122          0         18       7368       4867   my_adc.o
        20          6          0         12          0       2056   my_led.o
       634         86         68          0          0       4993   my_motor.o
       552         54          0         32         72       3999   my_pid.o
       888        172         44          0       2048      36074   my_string.o
      1028        146          0          9        332      10061   my_tim.o
        64         26        392          0       1536        836   startup_stm32f407xx.o
       146         24          0         12          0       9223   stm32f4xx_hal.o
      1308         66          0          0          0       8131   stm32f4xx_hal_adc.o
       258         24          0          0          0      35016   stm32f4xx_hal_cortex.o
      1084         16          8          0          0       7294   stm32f4xx_hal_dma.o
       522         46          0          0          0       2813   stm32f4xx_hal_gpio.o
         0          0          0          0          0     700512   stm32f4xx_hal_msp.o
      1344         72          0          0          0       5204   stm32f4xx_hal_rcc.o
      2084        148          0          0          0      15790   stm32f4xx_hal_tim.o
       410         28          0          0          0       4630   stm32f4xx_hal_tim_ex.o
      1378         16          0          0          0       9796   stm32f4xx_hal_uart.o
       126         60       1155          0          0       7019   stm32f4xx_it.o
        16          4         24          4          0       1111   system_stm32f4xx.o
         2          0          0          0          0        462   test.o
       362         52          0          8        272       7493   usart.o
      2860       1354         40         28         72       8047   usmart.o
       388        174        213        328          0       3350   usmart_config.o
      1134         20          0          0          0       9491   usmart_str.o

    ----------------------------------------------------------------------
     18148       2794       1982        460      11700    1612743   Object Totals
         0          0         32          0          0          0   (incl. Generated)
        30          0          6          5          0          0   (incl. Padding)

    ----------------------------------------------------------------------

      Code (inc. data)   RO Data    RW Data    ZI Data      Debug   Library Member Name

        90          0          0          0          0          0   __dczerorl2.o
         8          0          0          0          0         68   __main.o
       392          4         17          0          0         92   __printf_flags_ss_wp.o
        14          0          0          0          0         68   __printf_wp.o
         0          0          0          0          0          0   __rtentry.o
        12          0          0          0          0          0   __rtentry2.o
         6          0          0          0          0          0   __rtentry4.o
        52          8          0          0          0          0   __scatter.o
        28          0          0          0          0          0   __scatter_zi.o
         6          0          0          0          0          0   _printf_a.o
         6          0          0          0          0          0   _printf_c.o
        44          0          0          0          0        108   _printf_char.o
        48          6          0          0          0         96   _printf_char_common.o
        36          4          0          0          0         80   _printf_char_file.o
         6          0          0          0          0          0   _printf_d.o
       120         16          0          0          0         92   _printf_dec.o
         6          0          0          0          0          0   _printf_e.o
         6          0          0          0          0          0   _printf_f.o
      1050          0          0          0          0        216   _printf_fp_dec.o
       764          8         38          0          0        100   _printf_fp_hex.o
       128         16          0          0          0         84   _printf_fp_infnan.o
         6          0          0          0          0          0   _printf_g.o
        88          4         40          0          0         88   _printf_hex_int.o
         6          0          0          0          0          0   _printf_i.o
       178          0          0          0          0         88   _printf_intcommon.o
        10          0          0          0          0          0   _printf_l.o
         6          0          0          0          0          0   _printf_lc.o
         6          0          0          0          0          0   _printf_o.o
        84         10          0          0          0         88   _printf_oct_int.o
        78          0          0          0          0        108   _printf_pad.o
         0          0          0          0          0          0   _printf_percent.o
         4          0          0          0          0          0   _printf_percent_end.o
         6          0          0          0          0          0   _printf_s.o
        82          0          0          0          0         80   _printf_str.o
        36          0          0          0          0         84   _printf_truncate.o
         6          0          0          0          0          0   _printf_u.o
        44          0          0          0          0        108   _printf_wchar.o
       188          6          8          0          0         92   _printf_wctomb.o
         6          0          0          0          0          0   _printf_x.o
        22          0          0          0          0        100   _rserrno.o
        16          0          0          0          0         68   _snputc.o
        10          0          0          0          0         68   _sputc.o
        64          0          0          0          0         92   _wcrtomb.o
       220          4        148          0          0         96   bigflt0.o
      1910        128          0          0          0        672   btod.o
        18          0          0          0          0         80   exit.o
         8          0          0          0          0         68   ferror.o
         6          0          0          0          0        152   heapauxi.o
        44         10        272          0          0         76   lc_ctype_c.o
        44         10         28          0          0         76   lc_numeric_c.o
         2          0          0          0          0          0   libinit.o
        34          0          0          0          0          0   libinit2.o
         2          0          0          0          0          0   libshutdown.o
         2          0          0          0          0          0   libshutdown2.o
         8          4          0          0         96         68   libspace.o
       138          0          0          0          0         80   lludiv10.o
       238          0          0          0          0        100   lludivv7m.o
        24          4          0          0          0         84   noretval__2printf.o
        52          4          0          0          0         84   noretval__2snprintf.o
        16          4          0          0          0         76   rt_ctype_table.o
         8          4          0          0          0         68   rt_errno_addr_intlibspace.o
         8          4          0          0          0         68   rt_locale_intlibspace.o
        78          0          0          0          0         80   rt_memclr_w.o
       100          0          0          0          0         80   rt_memcpy_w.o
         2          0          0          0          0          0   rtexit.o
        10          0          0          0          0          0   rtexit2.o
        24          0          0          0          0         68   strcat.o
       128          0          0          0          0         68   strcmpv7m.o
        74          0          0          0          0         80   sys_stackheap_outer.o
         2          0          0          0          0         68   use_no_semi.o
         2          0          0          0          0         68   use_no_semi_2.o
        24          0          0          0          0        164   basic.o
        98          4          0          0          0        140   d2f.o
       826         16          0          0          0        492   daddsub_clz.o
        24          0          0          0          0        116   dcmpi.o
       688        140          0          0          0        256   ddiv.o
       120          4          0          0          0        140   deqf.o
        84          0          0          0          0        232   dflt_clz.o
       340         12          0          0          0        152   dmul.o
       156          4          0          0          0        140   dnaninf.o
        12          0          0          0          0        116   dretinf.o
        86          4          0          0          0        132   f2d.o
       140          4          0          0          0        132   fnaninf.o
        10          0          0          0          0        116   fpinit.o
        10          0          0          0          0        116   fretinf.o
         4          0          0          0          0        116   printf1.o
         4          0          0          0          0        116   printf2.o
         0          0          0          0          0          0   usenofp.o
       100         28          0          0          0        372   dunder.o
        48          0          0          0          0        124   fpclassify.o
       964         92         56          0          0        316   log.o
       248          0          0          0          0        152   poly.o
         0          0          8          0          0          0   qnan.o

    ----------------------------------------------------------------------
     10978        566        620          0         96       8068   Library Totals
        22          0          5          0          0          0   (incl. Padding)

    ----------------------------------------------------------------------

      Code (inc. data)   RO Data    RW Data    ZI Data      Debug   Library Name

      6970        258        551          0         96       4428   c_w.l
      2626        188          0          0          0       2676   fz_wm.l
      1360        120         64          0          0        964   m_wm.l

    ----------------------------------------------------------------------
     10978        566        620          0         96       8068   Library Totals

    ----------------------------------------------------------------------

==============================================================================


      Code (inc. data)   RO Data    RW Data    ZI Data      Debug   

     29126       3360       2602        460      11796    1600815   Grand Totals
     29126       3360       2602        128      11796    1600815   ELF Image Totals (compressed)
     29126       3360       2602        128          0          0   ROM Totals

==============================================================================

    Total RO  Size (Code + RO Data)                31728 (  30.98kB)
    Total RW  Size (RW Data + ZI Data)             12256 (  11.97kB)
    Total ROM Size (Code + RO Data + RW Data)      31856 (  31.11kB)

==============================================================================

