Component: ARM Compiler 5.06 update 3 (build 300) Tool: armlink [4d35c9]

==============================================================================

Section Cross References

    startup_stm32f407xx.o(STACK) refers (Special) to heapauxi.o(.text) for __use_two_region_memory
    startup_stm32f407xx.o(HEAP) refers (Special) to heapauxi.o(.text) for __use_two_region_memory
    startup_stm32f407xx.o(RESET) refers (Special) to heapauxi.o(.text) for __use_two_region_memory
    startup_stm32f407xx.o(RESET) refers to startup_stm32f407xx.o(STACK) for __initial_sp
    startup_stm32f407xx.o(RESET) refers to startup_stm32f407xx.o(.text) for Reset_Handler
    startup_stm32f407xx.o(RESET) refers to stm32f4xx_it.o(i.NMI_Handler) for NMI_Handler
    startup_stm32f407xx.o(RESET) refers to stm32f4xx_it.o(i.HardFault_Handler) for HardFault_Handler
    startup_stm32f407xx.o(RESET) refers to stm32f4xx_it.o(i.MemManage_Handler) for MemManage_Handler
    startup_stm32f407xx.o(RESET) refers to stm32f4xx_it.o(i.BusFault_Handler) for BusFault_Handler
    startup_stm32f407xx.o(RESET) refers to stm32f4xx_it.o(i.UsageFault_Handler) for UsageFault_Handler
    startup_stm32f407xx.o(RESET) refers to stm32f4xx_it.o(i.SVC_Handler) for SVC_Handler
    startup_stm32f407xx.o(RESET) refers to stm32f4xx_it.o(i.DebugMon_Handler) for DebugMon_Handler
    startup_stm32f407xx.o(RESET) refers to stm32f4xx_it.o(i.PendSV_Handler) for PendSV_Handler
    startup_stm32f407xx.o(RESET) refers to stm32f4xx_it.o(i.SysTick_Handler) for SysTick_Handler
    startup_stm32f407xx.o(RESET) refers to usmart.o(i.TIM4_IRQHandler) for TIM4_IRQHandler
    startup_stm32f407xx.o(RESET) refers to usart.o(i.USART1_IRQHandler) for USART1_IRQHandler
    startup_stm32f407xx.o(RESET) refers to my_tim.o(i.TIM6_DAC_IRQHandler) for TIM6_DAC_IRQHandler
    startup_stm32f407xx.o(.text) refers (Special) to heapauxi.o(.text) for __use_two_region_memory
    startup_stm32f407xx.o(.text) refers to system_stm32f4xx.o(i.SystemInit) for SystemInit
    startup_stm32f407xx.o(.text) refers to __main.o(!!!main) for __main
    startup_stm32f407xx.o(.text) refers to startup_stm32f407xx.o(HEAP) for Heap_Mem
    startup_stm32f407xx.o(.text) refers to startup_stm32f407xx.o(STACK) for Stack_Mem
    main.o(i.MX_GPIO_Init) refers to rt_memclr_w.o(.text) for __aeabi_memclr4
    main.o(i.MX_GPIO_Init) refers to stm32f4xx_hal_gpio.o(i.HAL_GPIO_WritePin) for HAL_GPIO_WritePin
    main.o(i.MX_GPIO_Init) refers to stm32f4xx_hal_gpio.o(i.HAL_GPIO_Init) for HAL_GPIO_Init
    main.o(i.SystemClock_Config) refers to rt_memclr_w.o(.text) for __aeabi_memclr4
    main.o(i.SystemClock_Config) refers to stm32f4xx_hal_rcc.o(i.HAL_RCC_OscConfig) for HAL_RCC_OscConfig
    main.o(i.SystemClock_Config) refers to stm32f4xx_hal_rcc.o(i.HAL_RCC_ClockConfig) for HAL_RCC_ClockConfig
    main.o(i.main) refers to stm32f4xx_hal.o(i.HAL_Init) for HAL_Init
    main.o(i.main) refers to main.o(i.SystemClock_Config) for SystemClock_Config
    main.o(i.main) refers to main.o(i.MX_GPIO_Init) for MX_GPIO_Init
    main.o(i.main) refers to code.o(i.CODE_MAIN) for CODE_MAIN
    stm32f4xx_it.o(i.HardFault_Handler) refers to _printf_percent.o(.ARM.Collect$$_printf_percent$$00000000) for _printf_percent
    stm32f4xx_it.o(i.HardFault_Handler) refers to _printf_s.o(.ARM.Collect$$_printf_percent$$00000014) for _printf_s
    stm32f4xx_it.o(i.HardFault_Handler) refers to _printf_str.o(.text) for _printf_str
    stm32f4xx_it.o(i.HardFault_Handler) refers to noretval__2printf.o(.text) for __2printf
    stm32f4xx_it.o(i.HardFault_Handler) refers to rt_memcpy_w.o(.text) for __aeabi_memcpy4
    stm32f4xx_it.o(i.HardFault_Handler) refers to stm32f4xx_hal_cortex.o(i.HAL_NVIC_SystemReset) for HAL_NVIC_SystemReset
    stm32f4xx_it.o(i.HardFault_Handler) refers to stm32f4xx_it.o(.conststring) for .conststring
    stm32f4xx_it.o(i.SysTick_Handler) refers to stm32f4xx_hal.o(i.HAL_IncTick) for HAL_IncTick
    stm32f4xx_hal_tim.o(i.HAL_TIM_Base_DeInit) refers to stm32f4xx_hal_tim.o(i.HAL_TIM_Base_MspDeInit) for HAL_TIM_Base_MspDeInit
    stm32f4xx_hal_tim.o(i.HAL_TIM_Base_Init) refers to stm32f4xx_hal_tim.o(i.HAL_TIM_Base_MspInit) for HAL_TIM_Base_MspInit
    stm32f4xx_hal_tim.o(i.HAL_TIM_Base_Init) refers to stm32f4xx_hal_tim.o(i.TIM_Base_SetConfig) for TIM_Base_SetConfig
    stm32f4xx_hal_tim.o(i.HAL_TIM_Base_Start_DMA) refers to stm32f4xx_hal_dma.o(i.HAL_DMA_Start_IT) for HAL_DMA_Start_IT
    stm32f4xx_hal_tim.o(i.HAL_TIM_Base_Start_DMA) refers to stm32f4xx_hal_tim.o(i.TIM_DMAPeriodElapsedCplt) for TIM_DMAPeriodElapsedCplt
    stm32f4xx_hal_tim.o(i.HAL_TIM_Base_Start_DMA) refers to stm32f4xx_hal_tim.o(i.TIM_DMAPeriodElapsedHalfCplt) for TIM_DMAPeriodElapsedHalfCplt
    stm32f4xx_hal_tim.o(i.HAL_TIM_Base_Start_DMA) refers to stm32f4xx_hal_tim.o(i.TIM_DMAError) for TIM_DMAError
    stm32f4xx_hal_tim.o(i.HAL_TIM_Base_Stop_DMA) refers to stm32f4xx_hal_dma.o(i.HAL_DMA_Abort_IT) for HAL_DMA_Abort_IT
[...]
    CL$$btod_emul                            0x08001a1a   Section       40  btod.o(CL$$btod_emul)
    CL$$btod_mult_common                     0x08001a42   Section      580  btod.o(CL$$btod_mult_common)
    i.BusFault_Handler                       0x08001c86   Section        0  stm32f4xx_it.o(i.BusFault_Handler)
    i.CODE_INIT                              0x08001c88   Section        0  code.o(i.CODE_INIT)
    i.CODE_MAIN                              0x08001ca8   Section        0  code.o(i.CODE_MAIN)
    i.DebugMon_Handler                       0x08001ce8   Section        0  stm32f4xx_it.o(i.DebugMon_Handler)
    i.Error_Handler                          0x08001cea   Section        0  main.o(i.Error_Handler)
    i.HAL_DMA_Abort                          0x08001cee   Section        0  stm32f4xx_hal_dma.o(i.HAL_DMA_Abort)
    i.HAL_DMA_Abort_IT                       0x08001d80   Section        0  stm32f4xx_hal_dma.o(i.HAL_DMA_Abort_IT)
    i.HAL_GPIO_Init                          0x08001da4   Section        0  stm32f4xx_hal_gpio.o(i.HAL_GPIO_Init)
    i.HAL_GPIO_ReadPin                       0x08001f94   Section        0  stm32f4xx_hal_gpio.o(i.HAL_GPIO_ReadPin)
    i.HAL_GPIO_TogglePin                     0x08001f9e   Section        0  stm32f4xx_hal_gpio.o(i.HAL_GPIO_TogglePin)
    i.HAL_GPIO_WritePin                      0x08001fae   Section        0  stm32f4xx_hal_gpio.o(i.HAL_GPIO_WritePin)
    i.HAL_GetTick                            0x08001fb8   Section        0  stm32f4xx_hal.o(i.HAL_GetTick)
    i.HAL_IncTick                            0x08001fc4   Section        0  stm32f4xx_hal.o(i.HAL_IncTick)
    i.HAL_Init                               0x08001fd4   Section        0  stm32f4xx_hal.o(i.HAL_Init)
    i.HAL_InitTick                           0x08002008   Section        0  stm32f4xx_hal.o(i.HAL_InitTick)
    i.HAL_MspInit                            0x08002048   Section        0  stm32f4xx_hal.o(i.HAL_MspInit)
    i.HAL_NVIC_EnableIRQ                     0x0800204a   Section        0  stm32f4xx_hal_cortex.o(i.HAL_NVIC_EnableIRQ)
    i.HAL_NVIC_SetPriority                   0x08002064   Section        0  stm32f4xx_hal_cortex.o(i.HAL_NVIC_SetPriority)
    i.HAL_NVIC_SetPriorityGrouping           0x080020a4   Section        0  stm32f4xx_hal_cortex.o(i.HAL_NVIC_SetPriorityGrouping)
    i.HAL_NVIC_SystemReset                   0x080020c8   Section        0  stm32f4xx_hal_cortex.o(i.HAL_NVIC_SystemReset)
    i.HAL_RCC_ClockConfig                    0x080020ec   Section        0  stm32f4xx_hal_rcc.o(i.HAL_RCC_ClockConfig)
    i.HAL_RCC_GetPCLK1Freq                   0x08002220   Section        0  stm32f4xx_hal_rcc.o(i.HAL_RCC_GetPCLK1Freq)
    i.HAL_RCC_GetPCLK2Freq                   0x08002240   Section        0  stm32f4xx_hal_rcc.o(i.HAL_RCC_GetPCLK2Freq)
    i.HAL_RCC_GetSysClockFreq                0x08002260   Section        0  stm32f4xx_hal_rcc.o(i.HAL_RCC_GetSysClockFreq)
    i.HAL_RCC_OscConfig                      0x080022c4   Section        0  stm32f4xx_hal_rcc.o(i.HAL_RCC_OscConfig)
    i.HAL_SYSTICK_CLKSourceConfig            0x08002630   Section        0  stm32f4xx_hal_cortex.o(i.HAL_SYSTICK_CLKSourceConfig)
    i.HAL_SYSTICK_Config                     0x08002648   Section        0  stm32f4xx_hal_cortex.o(i.HAL_SYSTICK_Config)
    i.HAL_TIM_Base_Init                      0x08002670   Section        0  stm32f4xx_hal_tim.o(i.HAL_TIM_Base_Init)
    i.HAL_TIM_Base_MspInit                   0x080026ca   Section        0  stm32f4xx_hal_tim.o(i.HAL_TIM_Base_MspInit)
    i.HAL_TIM_Base_Start_IT                  0x080026cc   Section        0  stm32f4xx_hal_tim.o(i.HAL_TIM_Base_Start_IT)
    i.HAL_UARTEx_RxEventCallback             0x0800274c   Section        0  stm32f4xx_hal_uart.o(i.HAL_UARTEx_RxEventCallback)
    i.HAL_UART_ErrorCallback                 0x0800274e   Section        0  stm32f4xx_hal_uart.o(i.HAL_UART_ErrorCallback)
    i.HAL_UART_GetState                      0x08002750   Section        0  stm32f4xx_hal_uart.o(i.HAL_UART_GetState)
    i.HAL_UART_IRQHandler                    0x0800275c   Section        0  stm32f4xx_hal_uart.o(i.HAL_UART_IRQHandler)
    i.HAL_UART_Init                          0x080029cc   Section        0  stm32f4xx_hal_uart.o(i.HAL_UART_Init)
    i.HAL_UART_MspInit                       0x08002a30   Section        0  usart.o(i.HAL_UART_MspInit)
    i.HAL_UART_Receive_IT                    0x08002aa4   Section        0  stm32f4xx_hal_uart.o(i.HAL_UART_Receive_IT)
    i.HAL_UART_RxCpltCallback                0x08002ac0   Section        0  usart.o(i.HAL_UART_RxCpltCallback)
    i.HAL_UART_TxCpltCallback                0x08002b18   Section        0  stm32f4xx_hal_uart.o(i.HAL_UART_TxCpltCallback)
    i.HardFault_Handler                      0x08002b1c   Section        0  stm32f4xx_it.o(i.HardFault_Handler)
    i.LED_APP_Read                           0x08002b88   Section        0  my_led.o(i.LED_APP_Read)
    i.LED_APP_Toggle                         0x08002b90   Section        0  my_led.o(i.LED_APP_Toggle)
    i.MX_GPIO_Init                           0x08002b98   Section        0  main.o(i.MX_GPIO_Init)
    MX_GPIO_Init                             0x08002b99   Thumb Code   100  main.o(i.MX_GPIO_Init)
    i.MY_TIM6_Init                           0x08002c04   Section        0  my_tim.o(i.MY_TIM6_Init)
    i.MemManage_Handler                      0x08002c64   Section        0  stm32f4xx_it.o(i.MemManage_Handler)
    i.NMI_Handler                            0x08002c66   Section        0  stm32f4xx_it.o(i.NMI_Handler)
    i.PendSV_Handler                         0x08002c68   Section        0  stm32f4xx_it.o(i.PendSV_Handler)
    i.SVC_Handler                            0x08002c6a   Section        0  stm32f4xx_it.o(i.SVC_Handler)
    i.SysTick_Handler                        0x08002c6c   Section        0  stm32f4xx_it.o(i.SysTick_Handler)
    i.SystemClock_Config                     0x08002c70   Section        0  main.o(i.SystemClock_Config)
    i.SystemInit                             0x08002d08   Section        0  system_stm32f4xx.o(i.SystemInit)
    i.TIM4_IRQHandler                        0x08002d18   Section        0  usmart.o(i.TIM4_IRQHandler)
    i.TIM6_DAC_IRQHandler                    0x08002d4c   Section        0  my_tim.o(i.TIM6_DAC_IRQHandler)
    i.TIM_Base_SetConfig                     0x08002d74   Section        0  stm32f4xx_hal_tim.o(i.TIM_Base_SetConfig)
    i.Timer4_Init                            0x08002e4c   Section        0  usmart.o(i.Timer4_Init)
    i.UART_DMAAbortOnError                   0x08002ea0   Section        0  stm32f4xx_hal_uart.o(i.UART_DMAAbortOnError)
    UART_DMAAbortOnError                     0x08002ea1   Thumb Code    16  stm32f4xx_hal_uart.o(i.UART_DMAAbortOnError)
    i.UART_EndRxTransfer                     0x08002eb0   Section        0  stm32f4xx_hal_uart.o(i.UART_EndRxTransfer)
    UART_EndRxTransfer                       0x08002eb1   Thumb Code    78  stm32f4xx_hal_uart.o(i.UART_EndRxTransfer)
    i.UART_Receive_IT                        0x08002efe   Section        0  stm32f4xx_hal_uart.o(i.UART_Receive_IT)
    UART_Receive_IT                          0x08002eff   Thumb Code   194  stm32f4xx_hal_uart.o(i.UART_Receive_IT)
    i.UART_SetConfig                         0x08002fc0   Section        0  stm32f4xx_hal_uart.o(i.UART_SetConfig)
    UART_SetConfig                           0x08002fc1   Thumb Code   258  stm32f4xx_hal_uart.o(i.UART_SetConfig)
    i.UART_Start_Receive_IT                  0x080030cc   Section        0  stm32f4xx_hal_uart.o(i.UART_Start_Receive_IT)
    i.USART1_IRQHandler                      0x08003104   Section        0  usart.o(i.USART1_IRQHandler)
    i.UsageFault_Handler                     0x08003130   Section        0  stm32f4xx_it.o(i.UsageFault_Handler)
    i.__ARM_fpclassify                       0x08003132   Section        0  fpclassify.o(i.__ARM_fpclassify)
    i.__NVIC_SetPriority                     0x08003162   Section        0  stm32f4xx_hal_cortex.o(i.__NVIC_SetPriority)
    __NVIC_SetPriority                       0x08003163   Thumb Code    32  stm32f4xx_hal_cortex.o(i.__NVIC_SetPriority)
    i._is_digit                              0x08003182   Section        0  __printf_wp.o(i._is_digit)
    i._sys_exit                              0x08003190   Section        0  usart.o(i._sys_exit)
    i.delay_init                             0x08003194   Section        0  delay.o(i.delay_init)
    i.delay_ms                               0x080031a8   Section        0  delay.o(i.delay_ms)
    i.delay_us                               0x080031c4   Section        0  delay.o(i.delay_us)
    i.fputc                                  0x080031f8   Section        0  usart.o(i.fputc)
    i.main                                   0x0800320c   Section        0  main.o(i.main)
    i.multi_printf_arrays                    0x08003220   Section        0  my_string.o(i.multi_printf_arrays)
    i.multi_printf_arrays_direct             0x080032d0   Section        0  my_string.o(i.multi_printf_arrays_direct)
    i.muti_printf_self_test                  0x08003380   Section        0  my_string.o(i.muti_printf_self_test)
    i.my_led_self_test                       0x08003488   Section        0  my_led.o(i.my_led_self_test)
    i.my_test                                0x080034a4   Section        0  test.o(i.my_test)
    i.read_addr                              0x080034a6   Section        0  usmart.o(i.read_addr)
    i.uart_init                              0x080034ac   Section        0  usart.o(i.uart_init)
    i.ug                                     0x080034e4   Section        0  usmart_config.o(i.ug)
    i.usmart_cmd_rec                         0x080035e8   Section        0  usmart.o(i.usmart_cmd_rec)
    i.usmart_exe                             0x0800367c   Section        0  usmart.o(i.usmart_exe)
    i.usmart_get_aparm                       0x080038e0   Section        0  usmart_str.o(i.usmart_get_aparm)
    i.usmart_get_cmdname                     0x08003986   Section        0  usmart_str.o(i.usmart_get_cmdname)
    i.usmart_get_fname                       0x080039b4   Section        0  usmart_str.o(i.usmart_get_fname)
    i.usmart_get_fparam                      0x08003b24   Section        0  usmart_str.o(i.usmart_get_fparam)
    i.usmart_get_parmpos                     0x08003bf8   Section        0  usmart_str.o(i.usmart_get_parmpos)
    i.usmart_get_runtime                     0x08003c1c   Section        0  usmart.o(i.usmart_get_runtime)
    i.usmart_init                            0x08003c4c   Section        0  usmart.o(i.usmart_init)
    i.usmart_minnie                          0x08003c74   Section        0  usmart_config.o(i.usmart_minnie)
    i.usmart_pow                             0x08003ce0   Section        0  usmart_str.o(i.usmart_pow)
    i.usmart_reset_runtime                   0x08003cf0   Section        0  usmart.o(i.usmart_reset_runtime)
    i.usmart_scan                            0x08003d18   Section        0  usmart.o(i.usmart_scan)
    i.usmart_search_nextc                    0x08003dbc   Section        0  usmart_str.o(i.usmart_search_nextc)
    i.usmart_str2num                         0x08003dcc   Section        0  usmart_str.o(i.usmart_str2num)
    i.usmart_strcmp                          0x08003ea2   Section        0  usmart_str.o(i.usmart_strcmp)
    i.usmart_strcopy                         0x08003eba   Section        0  usmart_str.o(i.usmart_strcopy)
    i.usmart_strlen                          0x08003ecc   Section        0  usmart_str.o(i.usmart_strlen)
    i.usmart_sys_cmd_exe                     0x08003ee0   Section        0  usmart.o(i.usmart_sys_cmd_exe)
    i.write_addr                             0x08004560   Section        0  usmart.o(i.write_addr)
    locale$$code                             0x08004564   Section       44  lc_numeric_c.o(locale$$code)
    locale$$code                             0x08004590   Section       44  lc_ctype_c.o(locale$$code)
    x$fpl$dretinf                            0x080045bc   Section       12  dretinf.o(x$fpl$dretinf)
    $v0                                      0x080045bc   Number         0  dretinf.o(x$fpl$dretinf)
    x$fpl$f2d                                0x080045c8   Section       86  f2d.o(x$fpl$f2d)
    $v0                                      0x080045c8   Number         0  f2d.o(x$fpl$f2d)
    x$fpl$fnaninf                            0x0800461e   Section      140  fnaninf.o(x$fpl$fnaninf)
    $v0                                      0x0800461e   Number         0  fnaninf.o(x$fpl$fnaninf)
    x$fpl$fpinit                             0x080046aa   Section       10  fpinit.o(x$fpl$fpinit)
    $v0                                      0x080046aa   Number         0  fpinit.o(x$fpl$fpinit)
    x$fpl$printf1                            0x080046b4   Section        4  printf1.o(x$fpl$printf1)
    $v0                                      0x080046b4   Number         0  printf1.o(x$fpl$printf1)
    x$fpl$printf2                            0x080046b8   Section        4  printf2.o(x$fpl$printf2)
    $v0                                      0x080046b8   Number         0  printf2.o(x$fpl$printf2)
    .constdata                               0x080046bc   Section       16  system_stm32f4xx.o(.constdata)
    x$fpl$usenofp                            0x080046bc   Section        0  usenofp.o(x$fpl$usenofp)
    .constdata                               0x080046cc   Section        8  system_stm32f4xx.o(.constdata)
    .constdata                               0x080046d4   Section       44  my_string.o(.constdata)
    .constdata                               0x08004700   Section        8  _printf_wctomb.o(.constdata)
    initial_mbstate                          0x08004700   Data           8  _printf_wctomb.o(.constdata)
    .constdata                               0x08004708   Section       40  _printf_hex_int.o(.constdata)
    uc_hextab                                0x08004708   Data          20  _printf_hex_int.o(.constdata)
    lc_hextab                                0x0800471c   Data          20  _printf_hex_int.o(.constdata)
    .constdata                               0x08004730   Section       17  __printf_flags_ss_wp.o(.constdata)
    maptable                                 0x08004730   Data          17  __printf_flags_ss_wp.o(.constdata)
    .constdata                               0x08004741   Section       38  _printf_fp_hex.o(.constdata)
    lc_hextab                                0x08004741   Data          19  _printf_fp_hex.o(.constdata)
    uc_hextab                                0x08004754   Data          19  _printf_fp_hex.o(.constdata)
    .constdata                               0x08004768   Section      148  bigflt0.o(.constdata)
    tenpwrs_x                                0x08004768   Data          60  bigflt0.o(.constdata)
    tenpwrs_i                                0x080047a4   Data          64  bigflt0.o(.constdata)
    .conststring                             0x080047fc   Section     1155  stm32f4xx_it.o(.conststring)
    .conststring                             0x08004c80   Section       40  usmart.o(.conststring)
    .conststring                             0x08004ca8   Section       42  usmart_config.o(.conststring)
    .conststring                             0x08004cd4   Section      147  usmart_config.o(.conststring)
    locale$$data                             0x08004d88   Section       28  lc_numeric_c.o(locale$$data)
    __lcnum_c_name                           0x08004d8c   Data           2  lc_numeric_c.o(locale$$data)
    __lcnum_c_start                          0x08004d94   Data           0  lc_numeric_c.o(locale$$data)
    __lcnum_c_point                          0x08004da0   Data           0  lc_numeric_c.o(locale$$data)
    __lcnum_c_thousands                      0x08004da2   Data           0  lc_numeric_c.o(locale$$data)
    __lcnum_c_grouping                       0x08004da3   Data           0  lc_numeric_c.o(locale$$data)
    locale$$data                             0x08004da4   Section      272  lc_ctype_c.o(locale$$data)
    __lcnum_c_end                            0x08004da4   Data           0  lc_numeric_c.o(locale$$data)
    __lcctype_c_name                         0x08004da8   Data           2  lc_ctype_c.o(locale$$data)
    __lcctype_c_start                        0x08004db0   Data           0  lc_ctype_c.o(locale$$data)
    __lcctype_c_end                          0x08004eb4   Data           0  lc_ctype_c.o(locale$$data)
    .data                                    0x20000000   Section       12  stm32f4xx_hal.o(.data)
    .data                                    0x2000000c   Section        4  system_stm32f4xx.o(.data)
    .data                                    0x20000010   Section        4  delay.o(.data)
    fac_us                                   0x20000010   Data           4  delay.o(.data)
    .data                                    0x20000014   Section        4  usart.o(.data)
    .data                                    0x20000018   Section        4  usart.o(.data)
    .data                                    0x2000001c   Section       28  usmart.o(.data)
    .data                                    0x20000038   Section       28  usmart_config.o(.data)
    .data                                    0x20000054   Section       48  usmart_config.o(.data)
    .data                                    0x20000084   Section      244  usmart_config.o(.data)
    .data                                    0x20000178   Section       16  my_led.o(.data)
    .bss                                     0x20000188   Section     2048  my_string.o(.bss)
    result                                   0x20000188   Data        1024  my_string.o(.bss)
    result                                   0x20000588   Data        1024  my_string.o(.bss)
    .bss                                     0x20000988   Section      272  usart.o(.bss)
    .bss                                     0x20000a98   Section       72  usmart.o(.bss)
    .bss                                     0x20000ae0   Section       72  my_tim.o(.bss)
    .bss                                     0x20000b28   Section       96  libspace.o(.bss)
    HEAP                                     0x20000b88   Section      512  startup_stm32f407xx.o(HEAP)
    Heap_Mem                                 0x20000b88   Data         512  startup_stm32f407xx.o(HEAP)
    STACK                                    0x20000d88   Section     1024  startup_stm32f407xx.o(STACK)
    Stack_Mem                                0x20000d88   Data        1024  startup_stm32f407xx.o(STACK)
    __initial_sp                             0x20001188   Data           0  startup_stm32f407xx.o(STACK)

    Global Symbols

    Symbol Name                              Value     Ov Type        Size  Object(Section)

    BuildAttributes$$THM_ISAv4$E$P$D$K$B$S$7EM$VFPi3$EXTD16$VFPS$VFMA$PE$A:L22UL41UL21$X:L11$S22US41US21$IEEE1$IW$USESV6$~STKCKD$USESV7$~SHL$OTIME$ROPI$IEEEJ$EBA8$UX$STANDARDLIB$REQ8$PRES8$EABIv2 0x00000000   Number         0  anon$$obj.o ABSOLUTE
    __ARM_use_no_argv                        0x00000000   Number         0  main.o ABSOLUTE
    _printf_flags                            0x00000000   Number         0  printf_stubs.o ABSOLUTE
    _printf_return_value                     0x00000000   Number         0  printf_stubs.o ABSOLUTE
    _printf_sizespec                         0x00000000   Number         0  printf_stubs.o ABSOLUTE
    _printf_widthprec                        0x00000000   Number         0  printf_stubs.o ABSOLUTE
    __ARM_exceptions_init                     - Undefined Weak Reference
    __alloca_initialize                       - Undefined Weak Reference
    __arm_preinit_                            - Undefined Weak Reference
    __cpp_initialize__aeabi_                  - Undefined Weak Reference
    __cxa_finalize                            - Undefined Weak Reference
    __sigvec_lookup                           - Undefined Weak Reference
    _atexit_init                              - Undefined Weak Reference
    _call_atexit_fns                          - Undefined Weak Reference
    _clock_init                               - Undefined Weak Reference
    _fp_trap_init                             - Undefined Weak Reference
    _fp_trap_shutdown                         - Undefined Weak Reference
    _get_lc_collate                           - Undefined Weak Reference
    _get_lc_monetary                          - Undefined Weak Reference
    _get_lc_time                              - Undefined Weak Reference
    _getenv_init                              - Undefined Weak Reference
    _handle_redirection                       - Undefined Weak Reference
    _init_alloc                               - Undefined Weak Reference
    _init_user_alloc                          - Undefined Weak Reference
    _initio                                   - Undefined Weak Reference
    _mutex_acquire                            - Undefined Weak Reference
    _mutex_release                            - Undefined Weak Reference
    _printf_mbtowc                            - Undefined Weak Reference
    _printf_wc                                - Undefined Weak Reference
    _rand_init                                - Undefined Weak Reference
    _signal_finish                            - Undefined Weak Reference
    _signal_init                              - Undefined Weak Reference
    _terminate_alloc                          - Undefined Weak Reference
    _terminate_user_alloc                     - Undefined Weak Reference
    _terminateio                              - Undefined Weak Reference
    __Vectors_Size                           0x00000188   Number         0  startup_stm32f407xx.o ABSOLUTE
    __Vectors                                0x08000000   Data           4  startup_stm32f407xx.o(RESET)
    __Vectors_End                            0x08000188   Data           0  startup_stm32f407xx.o(RESET)
    __main                                   0x08000189   Thumb Code     8  __main.o(!!!main)
    __scatterload                            0x08000191   Thumb Code     0  __scatter.o(!!!scatter)
    __scatterload_rt2                        0x08000191   Thumb Code    44  __scatter.o(!!!scatter)
    __scatterload_rt2_thumb_only             0x08000191   Thumb Code     0  __scatter.o(!!!scatter)
    __scatterload_null                       0x0800019f   Thumb Code     0  __scatter.o(!!!scatter)
    __decompress                             0x080001c5   Thumb Code    90  __dczerorl2.o(!!dczerorl2)
    __decompress1                            0x080001c5   Thumb Code     0  __dczerorl2.o(!!dczerorl2)
    __scatterload_zeroinit                   0x08000221   Thumb Code    28  __scatter_zi.o(!!handler_zi)
    _printf_f                                0x0800023d   Thumb Code     0  _printf_f.o(.ARM.Collect$$_printf_percent$$00000003)
    _printf_percent                          0x0800023d   Thumb Code     0  _printf_percent.o(.ARM.Collect$$_printf_percent$$00000000)
    _printf_e                                0x08000243   Thumb Code     0  _printf_e.o(.ARM.Collect$$_printf_percent$$00000004)
    _printf_g                                0x08000249   Thumb Code     0  _printf_g.o(.ARM.Collect$$_printf_percent$$00000005)
    _printf_a                                0x0800024f   Thumb Code     0  _printf_a.o(.ARM.Collect$$_printf_percent$$00000006)
    _printf_i                                0x08000255   Thumb Code     0  _printf_i.o(.ARM.Collect$$_printf_percent$$00000008)
    _printf_d                                0x0800025b   Thumb Code     0  _printf_d.o(.ARM.Collect$$_printf_percent$$00000009)
    _printf_u                                0x08000261   Thumb Code     0  _printf_u.o(.ARM.Collect$$_printf_percent$$0000000A)
    _printf_o                                0x08000267   Thumb Code     0  _printf_o.o(.ARM.Collect$$_printf_percent$$0000000B)
    _printf_x                                0x0800026d   Thumb Code     0  _printf_x.o(.ARM.Collect$$_printf_percent$$0000000C)
    _printf_l                                0x08000273   Thumb Code     0  _printf_l.o(.ARM.Collect$$_printf_percent$$00000012)
    _printf_c                                0x0800027d   Thumb Code     0  _printf_c.o(.ARM.Collect$$_printf_percent$$00000013)
    _printf_s                                0x08000283   Thumb Code     0  _printf_s.o(.ARM.Collect$$_printf_percent$$00000014)
    _printf_lc                               0x08000289   Thumb Code     0  _printf_lc.o(.ARM.Collect$$_printf_percent$$00000015)
    _printf_percent_end                      0x0800028f   Thumb Code     0  _printf_percent_end.o(.ARM.Collect$$_printf_percent$$00000017)
    __rt_lib_init                            0x08000293   Thumb Code     0  libinit.o(.ARM.Collect$$libinit$$00000000)
    __rt_lib_init_fp_1                       0x08000295   Thumb Code     0  libinit2.o(.ARM.Collect$$libinit$$00000001)
    __rt_lib_init_heap_1                     0x08000299   Thumb Code     0  libinit2.o(.ARM.Collect$$libinit$$0000000A)
    __rt_lib_init_lc_common                  0x08000299   Thumb Code     0  libinit2.o(.ARM.Collect$$libinit$$0000000F)
    __rt_lib_init_preinit_1                  0x08000299   Thumb Code     0  libinit2.o(.ARM.Collect$$libinit$$00000004)
    __rt_lib_init_rand_1                     0x08000299   Thumb Code     0  libinit2.o(.ARM.Collect$$libinit$$0000000E)
    __rt_lib_init_user_alloc_1               0x08000299   Thumb Code     0  libinit2.o(.ARM.Collect$$libinit$$0000000C)
    __rt_lib_init_lc_collate_1               0x0800029f   Thumb Code     0  libinit2.o(.ARM.Collect$$libinit$$00000011)
    __rt_lib_init_lc_ctype_2                 0x0800029f   Thumb Code     0  libinit2.o(.ARM.Collect$$libinit$$00000012)
    __rt_lib_init_lc_ctype_1                 0x080002ab   Thumb Code     0  libinit2.o(.ARM.Collect$$libinit$$00000013)
    __rt_lib_init_lc_monetary_1              0x080002ab   Thumb Code     0  libinit2.o(.ARM.Collect$$libinit$$00000015)
    __rt_lib_init_lc_numeric_2               0x080002ab   Thumb Code     0  libinit2.o(.ARM.Collect$$libinit$$00000016)
    __rt_lib_init_alloca_1                   0x080002b5   Thumb Code     0  libinit2.o(.ARM.Collect$$libinit$$0000002E)
    __rt_lib_init_argv_1                     0x080002b5   Thumb Code     0  libinit2.o(.ARM.Collect$$libinit$$0000002C)
    __rt_lib_init_atexit_1                   0x080002b5   Thumb Code     0  libinit2.o(.ARM.Collect$$libinit$$0000001B)
    __rt_lib_init_clock_1                    0x080002b5   Thumb Code     0  libinit2.o(.ARM.Collect$$libinit$$00000021)
    __rt_lib_init_cpp_1                      0x080002b5   Thumb Code     0  libinit2.o(.ARM.Collect$$libinit$$00000032)
    __rt_lib_init_exceptions_1               0x080002b5   Thumb Code     0  libinit2.o(.ARM.Collect$$libinit$$00000030)
    __rt_lib_init_fp_trap_1                  0x080002b5   Thumb Code     0  libinit2.o(.ARM.Collect$$libinit$$0000001F)
    __rt_lib_init_getenv_1                   0x080002b5   Thumb Code     0  libinit2.o(.ARM.Collect$$libinit$$00000023)
    __rt_lib_init_lc_numeric_1               0x080002b5   Thumb Code     0  libinit2.o(.ARM.Collect$$libinit$$00000017)
    __rt_lib_init_lc_time_1                  0x080002b5   Thumb Code     0  libinit2.o(.ARM.Collect$$libinit$$00000019)
    __rt_lib_init_return                     0x080002b5   Thumb Code     0  libinit2.o(.ARM.Collect$$libinit$$00000033)
    __rt_lib_init_signal_1                   0x080002b5   Thumb Code     0  libinit2.o(.ARM.Collect$$libinit$$0000001D)
    __rt_lib_init_stdio_1                    0x080002b5   Thumb Code     0  libinit2.o(.ARM.Collect$$libinit$$00000025)
    __rt_lib_shutdown                        0x080002b7   Thumb Code     0  libshutdown.o(.ARM.Collect$$libshutdown$$00000000)
    __rt_lib_shutdown_cpp_1                  0x080002b9   Thumb Code     0  libshutdown2.o(.ARM.Collect$$libshutdown$$00000002)
    __rt_lib_shutdown_fp_trap_1              0x080002b9   Thumb Code     0  libshutdown2.o(.ARM.Collect$$libshutdown$$00000007)
    __rt_lib_shutdown_heap_1                 0x080002b9   Thumb Code     0  libshutdown2.o(.ARM.Collect$$libshutdown$$0000000F)
    __rt_lib_shutdown_return                 0x080002b9   Thumb Code     0  libshutdown2.o(.ARM.Collect$$libshutdown$$00000010)
    __rt_lib_shutdown_signal_1               0x080002b9   Thumb Code     0  libshutdown2.o(.ARM.Collect$$libshutdown$$0000000A)
    __rt_lib_shutdown_stdio_1                0x080002b9   Thumb Code     0  libshutdown2.o(.ARM.Collect$$libshutdown$$00000004)
    __rt_lib_shutdown_user_alloc_1           0x080002b9   Thumb Code     0  libshutdown2.o(.ARM.Collect$$libshutdown$$0000000C)
    __rt_entry                               0x080002bb   Thumb Code     0  __rtentry.o(.ARM.Collect$$rtentry$$00000000)
    __rt_entry_presh_1                       0x080002bb   Thumb Code     0  __rtentry2.o(.ARM.Collect$$rtentry$$00000002)
    __rt_entry_sh                            0x080002bb   Thumb Code     0  __rtentry4.o(.ARM.Collect$$rtentry$$00000004)
    __rt_entry_li                            0x080002c1   Thumb Code     0  __rtentry2.o(.ARM.Collect$$rtentry$$0000000A)
    __rt_entry_postsh_1                      0x080002c1   Thumb Code     0  __rtentry2.o(.ARM.Collect$$rtentry$$00000009)
    __rt_entry_main                          0x080002c5   Thumb Code     0  __rtentry2.o(.ARM.Collect$$rtentry$$0000000D)
    __rt_entry_postli_1                      0x080002c5   Thumb Code     0  __rtentry2.o(.ARM.Collect$$rtentry$$0000000C)
    __rt_exit                                0x080002cd   Thumb Code     0  rtexit.o(.ARM.Collect$$rtexit$$00000000)
    __rt_exit_ls                             0x080002cf   Thumb Code     0  rtexit2.o(.ARM.Collect$$rtexit$$00000003)
    __rt_exit_prels_1                        0x080002cf   Thumb Code     0  rtexit2.o(.ARM.Collect$$rtexit$$00000002)
    __rt_exit_exit                           0x080002d3   Thumb Code     0  rtexit2.o(.ARM.Collect$$rtexit$$00000004)
    Reset_Handler                            0x080002d9   Thumb Code     8  startup_stm32f407xx.o(.text)
    ADC_IRQHandler                           0x080002f3   Thumb Code     0  startup_stm32f407xx.o(.text)
    CAN1_RX0_IRQHandler                      0x080002f3   Thumb Code     0  startup_stm32f407xx.o(.text)
    CAN1_RX1_IRQHandler                      0x080002f3   Thumb Code     0  startup_stm32f407xx.o(.text)
    CAN1_SCE_IRQHandler                      0x080002f3   Thumb Code     0  startup_stm32f407xx.o(.text)
    CAN1_TX_IRQHandler                       0x080002f3   Thumb Code     0  startup_stm32f407xx.o(.text)
    CAN2_RX0_IRQHandler                      0x080002f3   Thumb Code     0  startup_stm32f407xx.o(.text)
    CAN2_RX1_IRQHandler                      0x080002f3   Thumb Code     0  startup_stm32f407xx.o(.text)
    CAN2_SCE_IRQHandler                      0x080002f3   Thumb Code     0  startup_stm32f407xx.o(.text)
    CAN2_TX_IRQHandler                       0x080002f3   Thumb Code     0  startup_stm32f407xx.o(.text)
    DCMI_IRQHandler                          0x080002f3   Thumb Code     0  startup_stm32f407xx.o(.text)
    DMA1_Stream0_IRQHandler                  0x080002f3   Thumb Code     0  startup_stm32f407xx.o(.text)
    DMA1_Stream1_IRQHandler                  0x080002f3   Thumb Code     0  startup_stm32f407xx.o(.text)
    DMA1_Stream2_IRQHandler                  0x080002f3   Thumb Code     0  startup_stm32f407xx.o(.text)
    DMA1_Stream3_IRQHandler                  0x080002f3   Thumb Code     0  startup_stm32f407xx.o(.text)
    DMA1_Stream4_IRQHandler                  0x080002f3   Thumb Code     0  startup_stm32f407xx.o(.text)
    DMA1_Stream5_IRQHandler                  0x080002f3   Thumb Code     0  startup_stm32f407xx.o(.text)
    DMA1_Stream6_IRQHandler                  0x080002f3   Thumb Code     0  startup_stm32f407xx.o(.text)
    DMA1_Stream7_IRQHandler                  0x080002f3   Thumb Code     0  startup_stm32f407xx.o(.text)
    DMA2_Stream0_IRQHandler                  0x080002f3   Thumb Code     0  startup_stm32f407xx.o(.text)
    DMA2_Stream1_IRQHandler                  0x080002f3   Thumb Code     0  startup_stm32f407xx.o(.text)
    DMA2_Stream2_IRQHandler                  0x080002f3   Thumb Code     0  startup_stm32f407xx.o(.text)
    DMA2_Stream3_IRQHandler                  0x080002f3   Thumb Code     0  startup_stm32f407xx.o(.text)
    DMA2_Stream4_IRQHandler                  0x080002f3   Thumb Code     0  startup_stm32f407xx.o(.text)
    DMA2_Stream5_IRQHandler                  0x080002f3   Thumb Code     0  startup_stm32f407xx.o(.text)
    DMA2_Stream6_IRQHandler                  0x080002f3   Thumb Code     0  startup_stm32f407xx.o(.text)
    DMA2_Stream7_IRQHandler                  0x080002f3   Thumb Code     0  startup_stm32f407xx.o(.text)
    ETH_IRQHandler                           0x080002f3   Thumb Code     0  startup_stm32f407xx.o(.text)
    ETH_WKUP_IRQHandler                      0x080002f3   Thumb Code     0  startup_stm32f407xx.o(.text)
    EXTI0_IRQHandler                         0x080002f3   Thumb Code     0  startup_stm32f407xx.o(.text)
    EXTI15_10_IRQHandler                     0x080002f3   Thumb Code     0  startup_stm32f407xx.o(.text)
    EXTI1_IRQHandler                         0x080002f3   Thumb Code     0  startup_stm32f407xx.o(.text)
    EXTI2_IRQHandler                         0x080002f3   Thumb Code     0  startup_stm32f407xx.o(.text)
    EXTI3_IRQHandler                         0x080002f3   Thumb Code     0  startup_stm32f407xx.o(.text)
    EXTI4_IRQHandler                         0x080002f3   Thumb Code     0  startup_stm32f407xx.o(.text)
    EXTI9_5_IRQHandler                       0x080002f3   Thumb Code     0  startup_stm32f407xx.o(.text)
    FLASH_IRQHandler                         0x080002f3   Thumb Code     0  startup_stm32f407xx.o(.text)
    FMC_IRQHandler                           0x080002f3   Thumb Code     0  startup_stm32f407xx.o(.text)
    FPU_IRQHandler                           0x080002f3   Thumb Code     0  startup_stm32f407xx.o(.text)
    HASH_RNG_IRQHandler                      0x080002f3   Thumb Code     0  startup_stm32f407xx.o(.text)
    I2C1_ER_IRQHandler                       0x080002f3   Thumb Code     0  startup_stm32f407xx.o(.text)
    I2C1_EV_IRQHandler                       0x080002f3   Thumb Code     0  startup_stm32f407xx.o(.text)
    I2C2_ER_IRQHandler                       0x080002f3   Thumb Code     0  startup_stm32f407xx.o(.text)
    I2C2_EV_IRQHandler                       0x080002f3   Thumb Code     0  startup_stm32f407xx.o(.text)
    I2C3_ER_IRQHandler                       0x080002f3   Thumb Code     0  startup_stm32f407xx.o(.text)
    I2C3_EV_IRQHandler                       0x080002f3   Thumb Code     0  startup_stm32f407xx.o(.text)
    OTG_FS_IRQHandler                        0x080002f3   Thumb Code     0  startup_stm32f407xx.o(.text)
    OTG_FS_WKUP_IRQHandler                   0x080002f3   Thumb Code     0  startup_stm32f407xx.o(.text)
    OTG_HS_EP1_IN_IRQHandler                 0x080002f3   Thumb Code     0  startup_stm32f407xx.o(.text)
    OTG_HS_EP1_OUT_IRQHandler                0x080002f3   Thumb Code     0  startup_stm32f407xx.o(.text)
    OTG_HS_IRQHandler                        0x080002f3   Thumb Code     0  startup_stm32f407xx.o(.text)
    OTG_HS_WKUP_IRQHandler                   0x080002f3   Thumb Code     0  startup_stm32f407xx.o(.text)
    PVD_IRQHandler                           0x080002f3   Thumb Code     0  startup_stm32f407xx.o(.text)
    RCC_IRQHandler                           0x080002f3   Thumb Code     0  startup_stm32f407xx.o(.text)
    RTC_Alarm_IRQHandler                     0x080002f3   Thumb Code     0  startup_stm32f407xx.o(.text)
    RTC_WKUP_IRQHandler                      0x080002f3   Thumb Code     0  startup_stm32f407xx.o(.text)
    SDIO_IRQHandler                          0x080002f3   Thumb Code     0  startup_stm32f407xx.o(.text)
    SPI1_IRQHandler                          0x080002f3   Thumb Code     0  startup_stm32f407xx.o(.text)
    SPI2_IRQHandler                          0x080002f3   Thumb Code     0  startup_stm32f407xx.o(.text)
    SPI3_IRQHandler                          0x080002f3   Thumb Code     0  startup_stm32f407xx.o(.text)
    TAMP_STAMP_IRQHandler                    0x080002f3   Thumb Code     0  startup_stm32f407xx.o(.text)
    TIM1_BRK_TIM9_IRQHandler                 0x080002f3   Thumb Code     0  startup_stm32f407xx.o(.text)
    TIM1_CC_IRQHandler                       0x080002f3   Thumb Code     0  startup_stm32f407xx.o(.text)
    TIM1_TRG_COM_TIM11_IRQHandler            0x080002f3   Thumb Code     0  startup_stm32f407xx.o(.text)
    TIM1_UP_TIM10_IRQHandler                 0x080002f3   Thumb Code     0  startup_stm32f407xx.o(.text)
    TIM2_IRQHandler                          0x080002f3   Thumb Code     0  startup_stm32f407xx.o(.text)
    TIM3_IRQHandler                          0x080002f3   Thumb Code     0  startup_stm32f407xx.o(.text)
    TIM5_IRQHandler                          0x080002f3   Thumb Code     0  startup_stm32f407xx.o(.text)
    TIM7_IRQHandler                          0x080002f3   Thumb Code     0  startup_stm32f407xx.o(.text)
    TIM8_BRK_TIM12_IRQHandler                0x080002f3   Thumb Code     0  startup_stm32f407xx.o(.text)
    TIM8_CC_IRQHandler                       0x080002f3   Thumb Code     0  startup_stm32f407xx.o(.text)
    TIM8_TRG_COM_TIM14_IRQHandler            0x080002f3   Thumb Code     0  startup_stm32f407xx.o(.text)
    TIM8_UP_TIM13_IRQHandler                 0x080002f3   Thumb Code     0  startup_stm32f407xx.o(.text)
    UART4_IRQHandler                         0x080002f3   Thumb Code     0  startup_stm32f407xx.o(.text)
    UART5_IRQHandler                         0x080002f3   Thumb Code     0  startup_stm32f407xx.o(.text)
    USART2_IRQHandler                        0x080002f3   Thumb Code     0  startup_stm32f407xx.o(.text)
    USART3_IRQHandler                        0x080002f3   Thumb Code     0  startup_stm32f407xx.o(.text)
    USART6_IRQHandler                        0x080002f3   Thumb Code     0  startup_stm32f407xx.o(.text)
    WWDG_IRQHandler                          0x080002f3   Thumb Code     0  startup_stm32f407xx.o(.text)
    __user_initial_stackheap                 0x080002f5   Thumb Code     0  startup_stm32f407xx.o(.text)
    __use_no_semihosting                     0x08000319   Thumb Code     2  use_no_semi_2.o(.text)
    __aeabi_uldivmod                         0x0800031b   Thumb Code     0  lludivv7m.o(.text)
    _ll_udiv                                 0x0800031b   Thumb Code   238  lludivv7m.o(.text)
    __2printf                                0x08000409   Thumb Code    20  noretval__2printf.o(.text)
    __2snprintf                              0x08000421   Thumb Code    48  noretval__2snprintf.o(.text)
    _printf_pre_padding                      0x08000455   Thumb Code    44  _printf_pad.o(.text)
    _printf_post_padding                     0x08000481   Thumb Code    34  _printf_pad.o(.text)
    _printf_truncate_signed                  0x080004a3   Thumb Code    18  _printf_truncate.o(.text)
    _printf_truncate_unsigned                0x080004b5   Thumb Code    18  _printf_truncate.o(.text)
    _printf_str                              0x080004c7   Thumb Code    82  _printf_str.o(.text)
    _printf_int_dec                          0x08000519   Thumb Code   104  _printf_dec.o(.text)
    _printf_wctomb                           0x08000591   Thumb Code   182  _printf_wctomb.o(.text)
    _printf_int_oct                          0x0800064d   Thumb Code    74  _printf_oct_int.o(.text)
    _printf_longlong_oct                     0x0800064d   Thumb Code     0  _printf_oct_int.o(.text)
    _printf_int_hex                          0x080006a1   Thumb Code    84  _printf_hex_int.o(.text)
    _printf_longlong_hex                     0x080006a1   Thumb Code     0  _printf_hex_int.o(.text)
    __printf                                 0x080006f9   Thumb Code   388  __printf_flags_ss_wp.o(.text)
    strcat                                   0x08000881   Thumb Code    24  strcat.o(.text)
    __aeabi_memcpy4                          0x08000899   Thumb Code     0  rt_memcpy_w.o(.text)
    __aeabi_memcpy8                          0x08000899   Thumb Code     0  rt_memcpy_w.o(.text)
    __rt_memcpy_w                            0x08000899   Thumb Code   100  rt_memcpy_w.o(.text)
    _memcpy_lastbytes_aligned                0x080008e1   Thumb Code     0  rt_memcpy_w.o(.text)
    __aeabi_memclr4                          0x080008fd   Thumb Code     0  rt_memclr_w.o(.text)
    __aeabi_memclr8                          0x080008fd   Thumb Code     0  rt_memclr_w.o(.text)
    __rt_memclr_w                            0x080008fd   Thumb Code    78  rt_memclr_w.o(.text)
    _memset_w                                0x08000901   Thumb Code     0  rt_memclr_w.o(.text)
    strcmp                                   0x0800094d   Thumb Code   128  strcmpv7m.o(.text)
    __use_two_region_memory                  0x080009cd   Thumb Code     2  heapauxi.o(.text)
    __rt_heap_escrow$2region                 0x080009cf   Thumb Code     2  heapauxi.o(.text)
    __rt_heap_expand$2region                 0x080009d1   Thumb Code     2  heapauxi.o(.text)
    __I$use$semihosting                      0x080009d3   Thumb Code     0  use_no_semi.o(.text)
    __use_no_semihosting_swi                 0x080009d3   Thumb Code     2  use_no_semi.o(.text)
    _printf_int_common                       0x080009d5   Thumb Code   178  _printf_intcommon.o(.text)
    __lib_sel_fp_printf                      0x08000a87   Thumb Code     2  _printf_fp_dec.o(.text)
    _printf_fp_dec_real                      0x08000c35   Thumb Code   620  _printf_fp_dec.o(.text)
    _printf_fp_hex_real                      0x08000ea1   Thumb Code   756  _printf_fp_hex.o(.text)
    _printf_char_common                      0x080011a7   Thumb Code    32  _printf_char_common.o(.text)
    _sputc                                   0x080011cd   Thumb Code    10  _sputc.o(.text)
    _snputc                                  0x080011d7   Thumb Code    16  _snputc.o(.text)
    _printf_cs_common                        0x080011e7   Thumb Code    20  _printf_char.o(.text)
    _printf_char                             0x080011fb   Thumb Code    16  _printf_char.o(.text)
    _printf_string                           0x0800120b   Thumb Code     8  _printf_char.o(.text)
    _printf_char_file                        0x08001215   Thumb Code    32  _printf_char_file.o(.text)
    _printf_lcs_common                       0x08001239   Thumb Code    20  _printf_wchar.o(.text)
    _printf_wchar                            0x0800124d   Thumb Code    16  _printf_wchar.o(.text)
    _printf_wstring                          0x0800125d   Thumb Code     8  _printf_wchar.o(.text)
    _wcrtomb                                 0x08001265   Thumb Code    64  _wcrtomb.o(.text)
    __rt_ctype_table                         0x080012a5   Thumb Code    16  rt_ctype_table.o(.text)
    __rt_locale                              0x080012b5   Thumb Code     8  rt_locale_intlibspace.o(.text)
    _ll_udiv10                               0x080012bd   Thumb Code   138  lludiv10.o(.text)
    _printf_fp_infnan                        0x08001349   Thumb Code   112  _printf_fp_infnan.o(.text)
    _btod_etento                             0x080013c9   Thumb Code   216  bigflt0.o(.text)
    ferror                                   0x080014a5   Thumb Code     8  ferror.o(.text)
    __user_libspace                          0x080014ad   Thumb Code     8  libspace.o(.text)
    __user_perproc_libspace                  0x080014ad   Thumb Code     0  libspace.o(.text)
    __user_perthread_libspace                0x080014ad   Thumb Code     0  libspace.o(.text)
    __user_setup_stackheap                   0x080014b5   Thumb Code    74  sys_stackheap_outer.o(.text)
    exit                                     0x080014ff   Thumb Code    18  exit.o(.text)
    _btod_d2e                                0x08001511   Thumb Code    62  btod.o(CL$$btod_d2e)
    _d2e_denorm_low                          0x0800154f   Thumb Code    70  btod.o(CL$$btod_d2e_denorm_low)
    _d2e_norm_op1                            0x08001595   Thumb Code    96  btod.o(CL$$btod_d2e_norm_op1)
    __btod_div_common                        0x080015f5   Thumb Code   696  btod.o(CL$$btod_div_common)
    _e2e                                     0x0800192d   Thumb Code   198  btod.o(CL$$btod_e2e)
    _btod_ediv                               0x080019f3   Thumb Code    40  btod.o(CL$$btod_ediv)
    _btod_emul                               0x08001a1b   Thumb Code    40  btod.o(CL$$btod_emul)
    __btod_mult_common                       0x08001a43   Thumb Code   580  btod.o(CL$$btod_mult_common)
    BusFault_Handler                         0x08001c87   Thumb Code     2  stm32f4xx_it.o(i.BusFault_Handler)
    CODE_INIT                                0x08001c89   Thumb Code    30  code.o(i.CODE_INIT)
    CODE_MAIN                                0x08001ca9   Thumb Code    20  code.o(i.CODE_MAIN)
    DebugMon_Handler                         0x08001ce9   Thumb Code     2  stm32f4xx_it.o(i.DebugMon_Handler)
    Error_Handler                            0x08001ceb   Thumb Code     4  main.o(i.Error_Handler)
    HAL_DMA_Abort                            0x08001cef   Thumb Code   146  stm32f4xx_hal_dma.o(i.HAL_DMA_Abort)
    HAL_DMA_Abort_IT                         0x08001d81   Thumb Code    36  stm32f4xx_hal_dma.o(i.HAL_DMA_Abort_IT)
    HAL_GPIO_Init                            0x08001da5   Thumb Code   450  stm32f4xx_hal_gpio.o(i.HAL_GPIO_Init)
    HAL_GPIO_ReadPin                         0x08001f95   Thumb Code    10  stm32f4xx_hal_gpio.o(i.HAL_GPIO_ReadPin)
    HAL_GPIO_TogglePin                       0x08001f9f   Thumb Code    16  stm32f4xx_hal_gpio.o(i.HAL_GPIO_TogglePin)
    HAL_GPIO_WritePin                        0x08001faf   Thumb Code    10  stm32f4xx_hal_gpio.o(i.HAL_GPIO_WritePin)
    HAL_GetTick                              0x08001fb9   Thumb Code     6  stm32f4xx_hal.o(i.HAL_GetTick)
    HAL_IncTick                              0x08001fc5   Thumb Code    12  stm32f4xx_hal.o(i.HAL_IncTick)
    HAL_Init                                 0x08001fd5   Thumb Code    48  stm32f4xx_hal.o(i.HAL_Init)
    HAL_InitTick                             0x08002009   Thumb Code    54  stm32f4xx_hal.o(i.HAL_InitTick)
    HAL_MspInit                              0x08002049   Thumb Code     2  stm32f4xx_hal.o(i.HAL_MspInit)
    HAL_NVIC_EnableIRQ                       0x0800204b   Thumb Code    26  stm32f4xx_hal_cortex.o(i.HAL_NVIC_EnableIRQ)
    HAL_NVIC_SetPriority                     0x08002065   Thumb Code    60  stm32f4xx_hal_cortex.o(i.HAL_NVIC_SetPriority)
    HAL_NVIC_SetPriorityGrouping             0x080020a5   Thumb Code    26  stm32f4xx_hal_cortex.o(i.HAL_NVIC_SetPriorityGrouping)
    HAL_NVIC_SystemReset                     0x080020c9   Thumb Code    26  stm32f4xx_hal_cortex.o(i.HAL_NVIC_SystemReset)
    HAL_RCC_ClockConfig                      0x080020ed   Thumb Code   288  stm32f4xx_hal_rcc.o(i.HAL_RCC_ClockConfig)
    HAL_RCC_GetPCLK1Freq                     0x08002221   Thumb Code    20  stm32f4xx_hal_rcc.o(i.HAL_RCC_GetPCLK1Freq)
    HAL_RCC_GetPCLK2Freq                     0x08002241   Thumb Code    20  stm32f4xx_hal_rcc.o(i.HAL_RCC_GetPCLK2Freq)
    HAL_RCC_GetSysClockFreq                  0x08002261   Thumb Code    88  stm32f4xx_hal_rcc.o(i.HAL_RCC_GetSysClockFreq)
    HAL_RCC_OscConfig                        0x080022c5   Thumb Code   856  stm32f4xx_hal_rcc.o(i.HAL_RCC_OscConfig)
    HAL_SYSTICK_CLKSourceConfig              0x08002631   Thumb Code    24  stm32f4xx_hal_cortex.o(i.HAL_SYSTICK_CLKSourceConfig)
    HAL_SYSTICK_Config                       0x08002649   Thumb Code    40  stm32f4xx_hal_cortex.o(i.HAL_SYSTICK_Config)
    HAL_TIM_Base_Init                        0x08002671   Thumb Code    90  stm32f4xx_hal_tim.o(i.HAL_TIM_Base_Init)
    HAL_TIM_Base_MspInit                     0x080026cb   Thumb Code     2  stm32f4xx_hal_tim.o(i.HAL_TIM_Base_MspInit)
    HAL_TIM_Base_Start_IT                    0x080026cd   Thumb Code   100  stm32f4xx_hal_tim.o(i.HAL_TIM_Base_Start_IT)
    HAL_UARTEx_RxEventCallback               0x0800274d   Thumb Code     2  stm32f4xx_hal_uart.o(i.HAL_UARTEx_RxEventCallback)
    HAL_UART_ErrorCallback                   0x0800274f   Thumb Code     2  stm32f4xx_hal_uart.o(i.HAL_UART_ErrorCallback)
    HAL_UART_GetState                        0x08002751   Thumb Code    10  stm32f4xx_hal_uart.o(i.HAL_UART_GetState)
    HAL_UART_IRQHandler                      0x0800275d   Thumb Code   618  stm32f4xx_hal_uart.o(i.HAL_UART_IRQHandler)
    HAL_UART_Init                            0x080029cd   Thumb Code   100  stm32f4xx_hal_uart.o(i.HAL_UART_Init)
    HAL_UART_MspInit                         0x08002a31   Thumb Code   108  usart.o(i.HAL_UART_MspInit)
    HAL_UART_Receive_IT                      0x08002aa5   Thumb Code    28  stm32f4xx_hal_uart.o(i.HAL_UART_Receive_IT)
    HAL_UART_RxCpltCallback                  0x08002ac1   Thumb Code    76  usart.o(i.HAL_UART_RxCpltCallback)
    HAL_UART_TxCpltCallback                  0x08002b19   Thumb Code     2  stm32f4xx_hal_uart.o(i.HAL_UART_TxCpltCallback)
    HardFault_Handler                        0x08002b1d   Thumb Code    48  stm32f4xx_it.o(i.HardFault_Handler)
    LED_APP_Read                             0x08002b89   Thumb Code     8  my_led.o(i.LED_APP_Read)
    LED_APP_Toggle                           0x08002b91   Thumb Code     8  my_led.o(i.LED_APP_Toggle)
    MY_TIM6_Init                             0x08002c05   Thumb Code    82  my_tim.o(i.MY_TIM6_Init)
    MemManage_Handler                        0x08002c65   Thumb Code     2  stm32f4xx_it.o(i.MemManage_Handler)
    NMI_Handler                              0x08002c67   Thumb Code     2  stm32f4xx_it.o(i.NMI_Handler)
    PendSV_Handler                           0x08002c69   Thumb Code     2  stm32f4xx_it.o(i.PendSV_Handler)
    SVC_Handler                              0x08002c6b   Thumb Code     2  stm32f4xx_it.o(i.SVC_Handler)
    SysTick_Handler                          0x08002c6d   Thumb Code     4  stm32f4xx_it.o(i.SysTick_Handler)
    SystemClock_Config                       0x08002c71   Thumb Code   142  main.o(i.SystemClock_Config)
    SystemInit                               0x08002d09   Thumb Code    12  system_stm32f4xx.o(i.SystemInit)
    TIM4_IRQHandler                          0x08002d19   Thumb Code    44  usmart.o(i.TIM4_IRQHandler)
    TIM6_DAC_IRQHandler                      0x08002d4d   Thumb Code    34  my_tim.o(i.TIM6_DAC_IRQHandler)
    TIM_Base_SetConfig                       0x08002d75   Thumb Code   170  stm32f4xx_hal_tim.o(i.TIM_Base_SetConfig)
    Timer4_Init                              0x08002e4d   Thumb Code    72  usmart.o(i.Timer4_Init)
    UART_Start_Receive_IT                    0x080030cd   Thumb Code    54  stm32f4xx_hal_uart.o(i.UART_Start_Receive_IT)
    USART1_IRQHandler                        0x08003105   Thumb Code    34  usart.o(i.USART1_IRQHandler)
    UsageFault_Handler                       0x08003131   Thumb Code     2  stm32f4xx_it.o(i.UsageFault_Handler)
    __ARM_fpclassify                         0x08003133   Thumb Code    48  fpclassify.o(i.__ARM_fpclassify)
    _is_digit                                0x08003183   Thumb Code    14  __printf_wp.o(i._is_digit)
    _sys_exit                                0x08003191   Thumb Code     2  usart.o(i._sys_exit)
    delay_init                               0x08003195   Thumb Code    16  delay.o(i.delay_init)
    delay_ms                                 0x080031a9   Thumb Code    26  delay.o(i.delay_ms)
    delay_us                                 0x080031c5   Thumb Code    48  delay.o(i.delay_us)
    fputc                                    0x080031f9   Thumb Code    14  usart.o(i.fputc)
    main                                     0x0800320d   Thumb Code    18  main.o(i.main)
    multi_printf_arrays                      0x08003221   Thumb Code   168  my_string.o(i.multi_printf_arrays)
    multi_printf_arrays_direct               0x080032d1   Thumb Code   168  my_string.o(i.multi_printf_arrays_direct)
    muti_printf_self_test                    0x08003381   Thumb Code   160  my_string.o(i.muti_printf_self_test)
    my_led_self_test                         0x08003489   Thumb Code    22  my_led.o(i.my_led_self_test)
    my_test                                  0x080034a5   Thumb Code     2  test.o(i.my_test)
    read_addr                                0x080034a7   Thumb Code     4  usmart.o(i.read_addr)
    uart_init                                0x080034ad   Thumb Code    44  usart.o(i.uart_init)
    ug                                       0x080034e5   Thumb Code   136  usmart_config.o(i.ug)
    usmart_cmd_rec                           0x080035e9   Thumb Code   144  usmart.o(i.usmart_cmd_rec)
    usmart_exe                               0x0800367d   Thumb Code   514  usmart.o(i.usmart_exe)
    usmart_get_aparm                         0x080038e1   Thumb Code   166  usmart_str.o(i.usmart_get_aparm)
    usmart_get_cmdname                       0x08003987   Thumb Code    46  usmart_str.o(i.usmart_get_cmdname)
    usmart_get_fname                         0x080039b5   Thumb Code   358  usmart_str.o(i.usmart_get_fname)
    usmart_get_fparam                        0x08003b25   Thumb Code   208  usmart_str.o(i.usmart_get_fparam)
    usmart_get_parmpos                       0x08003bf9   Thumb Code    30  usmart_str.o(i.usmart_get_parmpos)
    usmart_get_runtime                       0x08003c1d   Thumb Code    38  usmart.o(i.usmart_get_runtime)
    usmart_init                              0x08003c4d   Thumb Code    36  usmart.o(i.usmart_init)
    usmart_minnie                            0x08003c75   Thumb Code    68  usmart_config.o(i.usmart_minnie)
    usmart_pow                               0x08003ce1   Thumb Code    16  usmart_str.o(i.usmart_pow)
    usmart_reset_runtime                     0x08003cf1   Thumb Code    32  usmart.o(i.usmart_reset_runtime)
    usmart_scan                              0x08003d19   Thumb Code    94  usmart.o(i.usmart_scan)
    usmart_search_nextc                      0x08003dbd   Thumb Code    16  usmart_str.o(i.usmart_search_nextc)
    usmart_str2num                           0x08003dcd   Thumb Code   214  usmart_str.o(i.usmart_str2num)
    usmart_strcmp                            0x08003ea3   Thumb Code    24  usmart_str.o(i.usmart_strcmp)
    usmart_strcopy                           0x08003ebb   Thumb Code    18  usmart_str.o(i.usmart_strcopy)
    usmart_strlen                            0x08003ecd   Thumb Code    18  usmart_str.o(i.usmart_strlen)
    usmart_sys_cmd_exe                       0x08003ee1   Thumb Code  1458  usmart.o(i.usmart_sys_cmd_exe)
    write_addr                               0x08004561   Thumb Code     4  usmart.o(i.write_addr)
    _get_lc_numeric                          0x08004565   Thumb Code    44  lc_numeric_c.o(locale$$code)
    _get_lc_ctype                            0x08004591   Thumb Code    44  lc_ctype_c.o(locale$$code)
    __fpl_dretinf                            0x080045bd   Thumb Code    12  dretinf.o(x$fpl$dretinf)
    __aeabi_f2d                              0x080045c9   Thumb Code     0  f2d.o(x$fpl$f2d)
    _f2d                                     0x080045c9   Thumb Code    86  f2d.o(x$fpl$f2d)
    __fpl_fnaninf                            0x0800461f   Thumb Code   140  fnaninf.o(x$fpl$fnaninf)
    _fp_init                                 0x080046ab   Thumb Code    10  fpinit.o(x$fpl$fpinit)
    __fplib_config_fpu_vfp                   0x080046b3   Thumb Code     0  fpinit.o(x$fpl$fpinit)
    __fplib_config_pureend_doubles           0x080046b3   Thumb Code     0  fpinit.o(x$fpl$fpinit)
    _printf_fp_dec                           0x080046b5   Thumb Code     4  printf1.o(x$fpl$printf1)
    _printf_fp_hex                           0x080046b9   Thumb Code     4  printf2.o(x$fpl$printf2)
    AHBPrescTable                            0x080046bc   Data          16  system_stm32f4xx.o(.constdata)
    __I$use$fp                               0x080046bc   Number         0  usenofp.o(x$fpl$usenofp)
    APBPrescTable                            0x080046cc   Data           8  system_stm32f4xx.o(.constdata)
    Region$$Table$$Base                      0x08004d68   Number         0  anon$$obj.o(Region$$Table)
    Region$$Table$$Limit                     0x08004d88   Number         0  anon$$obj.o(Region$$Table)
    __ctype                                  0x08004db1   Data           0  lc_ctype_c.o(locale$$data)
    uwTickFreq                               0x20000000   Data           1  stm32f4xx_hal.o(.data)
    uwTickPrio                               0x20000004   Data           4  stm32f4xx_hal.o(.data)
    uwTick                                   0x20000008   Data           4  stm32f4xx_hal.o(.data)
    SystemCoreClock                          0x2000000c   Data           4  system_stm32f4xx.o(.data)
    aRxBuffer                                0x20000014   Data           1  usart.o(.data)
    USART_RX_STA                             0x20000016   Data           2  usart.o(.data)
    __stdout                                 0x20000018   Data           4  usart.o(.data)
    sys_cmd_tab                              0x2000001c   Data          28  usmart.o(.data)
    my_func_len                              0x20000038   Data           4  usmart_config.o(.data)
    my_func_list                             0x2000003c   Data          24  usmart_config.o(.data)
    usmart_nametab                           0x20000054   Data          48  usmart_config.o(.data)
    usmart_dev                               0x20000084   Data         244  usmart_config.o(.data)
    PF6_state                                0x20000178   Data           1  my_led.o(.data)
    LED_Class_RED                            0x2000017c   Data          12  my_led.o(.data)
    USART_RX_BUF                             0x20000988   Data         200  usart.o(.bss)
    UART1_Handler                            0x20000a50   Data          72  usart.o(.bss)
    TIM4_Handler                             0x20000a98   Data          72  usmart.o(.bss)
    TIM6_Handler                             0x20000ae0   Data          72  my_tim.o(.bss)
    __libspace_start                         0x20000b28   Data          96  libspace.o(.bss)
    __temporary_stack_top$libspace           0x20000b88   Data           0  libspace.o(.bss)



==============================================================================

Memory Map of the image

  Image Entry point : 0x08000189

  Load Region LR_IROM1 (Base: 0x08000000, Size: 0x0000503c, Max: 0x00100000, ABSOLUTE, COMPRESSED[0x00004f2c])

    Execution Region ER_IROM1 (Base: 0x08000000, Size: 0x00004eb4, Max: 0x00100000, ABSOLUTE)

    Base Addr    Size         Type   Attr      Idx    E Section Name        Object

    0x08000000   0x00000188   Data   RO            3    RESET               startup_stm32f407xx.o
    0x08000188   0x00000008   Code   RO         3523  * !!!main             c_w.l(__main.o)
    0x08000190   0x00000034   Code   RO         3778    !!!scatter          c_w.l(__scatter.o)
    0x080001c4   0x0000005a   Code   RO         3776    !!dczerorl2         c_w.l(__dczerorl2.o)
    0x0800021e   0x00000002   PAD
    0x08000220   0x0000001c   Code   RO         3780    !!handler_zi        c_w.l(__scatter_zi.o)
    0x0800023c   0x00000000   Code   RO         3511    .ARM.Collect$$_printf_percent$$00000000  c_w.l(_printf_percent.o)
    0x0800023c   0x00000006   Code   RO         3507    .ARM.Collect$$_printf_percent$$00000003  c_w.l(_printf_f.o)
    0x08000242   0x00000006   Code   RO         3508    .ARM.Collect$$_printf_percent$$00000004  c_w.l(_printf_e.o)
    0x08000248   0x00000006   Code   RO         3509    .ARM.Collect$$_printf_percent$$00000005  c_w.l(_printf_g.o)
    0x0800024e   0x00000006   Code   RO         3510    .ARM.Collect$$_printf_percent$$00000006  c_w.l(_printf_a.o)
    0x08000254   0x00000006   Code   RO         3504    .ARM.Collect$$_printf_percent$$00000008  c_w.l(_printf_i.o)
    0x0800025a   0x00000006   Code   RO         3505    .ARM.Collect$$_printf_percent$$00000009  c_w.l(_printf_d.o)
    0x08000260   0x00000006   Code   RO         3506    .ARM.Collect$$_printf_percent$$0000000A  c_w.l(_printf_u.o)
    0x08000266   0x00000006   Code   RO         3503    .ARM.Collect$$_printf_percent$$0000000B  c_w.l(_printf_o.o)
    0x0800026c   0x00000006   Code   RO         3502    .ARM.Collect$$_printf_percent$$0000000C  c_w.l(_printf_x.o)
    0x08000272   0x0000000a   Code   RO         3562    .ARM.Collect$$_printf_percent$$00000012  c_w.l(_printf_l.o)
    0x0800027c   0x00000006   Code   RO         3500    .ARM.Collect$$_printf_percent$$00000013  c_w.l(_printf_c.o)
    0x08000282   0x00000006   Code   RO         3501    .ARM.Collect$$_printf_percent$$00000014  c_w.l(_printf_s.o)
    0x08000288   0x00000006   Code   RO         3512    .ARM.Collect$$_printf_percent$$00000015  c_w.l(_printf_lc.o)
    0x0800028e   0x00000004   Code   RO         3561    .ARM.Collect$$_printf_percent$$00000017  c_w.l(_printf_percent_end.o)
    0x08000292   0x00000002   Code   RO         3655    .ARM.Collect$$libinit$$00000000  c_w.l(libinit.o)
    0x08000294   0x00000004   Code   RO         3656    .ARM.Collect$$libinit$$00000001  c_w.l(libinit2.o)
    0x08000298   0x00000000   Code   RO         3659    .ARM.Collect$$libinit$$00000004  c_w.l(libinit2.o)
    0x08000298   0x00000000   Code   RO         3662    .ARM.Collect$$libinit$$0000000A  c_w.l(libinit2.o)
    0x08000298   0x00000000   Code   RO         3664    .ARM.Collect$$libinit$$0000000C  c_w.l(libinit2.o)
    0x08000298   0x00000000   Code   RO         3666    .ARM.Collect$$libinit$$0000000E  c_w.l(libinit2.o)
    0x08000298   0x00000006   Code   RO         3667    .ARM.Collect$$libinit$$0000000F  c_w.l(libinit2.o)
    0x0800029e   0x00000000   Code   RO         3669    .ARM.Collect$$libinit$$00000011  c_w.l(libinit2.o)
    0x0800029e   0x0000000c   Code   RO         3670    .ARM.Collect$$libinit$$00000012  c_w.l(libinit2.o)
    0x080002aa   0x00000000   Code   RO         3671    .ARM.Collect$$libinit$$00000013  c_w.l(libinit2.o)
    0x080002aa   0x00000000   Code   RO         3673    .ARM.Collect$$libinit$$00000015  c_w.l(libinit2.o)
    0x080002aa   0x0000000a   Code   RO         3674    .ARM.Collect$$libinit$$00000016  c_w.l(libinit2.o)
    0x080002b4   0x00000000   Code   RO         3675    .ARM.Collect$$libinit$$00000017  c_w.l(libinit2.o)
    0x080002b4   0x00000000   Code   RO         3677    .ARM.Collect$$libinit$$00000019  c_w.l(libinit2.o)
    0x080002b4   0x00000000   Code   RO         3679    .ARM.Collect$$libinit$$0000001B  c_w.l(libinit2.o)
    0x080002b4   0x00000000   Code   RO         3681    .ARM.Collect$$libinit$$0000001D  c_w.l(libinit2.o)
    0x080002b4   0x00000000   Code   RO         3683    .ARM.Collect$$libinit$$0000001F  c_w.l(libinit2.o)
    0x080002b4   0x00000000   Code   RO         3685    .ARM.Collect$$libinit$$00000021  c_w.l(libinit2.o)
    0x080002b4   0x00000000   Code   RO         3687    .ARM.Collect$$libinit$$00000023  c_w.l(libinit2.o)
    0x080002b4   0x00000000   Code   RO         3689    .ARM.Collect$$libinit$$00000025  c_w.l(libinit2.o)
    0x080002b4   0x00000000   Code   RO         3693    .ARM.Collect$$libinit$$0000002C  c_w.l(libinit2.o)
    0x080002b4   0x00000000   Code   RO         3695    .ARM.Collect$$libinit$$0000002E  c_w.l(libinit2.o)
    0x080002b4   0x00000000   Code   RO         3697    .ARM.Collect$$libinit$$00000030  c_w.l(libinit2.o)
    0x080002b4   0x00000000   Code   RO         3699    .ARM.Collect$$libinit$$00000032  c_w.l(libinit2.o)
    0x080002b4   0x00000002   Code   RO         3700    .ARM.Collect$$libinit$$00000033  c_w.l(libinit2.o)
    0x080002b6   0x00000002   Code   RO         3740    .ARM.Collect$$libshutdown$$00000000  c_w.l(libshutdown.o)
    0x080002b8   0x00000000   Code   RO         3759    .ARM.Collect$$libshutdown$$00000002  c_w.l(libshutdown2.o)
    0x080002b8   0x00000000   Code   RO         3761    .ARM.Collect$$libshutdown$$00000004  c_w.l(libshutdown2.o)
    0x080002b8   0x00000000   Code   RO         3764    .ARM.Collect$$libshutdown$$00000007  c_w.l(libshutdown2.o)
    0x080002b8   0x00000000   Code   RO         3767    .ARM.Collect$$libshutdown$$0000000A  c_w.l(libshutdown2.o)
    0x080002b8   0x00000000   Code   RO         3769    .ARM.Collect$$libshutdown$$0000000C  c_w.l(libshutdown2.o)
    0x080002b8   0x00000000   Code   RO         3772    .ARM.Collect$$libshutdown$$0000000F  c_w.l(libshutdown2.o)
    0x080002b8   0x00000002   Code   RO         3773    .ARM.Collect$$libshutdown$$00000010  c_w.l(libshutdown2.o)
    0x080002ba   0x00000000   Code   RO         3537    .ARM.Collect$$rtentry$$00000000  c_w.l(__rtentry.o)
    0x080002ba   0x00000000   Code   RO         3571    .ARM.Collect$$rtentry$$00000002  c_w.l(__rtentry2.o)
    0x080002ba   0x00000006   Code   RO         3583    .ARM.Collect$$rtentry$$00000004  c_w.l(__rtentry4.o)
    0x080002c0   0x00000000   Code   RO         3573    .ARM.Collect$$rtentry$$00000009  c_w.l(__rtentry2.o)
    0x080002c0   0x00000004   Code   RO         3574    .ARM.Collect$$rtentry$$0000000A  c_w.l(__rtentry2.o)
    0x080002c4   0x00000000   Code   RO         3576    .ARM.Collect$$rtentry$$0000000C  c_w.l(__rtentry2.o)
    0x080002c4   0x00000008   Code   RO         3577    .ARM.Collect$$rtentry$$0000000D  c_w.l(__rtentry2.o)
    0x080002cc   0x00000002   Code   RO         3701    .ARM.Collect$$rtexit$$00000000  c_w.l(rtexit.o)
    0x080002ce   0x00000000   Code   RO         3714    .ARM.Collect$$rtexit$$00000002  c_w.l(rtexit2.o)
    0x080002ce   0x00000004   Code   RO         3715    .ARM.Collect$$rtexit$$00000003  c_w.l(rtexit2.o)
    0x080002d2   0x00000006   Code   RO         3716    .ARM.Collect$$rtexit$$00000004  c_w.l(rtexit2.o)
    0x080002d8   0x00000040   Code   RO            4    .text               startup_stm32f407xx.o
    0x08000318   0x00000002   Code   RO         3428    .text               c_w.l(use_no_semi_2.o)
    0x0800031a   0x000000ee   Code   RO         3430    .text               c_w.l(lludivv7m.o)
    0x08000408   0x00000018   Code   RO         3436    .text               c_w.l(noretval__2printf.o)
    0x08000420   0x00000034   Code   RO         3438    .text               c_w.l(noretval__2snprintf.o)
    0x08000454   0x0000004e   Code   RO         3442    .text               c_w.l(_printf_pad.o)
    0x080004a2   0x00000024   Code   RO         3444    .text               c_w.l(_printf_truncate.o)
    0x080004c6   0x00000052   Code   RO         3446    .text               c_w.l(_printf_str.o)
    0x08000518   0x00000078   Code   RO         3448    .text               c_w.l(_printf_dec.o)
    0x08000590   0x000000bc   Code   RO         3450    .text               c_w.l(_printf_wctomb.o)
    0x0800064c   0x00000054   Code   RO         3455    .text               c_w.l(_printf_oct_int.o)
    0x080006a0   0x00000058   Code   RO         3462    .text               c_w.l(_printf_hex_int.o)
    0x080006f8   0x00000188   Code   RO         3497    .text               c_w.l(__printf_flags_ss_wp.o)
    0x08000880   0x00000018   Code   RO         3513    .text               c_w.l(strcat.o)
    0x08000898   0x00000064   Code   RO         3515    .text               c_w.l(rt_memcpy_w.o)
    0x080008fc   0x0000004e   Code   RO         3517    .text               c_w.l(rt_memclr_w.o)
    0x0800094a   0x00000002   PAD
    0x0800094c   0x00000080   Code   RO         3519    .text               c_w.l(strcmpv7m.o)
    0x080009cc   0x00000006   Code   RO         3521    .text               c_w.l(heapauxi.o)
    0x080009d2   0x00000002   Code   RO         3535    .text               c_w.l(use_no_semi.o)
    0x080009d4   0x000000b2   Code   RO         3542    .text               c_w.l(_printf_intcommon.o)
    0x08000a86   0x0000041a   Code   RO         3544    .text               c_w.l(_printf_fp_dec.o)
    0x08000ea0   0x000002fc   Code   RO         3546    .text               c_w.l(_printf_fp_hex.o)
    0x0800119c   0x00000030   Code   RO         3549    .text               c_w.l(_printf_char_common.o)
    0x080011cc   0x0000000a   Code   RO         3551    .text               c_w.l(_sputc.o)
    0x080011d6   0x00000010   Code   RO         3553    .text               c_w.l(_snputc.o)
    0x080011e6   0x0000002c   Code   RO         3555    .text               c_w.l(_printf_char.o)
    0x08001212   0x00000002   PAD
    0x08001214   0x00000024   Code   RO         3557    .text               c_w.l(_printf_char_file.o)
    0x08001238   0x0000002c   Code   RO         3559    .text               c_w.l(_printf_wchar.o)
    0x08001264   0x00000040   Code   RO         3563    .text               c_w.l(_wcrtomb.o)
    0x080012a4   0x00000010   Code   RO         3585    .text               c_w.l(rt_ctype_table.o)
    0x080012b4   0x00000008   Code   RO         3592    .text               c_w.l(rt_locale_intlibspace.o)
    0x080012bc   0x0000008a   Code   RO         3594    .text               c_w.l(lludiv10.o)
    0x08001346   0x00000002   PAD
    0x08001348   0x00000080   Code   RO         3596    .text               c_w.l(_printf_fp_infnan.o)
    0x080013c8   0x000000dc   Code   RO         3600    .text               c_w.l(bigflt0.o)
    0x080014a4   0x00000008   Code   RO         3625    .text               c_w.l(ferror.o)
    0x080014ac   0x00000008   Code   RO         3636    .text               c_w.l(libspace.o)
    0x080014b4   0x0000004a   Code   RO         3639    .text               c_w.l(sys_stackheap_outer.o)
    0x080014fe   0x00000012   Code   RO         3644    .text               c_w.l(exit.o)
    0x08001510   0x0000003e   Code   RO         3603    CL$$btod_d2e        c_w.l(btod.o)
    0x0800154e   0x00000046   Code   RO         3605    CL$$btod_d2e_denorm_low  c_w.l(btod.o)
    0x08001594   0x00000060   Code   RO         3604    CL$$btod_d2e_norm_op1  c_w.l(btod.o)
    0x080015f4   0x00000338   Code   RO         3613    CL$$btod_div_common  c_w.l(btod.o)
    0x0800192c   0x000000c6   Code   RO         3610    CL$$btod_e2e        c_w.l(btod.o)
    0x080019f2   0x00000028   Code   RO         3607    CL$$btod_ediv       c_w.l(btod.o)
    0x08001a1a   0x00000028   Code   RO         3606    CL$$btod_emul       c_w.l(btod.o)
    0x08001a42   0x00000244   Code   RO         3612    CL$$btod_mult_common  c_w.l(btod.o)
    0x08001c86   0x00000002   Code   RO          187    i.BusFault_Handler  stm32f4xx_it.o
    0x08001c88   0x0000001e   Code   RO         2810    i.CODE_INIT         code.o
    0x08001ca6   0x00000002   PAD
    0x08001ca8   0x00000040   Code   RO         2811    i.CODE_MAIN         code.o
    0x08001ce8   0x00000002   Code   RO          188    i.DebugMon_Handler  stm32f4xx_it.o
    0x08001cea   0x00000004   Code   RO           13    i.Error_Handler     main.o
    0x08001cee   0x00000092   Code   RO         1733    i.HAL_DMA_Abort     stm32f4xx_hal_dma.o
    0x08001d80   0x00000024   Code   RO         1734    i.HAL_DMA_Abort_IT  stm32f4xx_hal_dma.o
    0x08001da4   0x000001f0   Code   RO         1626    i.HAL_GPIO_Init     stm32f4xx_hal_gpio.o
    0x08001f94   0x0000000a   Code   RO         1628    i.HAL_GPIO_ReadPin  stm32f4xx_hal_gpio.o
    0x08001f9e   0x00000010   Code   RO         1629    i.HAL_GPIO_TogglePin  stm32f4xx_hal_gpio.o
    0x08001fae   0x0000000a   Code   RO         1630    i.HAL_GPIO_WritePin  stm32f4xx_hal_gpio.o
    0x08001fb8   0x0000000c   Code   RO         2164    i.HAL_GetTick       stm32f4xx_hal.o
    0x08001fc4   0x00000010   Code   RO         2170    i.HAL_IncTick       stm32f4xx_hal.o
    0x08001fd4   0x00000034   Code   RO         2171    i.HAL_Init          stm32f4xx_hal.o
    0x08002008   0x00000040   Code   RO         2172    i.HAL_InitTick      stm32f4xx_hal.o
    0x08002048   0x00000002   Code   RO         2174    i.HAL_MspInit       stm32f4xx_hal.o
    0x0800204a   0x0000001a   Code   RO         2016    i.HAL_NVIC_EnableIRQ  stm32f4xx_hal_cortex.o
    0x08002064   0x00000040   Code   RO         2022    i.HAL_NVIC_SetPriority  stm32f4xx_hal_cortex.o
    0x080020a4   0x00000024   Code   RO         2023    i.HAL_NVIC_SetPriorityGrouping  stm32f4xx_hal_cortex.o
    0x080020c8   0x00000024   Code   RO         2024    i.HAL_NVIC_SystemReset  stm32f4xx_hal_cortex.o
    0x080020ec   0x00000134   Code   RO         1272    i.HAL_RCC_ClockConfig  stm32f4xx_hal_rcc.o
    0x08002220   0x00000020   Code   RO         1279    i.HAL_RCC_GetPCLK1Freq  stm32f4xx_hal_rcc.o
    0x08002240   0x00000020   Code   RO         1280    i.HAL_RCC_GetPCLK2Freq  stm32f4xx_hal_rcc.o
    0x08002260   0x00000064   Code   RO         1281    i.HAL_RCC_GetSysClockFreq  stm32f4xx_hal_rcc.o
    0x080022c4   0x0000036c   Code   RO         1284    i.HAL_RCC_OscConfig  stm32f4xx_hal_rcc.o
    0x08002630   0x00000018   Code   RO         2025    i.HAL_SYSTICK_CLKSourceConfig  stm32f4xx_hal_cortex.o
    0x08002648   0x00000028   Code   RO         2027    i.HAL_SYSTICK_Config  stm32f4xx_hal_cortex.o
    0x08002670   0x0000005a   Code   RO          300    i.HAL_TIM_Base_Init  stm32f4xx_hal_tim.o
    0x080026ca   0x00000002   Code   RO          302    i.HAL_TIM_Base_MspInit  stm32f4xx_hal_tim.o
    0x080026cc   0x00000080   Code   RO          305    i.HAL_TIM_Base_Start_IT  stm32f4xx_hal_tim.o
    0x0800274c   0x00000002   Code   RO         2421    i.HAL_UARTEx_RxEventCallback  stm32f4xx_hal_uart.o
    0x0800274e   0x00000002   Code   RO         2435    i.HAL_UART_ErrorCallback  stm32f4xx_hal_uart.o
    0x08002750   0x0000000a   Code   RO         2437    i.HAL_UART_GetState  stm32f4xx_hal_uart.o
    0x0800275a   0x00000002   PAD
    0x0800275c   0x00000270   Code   RO         2438    i.HAL_UART_IRQHandler  stm32f4xx_hal_uart.o
    0x080029cc   0x00000064   Code   RO         2439    i.HAL_UART_Init     stm32f4xx_hal_uart.o
    0x08002a30   0x00000074   Code   RO         3033    i.HAL_UART_MspInit  usart.o
    0x08002aa4   0x0000001c   Code   RO         2444    i.HAL_UART_Receive_IT  stm32f4xx_hal_uart.o
    0x08002ac0   0x00000058   Code   RO         3034    i.HAL_UART_RxCpltCallback  usart.o
    0x08002b18   0x00000002   Code   RO         2450    i.HAL_UART_TxCpltCallback  stm32f4xx_hal_uart.o
    0x08002b1a   0x00000002   PAD
    0x08002b1c   0x0000006c   Code   RO          189    i.HardFault_Handler  stm32f4xx_it.o
    0x08002b88   0x00000008   Code   RO         3341    i.LED_APP_Read      my_led.o
    0x08002b90   0x00000008   Code   RO         3342    i.LED_APP_Toggle    my_led.o
    0x08002b98   0x0000006c   Code   RO           14    i.MX_GPIO_Init      main.o
    0x08002c04   0x00000060   Code   RO         3392    i.MY_TIM6_Init      my_tim.o
    0x08002c64   0x00000002   Code   RO          190    i.MemManage_Handler  stm32f4xx_it.o
    0x08002c66   0x00000002   Code   RO          191    i.NMI_Handler       stm32f4xx_it.o
    0x08002c68   0x00000002   Code   RO          192    i.PendSV_Handler    stm32f4xx_it.o
    0x08002c6a   0x00000002   Code   RO          193    i.SVC_Handler       stm32f4xx_it.o
    0x08002c6c   0x00000004   Code   RO          194    i.SysTick_Handler   stm32f4xx_it.o
    0x08002c70   0x00000098   Code   RO           15    i.SystemClock_Config  main.o
    0x08002d08   0x00000010   Code   RO         2773    i.SystemInit        system_stm32f4xx.o
    0x08002d18   0x00000034   Code   RO         3105    i.TIM4_IRQHandler   usmart.o
    0x08002d4c   0x00000028   Code   RO         3393    i.TIM6_DAC_IRQHandler  my_tim.o
    0x08002d74   0x000000d8   Code   RO          393    i.TIM_Base_SetConfig  stm32f4xx_hal_tim.o
    0x08002e4c   0x00000054   Code   RO         3106    i.Timer4_Init       usmart.o
    0x08002ea0   0x00000010   Code   RO         2452    i.UART_DMAAbortOnError  stm32f4xx_hal_uart.o
    0x08002eb0   0x0000004e   Code   RO         2462    i.UART_EndRxTransfer  stm32f4xx_hal_uart.o
    0x08002efe   0x000000c2   Code   RO         2464    i.UART_Receive_IT   stm32f4xx_hal_uart.o
    0x08002fc0   0x0000010c   Code   RO         2465    i.UART_SetConfig    stm32f4xx_hal_uart.o
    0x080030cc   0x00000036   Code   RO         2467    i.UART_Start_Receive_IT  stm32f4xx_hal_uart.o
    0x08003102   0x00000002   PAD
    0x08003104   0x0000002c   Code   RO         3035    i.USART1_IRQHandler  usart.o
    0x08003130   0x00000002   Code   RO          195    i.UsageFault_Handler  stm32f4xx_it.o
    0x08003132   0x00000030   Code   RO         3634    i.__ARM_fpclassify  m_wm.l(fpclassify.o)
    0x08003162   0x00000020   Code   RO         2029    i.__NVIC_SetPriority  stm32f4xx_hal_cortex.o
    0x08003182   0x0000000e   Code   RO         3490    i._is_digit         c_w.l(__printf_wp.o)
    0x08003190   0x00000002   Code   RO         3036    i._sys_exit         usart.o
    0x08003192   0x00000002   PAD
    0x08003194   0x00000014   Code   RO         2971    i.delay_init        delay.o
    0x080031a8   0x0000001a   Code   RO         2972    i.delay_ms          delay.o
    0x080031c2   0x00000002   PAD
    0x080031c4   0x00000034   Code   RO         2973    i.delay_us          delay.o
    0x080031f8   0x00000014   Code   RO         3038    i.fputc             usart.o
    0x0800320c   0x00000012   Code   RO           16    i.main              main.o
    0x0800321e   0x00000002   PAD
    0x08003220   0x000000b0   Code   RO         2896    i.multi_printf_arrays  my_string.o
    0x080032d0   0x000000b0   Code   RO         2897    i.multi_printf_arrays_direct  my_string.o
    0x08003380   0x00000108   Code   RO         2898    i.muti_printf_self_test  my_string.o
    0x08003488   0x0000001c   Code   RO         3343    i.my_led_self_test  my_led.o
    0x080034a4   0x00000002   Code   RO         2872    i.my_test           test.o
    0x080034a6   0x00000004   Code   RO         3107    i.read_addr         usmart.o
    0x080034aa   0x00000002   PAD
    0x080034ac   0x00000038   Code   RO         3039    i.uart_init         usart.o
    0x080034e4   0x00000104   Code   RO         3205    i.ug                usmart_config.o
    0x080035e8   0x00000094   Code   RO         3108    i.usmart_cmd_rec    usmart.o
    0x0800367c   0x00000264   Code   RO         3109    i.usmart_exe        usmart.o
    0x080038e0   0x000000a6   Code   RO         3260    i.usmart_get_aparm  usmart_str.o
    0x08003986   0x0000002e   Code   RO         3261    i.usmart_get_cmdname  usmart_str.o
    0x080039b4   0x00000170   Code   RO         3262    i.usmart_get_fname  usmart_str.o
    0x08003b24   0x000000d4   Code   RO         3263    i.usmart_get_fparam  usmart_str.o
    0x08003bf8   0x00000024   Code   RO         3264    i.usmart_get_parmpos  usmart_str.o
    0x08003c1c   0x00000030   Code   RO         3110    i.usmart_get_runtime  usmart.o
    0x08003c4c   0x00000028   Code   RO         3111    i.usmart_init       usmart.o
    0x08003c74   0x0000006c   Code   RO         3206    i.usmart_minnie     usmart_config.o
    0x08003ce0   0x00000010   Code   RO         3265    i.usmart_pow        usmart_str.o
    0x08003cf0   0x00000028   Code   RO         3112    i.usmart_reset_runtime  usmart.o
    0x08003d18   0x000000a4   Code   RO         3113    i.usmart_scan       usmart.o
    0x08003dbc   0x00000010   Code   RO         3266    i.usmart_search_nextc  usmart_str.o
    0x08003dcc   0x000000d6   Code   RO         3267    i.usmart_str2num    usmart_str.o
    0x08003ea2   0x00000018   Code   RO         3268    i.usmart_strcmp     usmart_str.o
    0x08003eba   0x00000012   Code   RO         3269    i.usmart_strcopy    usmart_str.o
    0x08003ecc   0x00000012   Code   RO         3270    i.usmart_strlen     usmart_str.o
    0x08003ede   0x00000002   PAD
    0x08003ee0   0x00000680   Code   RO         3114    i.usmart_sys_cmd_exe  usmart.o
    0x08004560   0x00000004   Code   RO         3115    i.write_addr        usmart.o
    0x08004564   0x0000002c   Code   RO         3630    locale$$code        c_w.l(lc_numeric_c.o)
    0x08004590   0x0000002c   Code   RO         3642    locale$$code        c_w.l(lc_ctype_c.o)
    0x080045bc   0x0000000c   Code   RO         3565    x$fpl$dretinf       fz_wm.l(dretinf.o)
    0x080045c8   0x00000056   Code   RO         3525    x$fpl$f2d           fz_wm.l(f2d.o)
    0x0800461e   0x0000008c   Code   RO         3567    x$fpl$fnaninf       fz_wm.l(fnaninf.o)
    0x080046aa   0x0000000a   Code   RO         3711    x$fpl$fpinit        fz_wm.l(fpinit.o)
    0x080046b4   0x00000004   Code   RO         3527    x$fpl$printf1       fz_wm.l(printf1.o)
    0x080046b8   0x00000004   Code   RO         3529    x$fpl$printf2       fz_wm.l(printf2.o)
    0x080046bc   0x00000000   Code   RO         3569    x$fpl$usenofp       fz_wm.l(usenofp.o)
    0x080046bc   0x00000010   Data   RO         2774    .constdata          system_stm32f4xx.o
    0x080046cc   0x00000008   Data   RO         2775    .constdata          system_stm32f4xx.o
    0x080046d4   0x0000002c   Data   RO         2900    .constdata          my_string.o
    0x08004700   0x00000008   Data   RO         3451    .constdata          c_w.l(_printf_wctomb.o)
    0x08004708   0x00000028   Data   RO         3463    .constdata          c_w.l(_printf_hex_int.o)
    0x08004730   0x00000011   Data   RO         3498    .constdata          c_w.l(__printf_flags_ss_wp.o)
    0x08004741   0x00000026   Data   RO         3547    .constdata          c_w.l(_printf_fp_hex.o)
    0x08004767   0x00000001   PAD
    0x08004768   0x00000094   Data   RO         3601    .constdata          c_w.l(bigflt0.o)
    0x080047fc   0x00000483   Data   RO          196    .conststring        stm32f4xx_it.o
    0x08004c7f   0x00000001   PAD
    0x08004c80   0x00000028   Data   RO         3117    .conststring        usmart.o
    0x08004ca8   0x0000002a   Data   RO         3209    .conststring        usmart_config.o
    0x08004cd2   0x00000002   PAD
    0x08004cd4   0x00000093   Data   RO         3210    .conststring        usmart_config.o
    0x08004d67   0x00000001   PAD
    0x08004d68   0x00000020   Data   RO         3774    Region$$Table       anon$$obj.o
    0x08004d88   0x0000001c   Data   RO         3629    locale$$data        c_w.l(lc_numeric_c.o)
    0x08004da4   0x00000110   Data   RO         3641    locale$$data        c_w.l(lc_ctype_c.o)


    Execution Region RW_IRAM1 (Base: 0x20000000, Size: 0x00001188, Max: 0x0001c000, ABSOLUTE, COMPRESSED[0x00000078])

    Base Addr    Size         Type   Attr      Idx    E Section Name        Object

    0x20000000   0x0000000c   Data   RW         2178    .data               stm32f4xx_hal.o
    0x2000000c   0x00000004   Data   RW         2776    .data               system_stm32f4xx.o
    0x20000010   0x00000004   Data   RW         2974    .data               delay.o
    0x20000014   0x00000004   Data   RW         3041    .data               usart.o
    0x20000018   0x00000004   Data   RW         3042    .data               usart.o
    0x2000001c   0x0000001c   Data   RW         3118    .data               usmart.o
    0x20000038   0x0000001c   Data   RW         3211    .data               usmart_config.o
    0x20000054   0x00000030   Data   RW         3212    .data               usmart_config.o
    0x20000084   0x000000f4   Data   RW         3213    .data               usmart_config.o
    0x20000178   0x00000010   Data   RW         3344    .data               my_led.o
    0x20000188   0x00000800   Zero   RW         2899    .bss                my_string.o
    0x20000988   0x00000110   Zero   RW         3040    .bss                usart.o
    0x20000a98   0x00000048   Zero   RW         3116    .bss                usmart.o
    0x20000ae0   0x00000048   Zero   RW         3394    .bss                my_tim.o
    0x20000b28   0x00000060   Zero   RW         3637    .bss                c_w.l(libspace.o)
    0x20000b88   0x00000200   Zero   RW            2    HEAP                startup_stm32f407xx.o
    0x20000d88   0x00000400   Zero   RW            1    STACK               startup_stm32f407xx.o


    Execution Region RW_IRAM2 (Base: 0x2001c000, Size: 0x00000000, Max: 0x00004000, ABSOLUTE)

    **** No section assigned to this execution region ****


==============================================================================

Image component sizes


      Code (inc. data)   RO Data    RW Data    ZI Data      Debug   Object Name

        94         44          0          0          0       1342   code.o
        98          8          0          4          0       3891   delay.o
       282         18          0          0          0     693352   main.o
        44          6          0         16          0       2635   my_led.o
       616        120         44          0       2048       4155   my_string.o
       136         20          0          0         72       1604   my_tim.o
        64         26        392          0       1536        840   startup_stm32f407xx.o
       146         24          0         12          0       9255   stm32f4xx_hal.o
       258         24          0          0          0      35048   stm32f4xx_hal_cortex.o
       182          0          0          0          0       2091   stm32f4xx_hal_dma.o
       532         46          0          0          0       3488   stm32f4xx_hal_gpio.o
      1348         76          0          0          0       5228   stm32f4xx_hal_rcc.o
       436         74          0          0          0       4222   stm32f4xx_hal_tim.o
      1378         16          0          0          0       9848   stm32f4xx_hal_uart.o
       126         60       1155          0          0       5963   stm32f4xx_it.o
        16          4         24          4          0       1123   system_stm32f4xx.o
         2          0          0          0          0        466   test.o
       326         48          0          8        272       5373   usart.o
      2860       1354         40         28         72       8099   usmart.o
       368        170        189        320          0       3358   usmart_config.o
      1134         20          0          0          0       9539   usmart_str.o

    ----------------------------------------------------------------------
     10464       2158       1880        392       4000     810920   Object Totals
         0          0         32          0          0          0   (incl. Generated)
        18          0          4          0          0          0   (incl. Padding)

    ----------------------------------------------------------------------

      Code (inc. data)   RO Data    RW Data    ZI Data      Debug   Library Member Name

        90          0          0          0          0          0   __dczerorl2.o
         8          0          0          0          0         68   __main.o
       392          4         17          0          0         92   __printf_flags_ss_wp.o
        14          0          0          0          0         68   __printf_wp.o
         0          0          0          0          0          0   __rtentry.o
        12          0          0          0          0          0   __rtentry2.o
         6          0          0          0          0          0   __rtentry4.o
        52          8          0          0          0          0   __scatter.o
        28          0          0          0          0          0   __scatter_zi.o
         6          0          0          0          0          0   _printf_a.o
         6          0          0          0          0          0   _printf_c.o
        44          0          0          0          0        108   _printf_char.o
        48          6          0          0          0         96   _printf_char_common.o
        36          4          0          0          0         80   _printf_char_file.o
         6          0          0          0          0          0   _printf_d.o
       120         16          0          0          0         92   _printf_dec.o
         6          0          0          0          0          0   _printf_e.o
         6          0          0          0          0          0   _printf_f.o
      1050          0          0          0          0        216   _printf_fp_dec.o
       764          8         38          0          0        100   _printf_fp_hex.o
       128         16          0          0          0         84   _printf_fp_infnan.o
         6          0          0          0          0          0   _printf_g.o
        88          4         40          0          0         88   _printf_hex_int.o
         6          0          0          0          0          0   _printf_i.o
       178          0          0          0          0         88   _printf_intcommon.o
        10          0          0          0          0          0   _printf_l.o
         6          0          0          0          0          0   _printf_lc.o
         6          0          0          0          0          0   _printf_o.o
        84         10          0          0          0         88   _printf_oct_int.o
        78          0          0          0          0        108   _printf_pad.o
         0          0          0          0          0          0   _printf_percent.o
         4          0          0          0          0          0   _printf_percent_end.o
         6          0          0          0          0          0   _printf_s.o
        82          0          0          0          0         80   _printf_str.o
        36          0          0          0          0         84   _printf_truncate.o
         6          0          0          0          0          0   _printf_u.o
        44          0          0          0          0        108   _printf_wchar.o
       188          6          8          0          0         92   _printf_wctomb.o
         6          0          0          0          0          0   _printf_x.o
        16          0          0          0          0         68   _snputc.o
        10          0          0          0          0         68   _sputc.o
        64          0          0          0          0         92   _wcrtomb.o
       220          4        148          0          0         96   bigflt0.o
      1910        128          0          0          0        672   btod.o
        18          0          0          0          0         80   exit.o
         8          0          0          0          0         68   ferror.o
         6          0          0          0          0        152   heapauxi.o
        44         10        272          0          0         76   lc_ctype_c.o
        44         10         28          0          0         76   lc_numeric_c.o
         2          0          0          0          0          0   libinit.o
        34          0          0          0          0          0   libinit2.o
         2          0          0          0          0          0   libshutdown.o
         2          0          0          0          0          0   libshutdown2.o
         8          4          0          0         96         68   libspace.o
       138          0          0          0          0         80   lludiv10.o
       238          0          0          0          0        100   lludivv7m.o
        24          4          0          0          0         84   noretval__2printf.o
        52          4          0          0          0         84   noretval__2snprintf.o
        16          4          0          0          0         76   rt_ctype_table.o
         8          4          0          0          0         68   rt_locale_intlibspace.o
        78          0          0          0          0         80   rt_memclr_w.o
       100          0          0          0          0         80   rt_memcpy_w.o
         2          0          0          0          0          0   rtexit.o
        10          0          0          0          0          0   rtexit2.o
        24          0          0          0          0         68   strcat.o
       128          0          0          0          0         68   strcmpv7m.o
        74          0          0          0          0         80   sys_stackheap_outer.o
         2          0          0          0          0         68   use_no_semi.o
         2          0          0          0          0         68   use_no_semi_2.o
        12          0          0          0          0        116   dretinf.o
        86          4          0          0          0        132   f2d.o
       140          4          0          0          0        132   fnaninf.o
        10          0          0          0          0        116   fpinit.o
         4          0          0          0          0        116   printf1.o
         4          0          0          0          0        116   printf2.o
         0          0          0          0          0          0   usenofp.o
        48          0          0          0          0        124   fpclassify.o

    ----------------------------------------------------------------------
      7252        262        552          0         96       5112   Library Totals
         8          0          1          0          0          0   (incl. Padding)

    ----------------------------------------------------------------------

      Code (inc. data)   RO Data    RW Data    ZI Data      Debug   Library Name

      6940        254        551          0         96       4260   c_w.l
       256          8          0          0          0        728   fz_wm.l
        48          0          0          0          0        124   m_wm.l

    ----------------------------------------------------------------------
      7252        262        552          0         96       5112   Library Totals

    ----------------------------------------------------------------------

==============================================================================


      Code (inc. data)   RO Data    RW Data    ZI Data      Debug   

     17716       2420       2432        392       4096     804040   Grand Totals
     17716       2420       2432        120       4096     804040   ELF Image Totals (compressed)
     17716       2420       2432        120          0          0   ROM Totals

==============================================================================

    Total RO  Size (Code + RO Data)                20148 (  19.68kB)
    Total RW  Size (RW Data + ZI Data)              4488 (   4.38kB)
    Total ROM Size (Code + RO Data + RW Data)      20268 (  19.79kB)

==============================================================================

