Component: ARM Compiler 5.06 update 3 (build 300) Tool: armlink [4d35c9]

==============================================================================

Section Cross References

    startup_stm32f407xx.o(STACK) refers (Special) to heapauxi.o(.text) for __use_two_region_memory
    startup_stm32f407xx.o(HEAP) refers (Special) to heapauxi.o(.text) for __use_two_region_memory
    startup_stm32f407xx.o(RESET) refers (Special) to heapauxi.o(.text) for __use_two_region_memory
    startup_stm32f407xx.o(RESET) refers to startup_stm32f407xx.o(STACK) for __initial_sp
    startup_stm32f407xx.o(RESET) refers to startup_stm32f407xx.o(.text) for Reset_Handler
    startup_stm32f407xx.o(RESET) refers to stm32f4xx_it.o(i.NMI_Handler) for NMI_Handler
    startup_stm32f407xx.o(RESET) refers to stm32f4xx_it.o(i.HardFault_Handler) for HardFault_Handler
    startup_stm32f407xx.o(RESET) refers to stm32f4xx_it.o(i.MemManage_Handler) for MemManage_Handler
    startup_stm32f407xx.o(RESET) refers to stm32f4xx_it.o(i.BusFault_Handler) for BusFault_Handler
    startup_stm32f407xx.o(RESET) refers to stm32f4xx_it.o(i.UsageFault_Handler) for UsageFault_Handler
    startup_stm32f407xx.o(RESET) refers to stm32f4xx_it.o(i.SVC_Handler) for SVC_Handler
    startup_stm32f407xx.o(RESET) refers to stm32f4xx_it.o(i.DebugMon_Handler) for DebugMon_Handler
    startup_stm32f407xx.o(RESET) refers to stm32f4xx_it.o(i.PendSV_Handler) for PendSV_Handler
    startup_stm32f407xx.o(RESET) refers to stm32f4xx_it.o(i.SysTick_Handler) for SysTick_Handler
    startup_stm32f407xx.o(RESET) refers to usmart.o(i.TIM4_IRQHandler) for TIM4_IRQHandler
    startup_stm32f407xx.o(RESET) refers to usart.o(i.USART1_IRQHandler) for USART1_IRQHandler
    startup_stm32f407xx.o(RESET) refers to my_tim.o(i.TIM8_CC_IRQHandler) for TIM8_CC_IRQHandler
    startup_stm32f407xx.o(RESET) refers to my_adc.o(i.DMA2_Stream0_IRQHandler) for DMA2_Stream0_IRQHandler
    startup_stm32f407xx.o(.text) refers (Special) to heapauxi.o(.text) for __use_two_region_memory
    startup_stm32f407xx.o(.text) refers to system_stm32f4xx.o(i.SystemInit) for SystemInit
    startup_stm32f407xx.o(.text) refers to __main.o(!!!main) for __main
    startup_stm32f407xx.o(.text) refers to startup_stm32f407xx.o(HEAP) for Heap_Mem
    startup_stm32f407xx.o(.text) refers to startup_stm32f407xx.o(STACK) for Stack_Mem
    main.o(i.MX_GPIO_Init) refers to rt_memclr_w.o(.text) for __aeabi_memclr4
    main.o(i.MX_GPIO_Init) refers to stm32f4xx_hal_gpio.o(i.HAL_GPIO_WritePin) for HAL_GPIO_WritePin
    main.o(i.MX_GPIO_Init) refers to stm32f4xx_hal_gpio.o(i.HAL_GPIO_Init) for HAL_GPIO_Init
    main.o(i.SystemClock_Config) refers to rt_memclr_w.o(.text) for __aeabi_memclr4
    main.o(i.SystemClock_Config) refers to stm32f4xx_hal_rcc.o(i.HAL_RCC_OscConfig) for HAL_RCC_OscConfig
    main.o(i.SystemClock_Config) refers to stm32f4xx_hal_rcc.o(i.HAL_RCC_ClockConfig) for HAL_RCC_ClockConfig
    main.o(i.main) refers to stm32f4xx_hal.o(i.HAL_Init) for HAL_Init
    main.o(i.main) refers to main.o(i.SystemClock_Config) for SystemClock_Config
    main.o(i.main) refers to main.o(i.MX_GPIO_Init) for MX_GPIO_Init
    main.o(i.main) refers to stm32f4xx_hal_cortex.o(i.HAL_NVIC_SetPriority) for HAL_NVIC_SetPriority
    main.o(i.main) refers to stm32f4xx_hal_cortex.o(i.HAL_NVIC_EnableIRQ) for HAL_NVIC_EnableIRQ
    main.o(i.main) refers to code.o(i.CODE_MAIN) for CODE_MAIN
    stm32f4xx_it.o(i.HardFault_Handler) refers to _printf_percent.o(.ARM.Collect$$_printf_percent$$00000000) for _printf_percent
    stm32f4xx_it.o(i.HardFault_Handler) refers to _printf_s.o(.ARM.Collect$$_printf_percent$$00000014) for _printf_s
    stm32f4xx_it.o(i.HardFault_Handler) refers to _printf_str.o(.text) for _printf_str
    stm32f4xx_it.o(i.HardFault_Handler) refers to noretval__2printf.o(.text) for __2printf
    stm32f4xx_it.o(i.HardFault_Handler) refers to rt_memcpy_w.o(.text) for __aeabi_memcpy4
    stm32f4xx_it.o(i.HardFault_Handler) refers to stm32f4xx_hal_cortex.o(i.HAL_NVIC_SystemReset) for HAL_NVIC_SystemReset
    stm32f4xx_it.o(i.HardFault_Handler) refers to stm32f4xx_it.o(.conststring) for .conststring
    stm32f4xx_it.o(i.SysTick_Handler) refers to stm32f4xx_hal.o(i.HAL_IncTick) for HAL_IncTick
    stm32f4xx_hal_adc.o(i.ADC_DMAConvCplt) refers to stm32f4xx_hal_adc.o(i.HAL_ADC_ErrorCallback) for HAL_ADC_ErrorCallback
    stm32f4xx_hal_adc.o(i.ADC_DMAConvCplt) refers to my_adc.o(i.HAL_ADC_ConvCpltCallback) for HAL_ADC_ConvCpltCallback
    stm32f4xx_hal_adc.o(i.ADC_DMAError) refers to stm32f4xx_hal_adc.o(i.HAL_ADC_ErrorCallback) for HAL_ADC_ErrorCallback
    stm32f4xx_hal_adc.o(i.ADC_DMAHalfConvCplt) refers to stm32f4xx_hal_adc.o(i.HAL_ADC_ConvHalfCpltCallback) for HAL_ADC_ConvHalfCpltCallback
    stm32f4xx_hal_adc.o(i.HAL_ADC_ConfigChannel) refers to system_stm32f4xx.o(.data) for SystemCoreClock
    stm32f4xx_hal_adc.o(i.HAL_ADC_DeInit) refers to stm32f4xx_hal_adc.o(i.HAL_ADC_MspDeInit) for HAL_ADC_MspDeInit
[...]
    x$fpl$f2d                                0x08005714   Section       86  f2d.o(x$fpl$f2d)
    $v0                                      0x08005714   Number         0  f2d.o(x$fpl$f2d)
    x$fpl$fnaninf                            0x0800576a   Section      140  fnaninf.o(x$fpl$fnaninf)
    $v0                                      0x0800576a   Number         0  fnaninf.o(x$fpl$fnaninf)
    x$fpl$fpinit                             0x080057f6   Section       10  fpinit.o(x$fpl$fpinit)
    $v0                                      0x080057f6   Number         0  fpinit.o(x$fpl$fpinit)
    x$fpl$fretinf                            0x08005800   Section       10  fretinf.o(x$fpl$fretinf)
    $v0                                      0x08005800   Number         0  fretinf.o(x$fpl$fretinf)
    x$fpl$printf1                            0x0800580a   Section        4  printf1.o(x$fpl$printf1)
    $v0                                      0x0800580a   Number         0  printf1.o(x$fpl$printf1)
    x$fpl$printf2                            0x0800580e   Section        4  printf2.o(x$fpl$printf2)
    $v0                                      0x0800580e   Number         0  printf2.o(x$fpl$printf2)
    .constdata                               0x08005812   Section        8  stm32f4xx_hal_dma.o(.constdata)
    x$fpl$usenofp                            0x08005812   Section        0  usenofp.o(x$fpl$usenofp)
    flagBitshiftOffset                       0x08005812   Data           8  stm32f4xx_hal_dma.o(.constdata)
    .constdata                               0x0800581a   Section       16  system_stm32f4xx.o(.constdata)
    .constdata                               0x0800582a   Section        8  system_stm32f4xx.o(.constdata)
    .constdata                               0x08005834   Section       44  my_string.o(.constdata)
    .constdata                               0x08005860   Section        8  _printf_wctomb.o(.constdata)
    initial_mbstate                          0x08005860   Data           8  _printf_wctomb.o(.constdata)
    .constdata                               0x08005868   Section       40  _printf_hex_int.o(.constdata)
    uc_hextab                                0x08005868   Data          20  _printf_hex_int.o(.constdata)
    lc_hextab                                0x0800587c   Data          20  _printf_hex_int.o(.constdata)
    .constdata                               0x08005890   Section       17  __printf_flags_ss_wp.o(.constdata)
    maptable                                 0x08005890   Data          17  __printf_flags_ss_wp.o(.constdata)
    .constdata                               0x080058a1   Section       38  _printf_fp_hex.o(.constdata)
    lc_hextab                                0x080058a1   Data          19  _printf_fp_hex.o(.constdata)
    uc_hextab                                0x080058b4   Data          19  _printf_fp_hex.o(.constdata)
    .constdata                               0x080058c8   Section      148  bigflt0.o(.constdata)
    tenpwrs_x                                0x080058c8   Data          60  bigflt0.o(.constdata)
    tenpwrs_i                                0x08005904   Data          64  bigflt0.o(.constdata)
    .conststring                             0x0800595c   Section     1155  stm32f4xx_it.o(.conststring)
    .conststring                             0x08005de0   Section       40  usmart.o(.conststring)
    .conststring                             0x08005e08   Section       42  usmart_config.o(.conststring)
    .conststring                             0x08005e34   Section      147  usmart_config.o(.conststring)
    locale$$data                             0x08005ee8   Section       28  lc_numeric_c.o(locale$$data)
    __lcnum_c_name                           0x08005eec   Data           2  lc_numeric_c.o(locale$$data)
    __lcnum_c_start                          0x08005ef4   Data           0  lc_numeric_c.o(locale$$data)
    __lcnum_c_point                          0x08005f00   Data           0  lc_numeric_c.o(locale$$data)
    __lcnum_c_thousands                      0x08005f02   Data           0  lc_numeric_c.o(locale$$data)
    __lcnum_c_grouping                       0x08005f03   Data           0  lc_numeric_c.o(locale$$data)
    locale$$data                             0x08005f04   Section      272  lc_ctype_c.o(locale$$data)
    __lcnum_c_end                            0x08005f04   Data           0  lc_numeric_c.o(locale$$data)
    __lcctype_c_name                         0x08005f08   Data           2  lc_ctype_c.o(locale$$data)
    __lcctype_c_start                        0x08005f10   Data           0  lc_ctype_c.o(locale$$data)
    __lcctype_c_end                          0x08006014   Data           0  lc_ctype_c.o(locale$$data)
    .data                                    0x20000000   Section       12  stm32f4xx_hal.o(.data)
    .data                                    0x2000000c   Section        4  system_stm32f4xx.o(.data)
    .data                                    0x20000010   Section        4  delay.o(.data)
    fac_us                                   0x20000010   Data           4  delay.o(.data)
    .data                                    0x20000014   Section        4  usart.o(.data)
    .data                                    0x20000018   Section        4  usart.o(.data)
    .data                                    0x2000001c   Section       28  usmart.o(.data)
    .data                                    0x20000038   Section       28  usmart_config.o(.data)
    .data                                    0x20000054   Section       48  usmart_config.o(.data)
    .data                                    0x20000084   Section      244  usmart_config.o(.data)
    .data                                    0x20000178   Section       16  my_led.o(.data)
    .data                                    0x20000188   Section       20  my_tim.o(.data)
    .data                                    0x2000019c   Section        8  my_adc.o(.data)
    .bss                                     0x200001a4   Section     2048  my_string.o(.bss)
    result                                   0x200001a4   Data        1024  my_string.o(.bss)
    result                                   0x200005a4   Data        1024  my_string.o(.bss)
    .bss                                     0x200009a4   Section      272  usart.o(.bss)
    .bss                                     0x20000ab4   Section       72  usmart.o(.bss)
    .bss                                     0x20000afc   Section      248  my_tim.o(.bss)
    .bss                                     0x20000bf4   Section      194  my_adc.o(.bss)
    .bss                                     0x20000cb8   Section       20  my_dac.o(.bss)
    .bss                                     0x20000ccc   Section       96  libspace.o(.bss)
    HEAP                                     0x20000d30   Section      512  startup_stm32f407xx.o(HEAP)
    Heap_Mem                                 0x20000d30   Data         512  startup_stm32f407xx.o(HEAP)
    STACK                                    0x20000f30   Section     1024  startup_stm32f407xx.o(STACK)
    Stack_Mem                                0x20000f30   Data        1024  startup_stm32f407xx.o(STACK)
    __initial_sp                             0x20001330   Data           0  startup_stm32f407xx.o(STACK)

    Global Symbols

    Symbol Name                              Value     Ov Type        Size  Object(Section)

    BuildAttributes$$THM_ISAv4$E$P$D$K$B$S$7EM$VFPi3$EXTD16$VFPS$VFMA$PE$A:L22UL41UL21$X:L11$S22US41US21$IEEE1$IW$USESV6$~STKCKD$USESV7$~SHL$OTIME$ROPI$IEEEJ$EBA8$UX$STANDARDLIB$REQ8$PRES8$EABIv2 0x00000000   Number         0  anon$$obj.o ABSOLUTE
    __ARM_use_no_argv                        0x00000000   Number         0  main.o ABSOLUTE
    _printf_flags                            0x00000000   Number         0  printf_stubs.o ABSOLUTE
    _printf_return_value                     0x00000000   Number         0  printf_stubs.o ABSOLUTE
    _printf_sizespec                         0x00000000   Number         0  printf_stubs.o ABSOLUTE
    _printf_widthprec                        0x00000000   Number         0  printf_stubs.o ABSOLUTE
    __ARM_exceptions_init                     - Undefined Weak Reference
    __alloca_initialize                       - Undefined Weak Reference
    __arm_preinit_                            - Undefined Weak Reference
    __cpp_initialize__aeabi_                  - Undefined Weak Reference
    __cxa_finalize                            - Undefined Weak Reference
    __sigvec_lookup                           - Undefined Weak Reference
    _atexit_init                              - Undefined Weak Reference
    _call_atexit_fns                          - Undefined Weak Reference
    _clock_init                               - Undefined Weak Reference
    _fp_trap_init                             - Undefined Weak Reference
    _fp_trap_shutdown                         - Undefined Weak Reference
    _get_lc_collate                           - Undefined Weak Reference
    _get_lc_monetary                          - Undefined Weak Reference
    _get_lc_time                              - Undefined Weak Reference
    _getenv_init                              - Undefined Weak Reference
    _handle_redirection                       - Undefined Weak Reference
    _init_alloc                               - Undefined Weak Reference
    _init_user_alloc                          - Undefined Weak Reference
    _initio                                   - Undefined Weak Reference
    _mutex_acquire                            - Undefined Weak Reference
    _mutex_release                            - Undefined Weak Reference
    _printf_mbtowc                            - Undefined Weak Reference
    _printf_wc                                - Undefined Weak Reference
    _rand_init                                - Undefined Weak Reference
    _signal_finish                            - Undefined Weak Reference
    _signal_init                              - Undefined Weak Reference
    _terminate_alloc                          - Undefined Weak Reference
    _terminate_user_alloc                     - Undefined Weak Reference
    _terminateio                              - Undefined Weak Reference
    __Vectors_Size                           0x00000188   Number         0  startup_stm32f407xx.o ABSOLUTE
    __Vectors                                0x08000000   Data           4  startup_stm32f407xx.o(RESET)
    __Vectors_End                            0x08000188   Data           0  startup_stm32f407xx.o(RESET)
    __main                                   0x08000189   Thumb Code     8  __main.o(!!!main)
    __scatterload                            0x08000191   Thumb Code     0  __scatter.o(!!!scatter)
    __scatterload_rt2                        0x08000191   Thumb Code    44  __scatter.o(!!!scatter)
    __scatterload_rt2_thumb_only             0x08000191   Thumb Code     0  __scatter.o(!!!scatter)
    __scatterload_null                       0x0800019f   Thumb Code     0  __scatter.o(!!!scatter)
    __decompress                             0x080001c5   Thumb Code    90  __dczerorl2.o(!!dczerorl2)
    __decompress1                            0x080001c5   Thumb Code     0  __dczerorl2.o(!!dczerorl2)
    __scatterload_zeroinit                   0x08000221   Thumb Code    28  __scatter_zi.o(!!handler_zi)
    _printf_f                                0x0800023d   Thumb Code     0  _printf_f.o(.ARM.Collect$$_printf_percent$$00000003)
    _printf_percent                          0x0800023d   Thumb Code     0  _printf_percent.o(.ARM.Collect$$_printf_percent$$00000000)
    _printf_e                                0x08000243   Thumb Code     0  _printf_e.o(.ARM.Collect$$_printf_percent$$00000004)
    _printf_g                                0x08000249   Thumb Code     0  _printf_g.o(.ARM.Collect$$_printf_percent$$00000005)
    _printf_a                                0x0800024f   Thumb Code     0  _printf_a.o(.ARM.Collect$$_printf_percent$$00000006)
    _printf_i                                0x08000255   Thumb Code     0  _printf_i.o(.ARM.Collect$$_printf_percent$$00000008)
    _printf_d                                0x0800025b   Thumb Code     0  _printf_d.o(.ARM.Collect$$_printf_percent$$00000009)
    _printf_u                                0x08000261   Thumb Code     0  _printf_u.o(.ARM.Collect$$_printf_percent$$0000000A)
    _printf_o                                0x08000267   Thumb Code     0  _printf_o.o(.ARM.Collect$$_printf_percent$$0000000B)
    _printf_x                                0x0800026d   Thumb Code     0  _printf_x.o(.ARM.Collect$$_printf_percent$$0000000C)
    _printf_l                                0x08000273   Thumb Code     0  _printf_l.o(.ARM.Collect$$_printf_percent$$00000012)
    _printf_c                                0x0800027d   Thumb Code     0  _printf_c.o(.ARM.Collect$$_printf_percent$$00000013)
    _printf_s                                0x08000283   Thumb Code     0  _printf_s.o(.ARM.Collect$$_printf_percent$$00000014)
    _printf_lc                               0x08000289   Thumb Code     0  _printf_lc.o(.ARM.Collect$$_printf_percent$$00000015)
    _printf_percent_end                      0x0800028f   Thumb Code     0  _printf_percent_end.o(.ARM.Collect$$_printf_percent$$00000017)
    __rt_lib_init                            0x08000293   Thumb Code     0  libinit.o(.ARM.Collect$$libinit$$00000000)
    __rt_lib_init_fp_1                       0x08000295   Thumb Code     0  libinit2.o(.ARM.Collect$$libinit$$00000001)
    __rt_lib_init_heap_1                     0x08000299   Thumb Code     0  libinit2.o(.ARM.Collect$$libinit$$0000000A)
    __rt_lib_init_lc_common                  0x08000299   Thumb Code     0  libinit2.o(.ARM.Collect$$libinit$$0000000F)
    __rt_lib_init_preinit_1                  0x08000299   Thumb Code     0  libinit2.o(.ARM.Collect$$libinit$$00000004)
    __rt_lib_init_rand_1                     0x08000299   Thumb Code     0  libinit2.o(.ARM.Collect$$libinit$$0000000E)
    __rt_lib_init_user_alloc_1               0x08000299   Thumb Code     0  libinit2.o(.ARM.Collect$$libinit$$0000000C)
    __rt_lib_init_lc_collate_1               0x0800029f   Thumb Code     0  libinit2.o(.ARM.Collect$$libinit$$00000011)
    __rt_lib_init_lc_ctype_2                 0x0800029f   Thumb Code     0  libinit2.o(.ARM.Collect$$libinit$$00000012)
    __rt_lib_init_lc_ctype_1                 0x080002ab   Thumb Code     0  libinit2.o(.ARM.Collect$$libinit$$00000013)
    __rt_lib_init_lc_monetary_1              0x080002ab   Thumb Code     0  libinit2.o(.ARM.Collect$$libinit$$00000015)
    __rt_lib_init_lc_numeric_2               0x080002ab   Thumb Code     0  libinit2.o(.ARM.Collect$$libinit$$00000016)
    __rt_lib_init_alloca_1                   0x080002b5   Thumb Code     0  libinit2.o(.ARM.Collect$$libinit$$0000002E)
    __rt_lib_init_argv_1                     0x080002b5   Thumb Code     0  libinit2.o(.ARM.Collect$$libinit$$0000002C)
    __rt_lib_init_atexit_1                   0x080002b5   Thumb Code     0  libinit2.o(.ARM.Collect$$libinit$$0000001B)
    __rt_lib_init_clock_1                    0x080002b5   Thumb Code     0  libinit2.o(.ARM.Collect$$libinit$$00000021)
    __rt_lib_init_cpp_1                      0x080002b5   Thumb Code     0  libinit2.o(.ARM.Collect$$libinit$$00000032)
    __rt_lib_init_exceptions_1               0x080002b5   Thumb Code     0  libinit2.o(.ARM.Collect$$libinit$$00000030)
    __rt_lib_init_fp_trap_1                  0x080002b5   Thumb Code     0  libinit2.o(.ARM.Collect$$libinit$$0000001F)
    __rt_lib_init_getenv_1                   0x080002b5   Thumb Code     0  libinit2.o(.ARM.Collect$$libinit$$00000023)
    __rt_lib_init_lc_numeric_1               0x080002b5   Thumb Code     0  libinit2.o(.ARM.Collect$$libinit$$00000017)
    __rt_lib_init_lc_time_1                  0x080002b5   Thumb Code     0  libinit2.o(.ARM.Collect$$libinit$$00000019)
    __rt_lib_init_return                     0x080002b5   Thumb Code     0  libinit2.o(.ARM.Collect$$libinit$$00000033)
    __rt_lib_init_signal_1                   0x080002b5   Thumb Code     0  libinit2.o(.ARM.Collect$$libinit$$0000001D)
    __rt_lib_init_stdio_1                    0x080002b5   Thumb Code     0  libinit2.o(.ARM.Collect$$libinit$$00000025)
    __rt_lib_shutdown                        0x080002b7   Thumb Code     0  libshutdown.o(.ARM.Collect$$libshutdown$$00000000)
    __rt_lib_shutdown_cpp_1                  0x080002b9   Thumb Code     0  libshutdown2.o(.ARM.Collect$$libshutdown$$00000002)
    __rt_lib_shutdown_fp_trap_1              0x080002b9   Thumb Code     0  libshutdown2.o(.ARM.Collect$$libshutdown$$00000007)
    __rt_lib_shutdown_heap_1                 0x080002b9   Thumb Code     0  libshutdown2.o(.ARM.Collect$$libshutdown$$0000000F)
    __rt_lib_shutdown_return                 0x080002b9   Thumb Code     0  libshutdown2.o(.ARM.Collect$$libshutdown$$00000010)
    __rt_lib_shutdown_signal_1               0x080002b9   Thumb Code     0  libshutdown2.o(.ARM.Collect$$libshutdown$$0000000A)
    __rt_lib_shutdown_stdio_1                0x080002b9   Thumb Code     0  libshutdown2.o(.ARM.Collect$$libshutdown$$00000004)
    __rt_lib_shutdown_user_alloc_1           0x080002b9   Thumb Code     0  libshutdown2.o(.ARM.Collect$$libshutdown$$0000000C)
    __rt_entry                               0x080002bb   Thumb Code     0  __rtentry.o(.ARM.Collect$$rtentry$$00000000)
    __rt_entry_presh_1                       0x080002bb   Thumb Code     0  __rtentry2.o(.ARM.Collect$$rtentry$$00000002)
    __rt_entry_sh                            0x080002bb   Thumb Code     0  __rtentry4.o(.ARM.Collect$$rtentry$$00000004)
    __rt_entry_li                            0x080002c1   Thumb Code     0  __rtentry2.o(.ARM.Collect$$rtentry$$0000000A)
    __rt_entry_postsh_1                      0x080002c1   Thumb Code     0  __rtentry2.o(.ARM.Collect$$rtentry$$00000009)
    __rt_entry_main                          0x080002c5   Thumb Code     0  __rtentry2.o(.ARM.Collect$$rtentry$$0000000D)
    __rt_entry_postli_1                      0x080002c5   Thumb Code     0  __rtentry2.o(.ARM.Collect$$rtentry$$0000000C)
    __rt_exit                                0x080002cd   Thumb Code     0  rtexit.o(.ARM.Collect$$rtexit$$00000000)
    __rt_exit_ls                             0x080002cf   Thumb Code     0  rtexit2.o(.ARM.Collect$$rtexit$$00000003)
    __rt_exit_prels_1                        0x080002cf   Thumb Code     0  rtexit2.o(.ARM.Collect$$rtexit$$00000002)
    __rt_exit_exit                           0x080002d3   Thumb Code     0  rtexit2.o(.ARM.Collect$$rtexit$$00000004)
    Reset_Handler                            0x080002d9   Thumb Code     8  startup_stm32f407xx.o(.text)
    ADC_IRQHandler                           0x080002f3   Thumb Code     0  startup_stm32f407xx.o(.text)
    CAN1_RX0_IRQHandler                      0x080002f3   Thumb Code     0  startup_stm32f407xx.o(.text)
    CAN1_RX1_IRQHandler                      0x080002f3   Thumb Code     0  startup_stm32f407xx.o(.text)
    CAN1_SCE_IRQHandler                      0x080002f3   Thumb Code     0  startup_stm32f407xx.o(.text)
    CAN1_TX_IRQHandler                       0x080002f3   Thumb Code     0  startup_stm32f407xx.o(.text)
    CAN2_RX0_IRQHandler                      0x080002f3   Thumb Code     0  startup_stm32f407xx.o(.text)
    CAN2_RX1_IRQHandler                      0x080002f3   Thumb Code     0  startup_stm32f407xx.o(.text)
    CAN2_SCE_IRQHandler                      0x080002f3   Thumb Code     0  startup_stm32f407xx.o(.text)
    CAN2_TX_IRQHandler                       0x080002f3   Thumb Code     0  startup_stm32f407xx.o(.text)
    DCMI_IRQHandler                          0x080002f3   Thumb Code     0  startup_stm32f407xx.o(.text)
    DMA1_Stream0_IRQHandler                  0x080002f3   Thumb Code     0  startup_stm32f407xx.o(.text)
    DMA1_Stream1_IRQHandler                  0x080002f3   Thumb Code     0  startup_stm32f407xx.o(.text)
    DMA1_Stream2_IRQHandler                  0x080002f3   Thumb Code     0  startup_stm32f407xx.o(.text)
    DMA1_Stream3_IRQHandler                  0x080002f3   Thumb Code     0  startup_stm32f407xx.o(.text)
    DMA1_Stream4_IRQHandler                  0x080002f3   Thumb Code     0  startup_stm32f407xx.o(.text)
    DMA1_Stream5_IRQHandler                  0x080002f3   Thumb Code     0  startup_stm32f407xx.o(.text)
    DMA1_Stream6_IRQHandler                  0x080002f3   Thumb Code     0  startup_stm32f407xx.o(.text)
    DMA1_Stream7_IRQHandler                  0x080002f3   Thumb Code     0  startup_stm32f407xx.o(.text)
    DMA2_Stream1_IRQHandler                  0x080002f3   Thumb Code     0  startup_stm32f407xx.o(.text)
    DMA2_Stream2_IRQHandler                  0x080002f3   Thumb Code     0  startup_stm32f407xx.o(.text)
    DMA2_Stream3_IRQHandler                  0x080002f3   Thumb Code     0  startup_stm32f407xx.o(.text)
    DMA2_Stream4_IRQHandler                  0x080002f3   Thumb Code     0  startup_stm32f407xx.o(.text)
    DMA2_Stream5_IRQHandler                  0x080002f3   Thumb Code     0  startup_stm32f407xx.o(.text)
    DMA2_Stream6_IRQHandler                  0x080002f3   Thumb Code     0  startup_stm32f407xx.o(.text)
    DMA2_Stream7_IRQHandler                  0x080002f3   Thumb Code     0  startup_stm32f407xx.o(.text)
    ETH_IRQHandler                           0x080002f3   Thumb Code     0  startup_stm32f407xx.o(.text)
    ETH_WKUP_IRQHandler                      0x080002f3   Thumb Code     0  startup_stm32f407xx.o(.text)
    EXTI0_IRQHandler                         0x080002f3   Thumb Code     0  startup_stm32f407xx.o(.text)
    EXTI15_10_IRQHandler                     0x080002f3   Thumb Code     0  startup_stm32f407xx.o(.text)
    EXTI1_IRQHandler                         0x080002f3   Thumb Code     0  startup_stm32f407xx.o(.text)
    EXTI2_IRQHandler                         0x080002f3   Thumb Code     0  startup_stm32f407xx.o(.text)
    EXTI3_IRQHandler                         0x080002f3   Thumb Code     0  startup_stm32f407xx.o(.text)
    EXTI4_IRQHandler                         0x080002f3   Thumb Code     0  startup_stm32f407xx.o(.text)
    EXTI9_5_IRQHandler                       0x080002f3   Thumb Code     0  startup_stm32f407xx.o(.text)
    FLASH_IRQHandler                         0x080002f3   Thumb Code     0  startup_stm32f407xx.o(.text)
    FMC_IRQHandler                           0x080002f3   Thumb Code     0  startup_stm32f407xx.o(.text)
    FPU_IRQHandler                           0x080002f3   Thumb Code     0  startup_stm32f407xx.o(.text)
    HASH_RNG_IRQHandler                      0x080002f3   Thumb Code     0  startup_stm32f407xx.o(.text)
    I2C1_ER_IRQHandler                       0x080002f3   Thumb Code     0  startup_stm32f407xx.o(.text)
    I2C1_EV_IRQHandler                       0x080002f3   Thumb Code     0  startup_stm32f407xx.o(.text)
    I2C2_ER_IRQHandler                       0x080002f3   Thumb Code     0  startup_stm32f407xx.o(.text)
    I2C2_EV_IRQHandler                       0x080002f3   Thumb Code     0  startup_stm32f407xx.o(.text)
    I2C3_ER_IRQHandler                       0x080002f3   Thumb Code     0  startup_stm32f407xx.o(.text)
    I2C3_EV_IRQHandler                       0x080002f3   Thumb Code     0  startup_stm32f407xx.o(.text)
    OTG_FS_IRQHandler                        0x080002f3   Thumb Code     0  startup_stm32f407xx.o(.text)
    OTG_FS_WKUP_IRQHandler                   0x080002f3   Thumb Code     0  startup_stm32f407xx.o(.text)
    OTG_HS_EP1_IN_IRQHandler                 0x080002f3   Thumb Code     0  startup_stm32f407xx.o(.text)
    OTG_HS_EP1_OUT_IRQHandler                0x080002f3   Thumb Code     0  startup_stm32f407xx.o(.text)
    OTG_HS_IRQHandler                        0x080002f3   Thumb Code     0  startup_stm32f407xx.o(.text)
    OTG_HS_WKUP_IRQHandler                   0x080002f3   Thumb Code     0  startup_stm32f407xx.o(.text)
    PVD_IRQHandler                           0x080002f3   Thumb Code     0  startup_stm32f407xx.o(.text)
    RCC_IRQHandler                           0x080002f3   Thumb Code     0  startup_stm32f407xx.o(.text)
    RTC_Alarm_IRQHandler                     0x080002f3   Thumb Code     0  startup_stm32f407xx.o(.text)
    RTC_WKUP_IRQHandler                      0x080002f3   Thumb Code     0  startup_stm32f407xx.o(.text)
    SDIO_IRQHandler                          0x080002f3   Thumb Code     0  startup_stm32f407xx.o(.text)
    SPI1_IRQHandler                          0x080002f3   Thumb Code     0  startup_stm32f407xx.o(.text)
    SPI2_IRQHandler                          0x080002f3   Thumb Code     0  startup_stm32f407xx.o(.text)
    SPI3_IRQHandler                          0x080002f3   Thumb Code     0  startup_stm32f407xx.o(.text)
    TAMP_STAMP_IRQHandler                    0x080002f3   Thumb Code     0  startup_stm32f407xx.o(.text)
    TIM1_BRK_TIM9_IRQHandler                 0x080002f3   Thumb Code     0  startup_stm32f407xx.o(.text)
    TIM1_CC_IRQHandler                       0x080002f3   Thumb Code     0  startup_stm32f407xx.o(.text)
    TIM1_TRG_COM_TIM11_IRQHandler            0x080002f3   Thumb Code     0  startup_stm32f407xx.o(.text)
    TIM1_UP_TIM10_IRQHandler                 0x080002f3   Thumb Code     0  startup_stm32f407xx.o(.text)
    TIM2_IRQHandler                          0x080002f3   Thumb Code     0  startup_stm32f407xx.o(.text)
    TIM3_IRQHandler                          0x080002f3   Thumb Code     0  startup_stm32f407xx.o(.text)
    TIM5_IRQHandler                          0x080002f3   Thumb Code     0  startup_stm32f407xx.o(.text)
    TIM6_DAC_IRQHandler                      0x080002f3   Thumb Code     0  startup_stm32f407xx.o(.text)
    TIM7_IRQHandler                          0x080002f3   Thumb Code     0  startup_stm32f407xx.o(.text)
    TIM8_BRK_TIM12_IRQHandler                0x080002f3   Thumb Code     0  startup_stm32f407xx.o(.text)
    TIM8_TRG_COM_TIM14_IRQHandler            0x080002f3   Thumb Code     0  startup_stm32f407xx.o(.text)
    TIM8_UP_TIM13_IRQHandler                 0x080002f3   Thumb Code     0  startup_stm32f407xx.o(.text)
    UART4_IRQHandler                         0x080002f3   Thumb Code     0  startup_stm32f407xx.o(.text)
    UART5_IRQHandler                         0x080002f3   Thumb Code     0  startup_stm32f407xx.o(.text)
    USART2_IRQHandler                        0x080002f3   Thumb Code     0  startup_stm32f407xx.o(.text)
    USART3_IRQHandler                        0x080002f3   Thumb Code     0  startup_stm32f407xx.o(.text)
    USART6_IRQHandler                        0x080002f3   Thumb Code     0  startup_stm32f407xx.o(.text)
    WWDG_IRQHandler                          0x080002f3   Thumb Code     0  startup_stm32f407xx.o(.text)
    __user_initial_stackheap                 0x080002f5   Thumb Code     0  startup_stm32f407xx.o(.text)
    __use_no_semihosting                     0x08000319   Thumb Code     2  use_no_semi_2.o(.text)
    __aeabi_uldivmod                         0x0800031b   Thumb Code     0  lludivv7m.o(.text)
    _ll_udiv                                 0x0800031b   Thumb Code   238  lludivv7m.o(.text)
    __2printf                                0x08000409   Thumb Code    20  noretval__2printf.o(.text)
    __2snprintf                              0x08000421   Thumb Code    48  noretval__2snprintf.o(.text)
    _printf_pre_padding                      0x08000455   Thumb Code    44  _printf_pad.o(.text)
    _printf_post_padding                     0x08000481   Thumb Code    34  _printf_pad.o(.text)
    _printf_truncate_signed                  0x080004a3   Thumb Code    18  _printf_truncate.o(.text)
    _printf_truncate_unsigned                0x080004b5   Thumb Code    18  _printf_truncate.o(.text)
    _printf_str                              0x080004c7   Thumb Code    82  _printf_str.o(.text)
    _printf_int_dec                          0x08000519   Thumb Code   104  _printf_dec.o(.text)
    _printf_wctomb                           0x08000591   Thumb Code   182  _printf_wctomb.o(.text)
    _printf_int_oct                          0x0800064d   Thumb Code    74  _printf_oct_int.o(.text)
    _printf_longlong_oct                     0x0800064d   Thumb Code     0  _printf_oct_int.o(.text)
    _printf_int_hex                          0x080006a1   Thumb Code    84  _printf_hex_int.o(.text)
    _printf_longlong_hex                     0x080006a1   Thumb Code     0  _printf_hex_int.o(.text)
    __printf                                 0x080006f9   Thumb Code   388  __printf_flags_ss_wp.o(.text)
    strcat                                   0x08000881   Thumb Code    24  strcat.o(.text)
    __aeabi_memcpy4                          0x08000899   Thumb Code     0  rt_memcpy_w.o(.text)
    __aeabi_memcpy8                          0x08000899   Thumb Code     0  rt_memcpy_w.o(.text)
    __rt_memcpy_w                            0x08000899   Thumb Code   100  rt_memcpy_w.o(.text)
    _memcpy_lastbytes_aligned                0x080008e1   Thumb Code     0  rt_memcpy_w.o(.text)
    __aeabi_memclr4                          0x080008fd   Thumb Code     0  rt_memclr_w.o(.text)
    __aeabi_memclr8                          0x080008fd   Thumb Code     0  rt_memclr_w.o(.text)
    __rt_memclr_w                            0x080008fd   Thumb Code    78  rt_memclr_w.o(.text)
    _memset_w                                0x08000901   Thumb Code     0  rt_memclr_w.o(.text)
    strcmp                                   0x0800094d   Thumb Code   128  strcmpv7m.o(.text)
    __use_two_region_memory                  0x080009cd   Thumb Code     2  heapauxi.o(.text)
    __rt_heap_escrow$2region                 0x080009cf   Thumb Code     2  heapauxi.o(.text)
    __rt_heap_expand$2region                 0x080009d1   Thumb Code     2  heapauxi.o(.text)
    __I$use$semihosting                      0x080009d3   Thumb Code     0  use_no_semi.o(.text)
    __use_no_semihosting_swi                 0x080009d3   Thumb Code     2  use_no_semi.o(.text)
    _printf_int_common                       0x080009d5   Thumb Code   178  _printf_intcommon.o(.text)
    __lib_sel_fp_printf                      0x08000a87   Thumb Code     2  _printf_fp_dec.o(.text)
    _printf_fp_dec_real                      0x08000c35   Thumb Code   620  _printf_fp_dec.o(.text)
    _printf_fp_hex_real                      0x08000ea1   Thumb Code   756  _printf_fp_hex.o(.text)
    _printf_char_common                      0x080011a7   Thumb Code    32  _printf_char_common.o(.text)
    _sputc                                   0x080011cd   Thumb Code    10  _sputc.o(.text)
    _snputc                                  0x080011d7   Thumb Code    16  _snputc.o(.text)
    _printf_cs_common                        0x080011e7   Thumb Code    20  _printf_char.o(.text)
    _printf_char                             0x080011fb   Thumb Code    16  _printf_char.o(.text)
    _printf_string                           0x0800120b   Thumb Code     8  _printf_char.o(.text)
    _printf_char_file                        0x08001215   Thumb Code    32  _printf_char_file.o(.text)
    _printf_lcs_common                       0x08001239   Thumb Code    20  _printf_wchar.o(.text)
    _printf_wchar                            0x0800124d   Thumb Code    16  _printf_wchar.o(.text)
    _printf_wstring                          0x0800125d   Thumb Code     8  _printf_wchar.o(.text)
    _wcrtomb                                 0x08001265   Thumb Code    64  _wcrtomb.o(.text)
    __rt_ctype_table                         0x080012a5   Thumb Code    16  rt_ctype_table.o(.text)
    __rt_locale                              0x080012b5   Thumb Code     8  rt_locale_intlibspace.o(.text)
    _ll_udiv10                               0x080012bd   Thumb Code   138  lludiv10.o(.text)
    _printf_fp_infnan                        0x08001349   Thumb Code   112  _printf_fp_infnan.o(.text)
    _btod_etento                             0x080013c9   Thumb Code   216  bigflt0.o(.text)
    ferror                                   0x080014a5   Thumb Code     8  ferror.o(.text)
    __user_libspace                          0x080014ad   Thumb Code     8  libspace.o(.text)
    __user_perproc_libspace                  0x080014ad   Thumb Code     0  libspace.o(.text)
    __user_perthread_libspace                0x080014ad   Thumb Code     0  libspace.o(.text)
    __user_setup_stackheap                   0x080014b5   Thumb Code    74  sys_stackheap_outer.o(.text)
    exit                                     0x080014ff   Thumb Code    18  exit.o(.text)
    _btod_d2e                                0x08001511   Thumb Code    62  btod.o(CL$$btod_d2e)
    _d2e_denorm_low                          0x0800154f   Thumb Code    70  btod.o(CL$$btod_d2e_denorm_low)
    _d2e_norm_op1                            0x08001595   Thumb Code    96  btod.o(CL$$btod_d2e_norm_op1)
    __btod_div_common                        0x080015f5   Thumb Code   696  btod.o(CL$$btod_div_common)
    _e2e                                     0x0800192d   Thumb Code   198  btod.o(CL$$btod_e2e)
    _btod_ediv                               0x080019f3   Thumb Code    40  btod.o(CL$$btod_ediv)
    _btod_emul                               0x08001a1b   Thumb Code    40  btod.o(CL$$btod_emul)
    __btod_mult_common                       0x08001a43   Thumb Code   580  btod.o(CL$$btod_mult_common)
    BusFault_Handler                         0x08001e3d   Thumb Code     2  stm32f4xx_it.o(i.BusFault_Handler)
    CODE_INIT                                0x08001e41   Thumb Code    46  code.o(i.CODE_INIT)
    CODE_MAIN                                0x08001e79   Thumb Code    24  code.o(i.CODE_MAIN)
    DMA2_Stream0_IRQHandler                  0x08001ebd   Thumb Code     6  my_adc.o(i.DMA2_Stream0_IRQHandler)
    DebugMon_Handler                         0x08001f6d   Thumb Code     2  stm32f4xx_it.o(i.DebugMon_Handler)
    HAL_ADC_ConfigChannel                    0x08001f71   Thumb Code   316  stm32f4xx_hal_adc.o(i.HAL_ADC_ConfigChannel)
    HAL_ADC_ConvCpltCallback                 0x080020bd   Thumb Code    48  my_adc.o(i.HAL_ADC_ConvCpltCallback)
    HAL_ADC_ConvHalfCpltCallback             0x080020f9   Thumb Code     2  stm32f4xx_hal_adc.o(i.HAL_ADC_ConvHalfCpltCallback)
    HAL_ADC_ErrorCallback                    0x080020fb   Thumb Code     2  stm32f4xx_hal_adc.o(i.HAL_ADC_ErrorCallback)
    HAL_ADC_Init                             0x080020fd   Thumb Code    84  stm32f4xx_hal_adc.o(i.HAL_ADC_Init)
    HAL_ADC_MspInit                          0x08002151   Thumb Code    54  my_adc.o(i.HAL_ADC_MspInit)
    HAL_ADC_Start_DMA                        0x08002195   Thumb Code   302  stm32f4xx_hal_adc.o(i.HAL_ADC_Start_DMA)
    HAL_ADC_Stop_DMA                         0x080022e9   Thumb Code   108  stm32f4xx_hal_adc.o(i.HAL_ADC_Stop_DMA)
    HAL_DAC_ConfigChannel                    0x08002355   Thumb Code    78  stm32f4xx_hal_dac.o(i.HAL_DAC_ConfigChannel)
    HAL_DAC_Init                             0x080023a3   Thumb Code    40  stm32f4xx_hal_dac.o(i.HAL_DAC_Init)
    HAL_DAC_MspInit                          0x080023cb   Thumb Code     2  stm32f4xx_hal_dac.o(i.HAL_DAC_MspInit)
    HAL_DAC_SetValue                         0x080023cd   Thumb Code    34  stm32f4xx_hal_dac.o(i.HAL_DAC_SetValue)
    HAL_DAC_Start                            0x080023ef   Thumb Code    98  stm32f4xx_hal_dac.o(i.HAL_DAC_Start)
    HAL_DMA_Abort                            0x08002451   Thumb Code   146  stm32f4xx_hal_dma.o(i.HAL_DMA_Abort)
    HAL_DMA_Abort_IT                         0x080024e3   Thumb Code    36  stm32f4xx_hal_dma.o(i.HAL_DMA_Abort_IT)
    HAL_DMA_IRQHandler                       0x08002509   Thumb Code   412  stm32f4xx_hal_dma.o(i.HAL_DMA_IRQHandler)
    HAL_DMA_Init                             0x080026a9   Thumb Code   206  stm32f4xx_hal_dma.o(i.HAL_DMA_Init)
    HAL_DMA_Start_IT                         0x0800277d   Thumb Code   110  stm32f4xx_hal_dma.o(i.HAL_DMA_Start_IT)
    HAL_GPIO_Init                            0x080027ed   Thumb Code   450  stm32f4xx_hal_gpio.o(i.HAL_GPIO_Init)
    HAL_GPIO_ReadPin                         0x080029dd   Thumb Code    10  stm32f4xx_hal_gpio.o(i.HAL_GPIO_ReadPin)
    HAL_GPIO_TogglePin                       0x080029e7   Thumb Code    16  stm32f4xx_hal_gpio.o(i.HAL_GPIO_TogglePin)
    HAL_GPIO_WritePin                        0x080029f7   Thumb Code    10  stm32f4xx_hal_gpio.o(i.HAL_GPIO_WritePin)
    HAL_GetTick                              0x08002a01   Thumb Code     6  stm32f4xx_hal.o(i.HAL_GetTick)
    HAL_IncTick                              0x08002a0d   Thumb Code    12  stm32f4xx_hal.o(i.HAL_IncTick)
    HAL_Init                                 0x08002a1d   Thumb Code    48  stm32f4xx_hal.o(i.HAL_Init)
    HAL_InitTick                             0x08002a51   Thumb Code    54  stm32f4xx_hal.o(i.HAL_InitTick)
    HAL_MspInit                              0x08002a91   Thumb Code     2  stm32f4xx_hal.o(i.HAL_MspInit)
    HAL_NVIC_EnableIRQ                       0x08002a93   Thumb Code    26  stm32f4xx_hal_cortex.o(i.HAL_NVIC_EnableIRQ)
    HAL_NVIC_SetPriority                     0x08002aad   Thumb Code    60  stm32f4xx_hal_cortex.o(i.HAL_NVIC_SetPriority)
    HAL_NVIC_SetPriorityGrouping             0x08002aed   Thumb Code    26  stm32f4xx_hal_cortex.o(i.HAL_NVIC_SetPriorityGrouping)
    HAL_NVIC_SystemReset                     0x08002b11   Thumb Code    26  stm32f4xx_hal_cortex.o(i.HAL_NVIC_SystemReset)
    HAL_RCC_ClockConfig                      0x08002b35   Thumb Code   288  stm32f4xx_hal_rcc.o(i.HAL_RCC_ClockConfig)
    HAL_RCC_GetPCLK1Freq                     0x08002c69   Thumb Code    20  stm32f4xx_hal_rcc.o(i.HAL_RCC_GetPCLK1Freq)
    HAL_RCC_GetPCLK2Freq                     0x08002c89   Thumb Code    20  stm32f4xx_hal_rcc.o(i.HAL_RCC_GetPCLK2Freq)
    HAL_RCC_GetSysClockFreq                  0x08002ca9   Thumb Code    88  stm32f4xx_hal_rcc.o(i.HAL_RCC_GetSysClockFreq)
    HAL_RCC_OscConfig                        0x08002d0d   Thumb Code   856  stm32f4xx_hal_rcc.o(i.HAL_RCC_OscConfig)
    HAL_SYSTICK_CLKSourceConfig              0x08003079   Thumb Code    24  stm32f4xx_hal_cortex.o(i.HAL_SYSTICK_CLKSourceConfig)
    HAL_SYSTICK_Config                       0x08003091   Thumb Code    40  stm32f4xx_hal_cortex.o(i.HAL_SYSTICK_Config)
    HAL_TIMEx_BreakCallback                  0x080030b9   Thumb Code     2  stm32f4xx_hal_tim_ex.o(i.HAL_TIMEx_BreakCallback)
    HAL_TIMEx_CommutCallback                 0x080030bb   Thumb Code     2  stm32f4xx_hal_tim_ex.o(i.HAL_TIMEx_CommutCallback)
    HAL_TIM_Base_Init                        0x080030bd   Thumb Code    90  stm32f4xx_hal_tim.o(i.HAL_TIM_Base_Init)
    HAL_TIM_Base_MspInit                     0x08003117   Thumb Code     2  stm32f4xx_hal_tim.o(i.HAL_TIM_Base_MspInit)
    HAL_TIM_Base_Start_IT                    0x08003119   Thumb Code   100  stm32f4xx_hal_tim.o(i.HAL_TIM_Base_Start_IT)
    HAL_TIM_IC_CaptureCallback               0x08003199   Thumb Code   110  my_tim.o(i.HAL_TIM_IC_CaptureCallback)
    HAL_TIM_IRQHandler                       0x08003219   Thumb Code   304  stm32f4xx_hal_tim.o(i.HAL_TIM_IRQHandler)
    HAL_TIM_OC_DelayElapsedCallback          0x08003349   Thumb Code     2  stm32f4xx_hal_tim.o(i.HAL_TIM_OC_DelayElapsedCallback)
    HAL_TIM_PWM_PulseFinishedCallback        0x0800334b   Thumb Code     2  stm32f4xx_hal_tim.o(i.HAL_TIM_PWM_PulseFinishedCallback)
    HAL_TIM_PeriodElapsedCallback            0x0800334d   Thumb Code     2  stm32f4xx_hal_tim.o(i.HAL_TIM_PeriodElapsedCallback)
    HAL_TIM_ReadCapturedValue                0x0800334f   Thumb Code    42  stm32f4xx_hal_tim.o(i.HAL_TIM_ReadCapturedValue)
    HAL_TIM_TriggerCallback                  0x08003379   Thumb Code     2  stm32f4xx_hal_tim.o(i.HAL_TIM_TriggerCallback)
    HAL_UARTEx_RxEventCallback               0x0800337b   Thumb Code     2  stm32f4xx_hal_uart.o(i.HAL_UARTEx_RxEventCallback)
    HAL_UART_ErrorCallback                   0x0800337d   Thumb Code     2  stm32f4xx_hal_uart.o(i.HAL_UART_ErrorCallback)
    HAL_UART_GetState                        0x0800337f   Thumb Code    10  stm32f4xx_hal_uart.o(i.HAL_UART_GetState)
    HAL_UART_IRQHandler                      0x08003389   Thumb Code   618  stm32f4xx_hal_uart.o(i.HAL_UART_IRQHandler)
    HAL_UART_Init                            0x080035f9   Thumb Code   100  stm32f4xx_hal_uart.o(i.HAL_UART_Init)
    HAL_UART_MspInit                         0x0800365d   Thumb Code   108  usart.o(i.HAL_UART_MspInit)
    HAL_UART_Receive_IT                      0x080036d1   Thumb Code    28  stm32f4xx_hal_uart.o(i.HAL_UART_Receive_IT)
    HAL_UART_RxCpltCallback                  0x080036ed   Thumb Code    76  usart.o(i.HAL_UART_RxCpltCallback)
    HAL_UART_TxCpltCallback                  0x08003745   Thumb Code     2  stm32f4xx_hal_uart.o(i.HAL_UART_TxCpltCallback)
    HardFault_Handler                        0x08003749   Thumb Code    48  stm32f4xx_it.o(i.HardFault_Handler)
    LED_APP_Read                             0x080037b5   Thumb Code     8  my_led.o(i.LED_APP_Read)
    LED_APP_Toggle                           0x080037bd   Thumb Code     8  my_led.o(i.LED_APP_Toggle)
    MemManage_Handler                        0x08003861   Thumb Code     2  stm32f4xx_it.o(i.MemManage_Handler)
    NMI_Handler                              0x08003863   Thumb Code     2  stm32f4xx_it.o(i.NMI_Handler)
    PendSV_Handler                           0x08003865   Thumb Code     2  stm32f4xx_it.o(i.PendSV_Handler)
    SVC_Handler                              0x08003867   Thumb Code     2  stm32f4xx_it.o(i.SVC_Handler)
    SysTick_Handler                          0x08003869   Thumb Code     4  stm32f4xx_it.o(i.SysTick_Handler)
    SystemClock_Config                       0x0800386d   Thumb Code   142  main.o(i.SystemClock_Config)
    SystemInit                               0x08003905   Thumb Code    12  system_stm32f4xx.o(i.SystemInit)
    TIM4_IRQHandler                          0x08003915   Thumb Code    44  usmart.o(i.TIM4_IRQHandler)
    TIM8_CC_IRQHandler                       0x08003949   Thumb Code     6  my_tim.o(i.TIM8_CC_IRQHandler)
    TIM_Base_SetConfig                       0x08003955   Thumb Code   170  stm32f4xx_hal_tim.o(i.TIM_Base_SetConfig)
    Timer4_Init                              0x08003a2d   Thumb Code    72  usmart.o(i.Timer4_Init)
    UART_Start_Receive_IT                    0x08003cad   Thumb Code    54  stm32f4xx_hal_uart.o(i.UART_Start_Receive_IT)
    USART1_IRQHandler                        0x08003ce5   Thumb Code    34  usart.o(i.USART1_IRQHandler)
    UsageFault_Handler                       0x08003d11   Thumb Code     2  stm32f4xx_it.o(i.UsageFault_Handler)
    __ARM_fpclassify                         0x08003d13   Thumb Code    48  fpclassify.o(i.__ARM_fpclassify)
    _is_digit                                0x08003d63   Thumb Code    14  __printf_wp.o(i._is_digit)
    _sys_exit                                0x08003d71   Thumb Code     2  usart.o(i._sys_exit)
    adc_dma_init                             0x08003d75   Thumb Code   102  my_adc.o(i.adc_dma_init)
    adc_init                                 0x08003de9   Thumb Code    92  my_adc.o(i.adc_init)
    calc_adc_val                             0x08003e51   Thumb Code    76  my_adc.o(i.calc_adc_val)
    dac_init                                 0x08003e9d   Thumb Code   136  my_dac.o(i.dac_init)
    dac_triangular_wave                      0x08003f35   Thumb Code   170  my_dac.o(i.dac_triangular_wave)
    delay_init                               0x08003fe9   Thumb Code    16  delay.o(i.delay_init)
    delay_ms                                 0x08003ffd   Thumb Code    26  delay.o(i.delay_ms)
    delay_us                                 0x08004019   Thumb Code    48  delay.o(i.delay_us)
    fputc                                    0x0800404d   Thumb Code    14  usart.o(i.fputc)
    main                                     0x08004061   Thumb Code    54  main.o(i.main)
    multi_printf_arrays                      0x0800409d   Thumb Code   168  my_string.o(i.multi_printf_arrays)
    multi_printf_arrays_direct               0x0800414d   Thumb Code   168  my_string.o(i.multi_printf_arrays_direct)
    muti_printf_self_test                    0x080041fd   Thumb Code   160  my_string.o(i.muti_printf_self_test)
    my_adc_self_test                         0x08004305   Thumb Code    52  my_adc.o(i.my_adc_self_test)
    my_dac_self_test                         0x0800434d   Thumb Code    16  my_dac.o(i.my_dac_self_test)
    my_led_self_test                         0x0800435d   Thumb Code    22  my_led.o(i.my_led_self_test)
    my_test                                  0x08004379   Thumb Code     2  test.o(i.my_test)
    read_addr                                0x0800437b   Thumb Code     4  usmart.o(i.read_addr)
    uart_init                                0x08004381   Thumb Code    44  usart.o(i.uart_init)
    ug                                       0x080043b9   Thumb Code   136  usmart_config.o(i.ug)
    usmart_cmd_rec                           0x080044bd   Thumb Code   144  usmart.o(i.usmart_cmd_rec)
    usmart_exe                               0x08004551   Thumb Code   514  usmart.o(i.usmart_exe)
    usmart_get_aparm                         0x080047b5   Thumb Code   166  usmart_str.o(i.usmart_get_aparm)
    usmart_get_cmdname                       0x0800485b   Thumb Code    46  usmart_str.o(i.usmart_get_cmdname)
    usmart_get_fname                         0x08004889   Thumb Code   358  usmart_str.o(i.usmart_get_fname)
    usmart_get_fparam                        0x080049f9   Thumb Code   208  usmart_str.o(i.usmart_get_fparam)
    usmart_get_parmpos                       0x08004acd   Thumb Code    30  usmart_str.o(i.usmart_get_parmpos)
    usmart_get_runtime                       0x08004af1   Thumb Code    38  usmart.o(i.usmart_get_runtime)
    usmart_init                              0x08004b21   Thumb Code    36  usmart.o(i.usmart_init)
    usmart_minnie                            0x08004b49   Thumb Code    68  usmart_config.o(i.usmart_minnie)
    usmart_pow                               0x08004bb5   Thumb Code    16  usmart_str.o(i.usmart_pow)
    usmart_reset_runtime                     0x08004bc5   Thumb Code    32  usmart.o(i.usmart_reset_runtime)
    usmart_scan                              0x08004bed   Thumb Code    94  usmart.o(i.usmart_scan)
    usmart_search_nextc                      0x08004c91   Thumb Code    16  usmart_str.o(i.usmart_search_nextc)
    usmart_str2num                           0x08004ca1   Thumb Code   214  usmart_str.o(i.usmart_str2num)
    usmart_strcmp                            0x08004d77   Thumb Code    24  usmart_str.o(i.usmart_strcmp)
    usmart_strcopy                           0x08004d8f   Thumb Code    18  usmart_str.o(i.usmart_strcopy)
    usmart_strlen                            0x08004da1   Thumb Code    18  usmart_str.o(i.usmart_strlen)
    usmart_sys_cmd_exe                       0x08004db5   Thumb Code  1458  usmart.o(i.usmart_sys_cmd_exe)
    write_addr                               0x08005435   Thumb Code     4  usmart.o(i.write_addr)
    _get_lc_numeric                          0x08005439   Thumb Code    44  lc_numeric_c.o(locale$$code)
    _get_lc_ctype                            0x08005465   Thumb Code    44  lc_ctype_c.o(locale$$code)
    __aeabi_d2f                              0x08005491   Thumb Code     0  d2f.o(x$fpl$d2f)
    _d2f                                     0x08005491   Thumb Code    98  d2f.o(x$fpl$d2f)
    __aeabi_ui2d                             0x080054f3   Thumb Code     0  dflt_clz.o(x$fpl$dfltu)
    _dfltu                                   0x080054f3   Thumb Code    38  dflt_clz.o(x$fpl$dfltu)
    __aeabi_dmul                             0x08005519   Thumb Code     0  dmul.o(x$fpl$dmul)
    _dmul                                    0x08005519   Thumb Code   332  dmul.o(x$fpl$dmul)
    __fpl_dnaninf                            0x0800566d   Thumb Code   156  dnaninf.o(x$fpl$dnaninf)
    __fpl_dretinf                            0x08005709   Thumb Code    12  dretinf.o(x$fpl$dretinf)
    __aeabi_f2d                              0x08005715   Thumb Code     0  f2d.o(x$fpl$f2d)
    _f2d                                     0x08005715   Thumb Code    86  f2d.o(x$fpl$f2d)
    __fpl_fnaninf                            0x0800576b   Thumb Code   140  fnaninf.o(x$fpl$fnaninf)
    _fp_init                                 0x080057f7   Thumb Code    10  fpinit.o(x$fpl$fpinit)
    __fplib_config_fpu_vfp                   0x080057ff   Thumb Code     0  fpinit.o(x$fpl$fpinit)
    __fplib_config_pureend_doubles           0x080057ff   Thumb Code     0  fpinit.o(x$fpl$fpinit)
    __fpl_fretinf                            0x08005801   Thumb Code    10  fretinf.o(x$fpl$fretinf)
    _printf_fp_dec                           0x0800580b   Thumb Code     4  printf1.o(x$fpl$printf1)
    _printf_fp_hex                           0x0800580f   Thumb Code     4  printf2.o(x$fpl$printf2)
    __I$use$fp                               0x08005812   Number         0  usenofp.o(x$fpl$usenofp)
    AHBPrescTable                            0x0800581a   Data          16  system_stm32f4xx.o(.constdata)
    APBPrescTable                            0x0800582a   Data           8  system_stm32f4xx.o(.constdata)
    Region$$Table$$Base                      0x08005ec8   Number         0  anon$$obj.o(Region$$Table)
    Region$$Table$$Limit                     0x08005ee8   Number         0  anon$$obj.o(Region$$Table)
    __ctype                                  0x08005f11   Data           0  lc_ctype_c.o(locale$$data)
    uwTickFreq                               0x20000000   Data           1  stm32f4xx_hal.o(.data)
    uwTickPrio                               0x20000004   Data           4  stm32f4xx_hal.o(.data)
    uwTick                                   0x20000008   Data           4  stm32f4xx_hal.o(.data)
    SystemCoreClock                          0x2000000c   Data           4  system_stm32f4xx.o(.data)
    aRxBuffer                                0x20000014   Data           1  usart.o(.data)
    USART_RX_STA                             0x20000016   Data           2  usart.o(.data)
    __stdout                                 0x20000018   Data           4  usart.o(.data)
    sys_cmd_tab                              0x2000001c   Data          28  usmart.o(.data)
    my_func_len                              0x20000038   Data           4  usmart_config.o(.data)
    my_func_list                             0x2000003c   Data          24  usmart_config.o(.data)
    usmart_nametab                           0x20000054   Data          48  usmart_config.o(.data)
    usmart_dev                               0x20000084   Data         244  usmart_config.o(.data)
    PF6_state                                0x20000178   Data           1  my_led.o(.data)
    LED_Class_RED                            0x2000017c   Data          12  my_led.o(.data)
    time                                     0x20000188   Data           1  my_tim.o(.data)
    IC2Value                                 0x2000018a   Data           2  my_tim.o(.data)
    IC1Value                                 0x2000018c   Data           2  my_tim.o(.data)
    compare_value                            0x2000018e   Data           2  my_tim.o(.data)
    DutyCycle                                0x20000190   Data           4  my_tim.o(.data)
    Frequency                                0x20000194   Data           4  my_tim.o(.data)
    direction                                0x20000198   Data           4  my_tim.o(.data)
    g_adc_val                                0x2000019c   Data           2  my_adc.o(.data)
    ADC_Vol                                  0x200001a0   Data           4  my_adc.o(.data)
    USART_RX_BUF                             0x200009a4   Data         200  usart.o(.bss)
    UART1_Handler                            0x20000a6c   Data          72  usart.o(.bss)
    TIM4_Handler                             0x20000ab4   Data          72  usmart.o(.bss)
    g_sbreak_dead_time_config                0x20000afc   Data          32  my_tim.o(.bss)
    TIM_PWMOUTPUT_Handle                     0x20000b1c   Data          72  my_tim.o(.bss)
    TIM_PWMINPUT_Handle                      0x20000b64   Data          72  my_tim.o(.bss)
    g_timx_cplm_pwm_handle                   0x20000bac   Data          72  my_tim.o(.bss)
    DMA_Init_Handle                          0x20000bf4   Data          96  my_adc.o(.bss)
    ADC_Handle                               0x20000c54   Data          72  my_adc.o(.bss)
    ADC_Config                               0x20000c9c   Data          16  my_adc.o(.bss)
    g_adc_dma_buf                            0x20000cac   Data          10  my_adc.o(.bss)
    g_dac_handle                             0x20000cb8   Data          20  my_dac.o(.bss)
    __libspace_start                         0x20000ccc   Data          96  libspace.o(.bss)
    __temporary_stack_top$libspace           0x20000d2c   Data           0  libspace.o(.bss)



==============================================================================

Memory Map of the image

  Image Entry point : 0x08000189

  Load Region LR_IROM1 (Base: 0x08000000, Size: 0x000061b8, Max: 0x00100000, ABSOLUTE, COMPRESSED[0x00006090])

    Execution Region ER_IROM1 (Base: 0x08000000, Size: 0x00006014, Max: 0x00100000, ABSOLUTE)

    Base Addr    Size         Type   Attr      Idx    E Section Name        Object

    0x08000000   0x00000188   Data   RO            3    RESET               startup_stm32f407xx.o
    0x08000188   0x00000008   Code   RO         4247  * !!!main             c_w.l(__main.o)
    0x08000190   0x00000034   Code   RO         4530    !!!scatter          c_w.l(__scatter.o)
    0x080001c4   0x0000005a   Code   RO         4528    !!dczerorl2         c_w.l(__dczerorl2.o)
    0x0800021e   0x00000002   PAD
    0x08000220   0x0000001c   Code   RO         4532    !!handler_zi        c_w.l(__scatter_zi.o)
    0x0800023c   0x00000000   Code   RO         4235    .ARM.Collect$$_printf_percent$$00000000  c_w.l(_printf_percent.o)
    0x0800023c   0x00000006   Code   RO         4231    .ARM.Collect$$_printf_percent$$00000003  c_w.l(_printf_f.o)
    0x08000242   0x00000006   Code   RO         4232    .ARM.Collect$$_printf_percent$$00000004  c_w.l(_printf_e.o)
    0x08000248   0x00000006   Code   RO         4233    .ARM.Collect$$_printf_percent$$00000005  c_w.l(_printf_g.o)
    0x0800024e   0x00000006   Code   RO         4234    .ARM.Collect$$_printf_percent$$00000006  c_w.l(_printf_a.o)
    0x08000254   0x00000006   Code   RO         4228    .ARM.Collect$$_printf_percent$$00000008  c_w.l(_printf_i.o)
    0x0800025a   0x00000006   Code   RO         4229    .ARM.Collect$$_printf_percent$$00000009  c_w.l(_printf_d.o)
    0x08000260   0x00000006   Code   RO         4230    .ARM.Collect$$_printf_percent$$0000000A  c_w.l(_printf_u.o)
    0x08000266   0x00000006   Code   RO         4227    .ARM.Collect$$_printf_percent$$0000000B  c_w.l(_printf_o.o)
    0x0800026c   0x00000006   Code   RO         4226    .ARM.Collect$$_printf_percent$$0000000C  c_w.l(_printf_x.o)
    0x08000272   0x0000000a   Code   RO         4306    .ARM.Collect$$_printf_percent$$00000012  c_w.l(_printf_l.o)
    0x0800027c   0x00000006   Code   RO         4224    .ARM.Collect$$_printf_percent$$00000013  c_w.l(_printf_c.o)
    0x08000282   0x00000006   Code   RO         4225    .ARM.Collect$$_printf_percent$$00000014  c_w.l(_printf_s.o)
    0x08000288   0x00000006   Code   RO         4236    .ARM.Collect$$_printf_percent$$00000015  c_w.l(_printf_lc.o)
    0x0800028e   0x00000004   Code   RO         4305    .ARM.Collect$$_printf_percent$$00000017  c_w.l(_printf_percent_end.o)
    0x08000292   0x00000002   Code   RO         4407    .ARM.Collect$$libinit$$00000000  c_w.l(libinit.o)
    0x08000294   0x00000004   Code   RO         4408    .ARM.Collect$$libinit$$00000001  c_w.l(libinit2.o)
    0x08000298   0x00000000   Code   RO         4411    .ARM.Collect$$libinit$$00000004  c_w.l(libinit2.o)
    0x08000298   0x00000000   Code   RO         4414    .ARM.Collect$$libinit$$0000000A  c_w.l(libinit2.o)
    0x08000298   0x00000000   Code   RO         4416    .ARM.Collect$$libinit$$0000000C  c_w.l(libinit2.o)
    0x08000298   0x00000000   Code   RO         4418    .ARM.Collect$$libinit$$0000000E  c_w.l(libinit2.o)
    0x08000298   0x00000006   Code   RO         4419    .ARM.Collect$$libinit$$0000000F  c_w.l(libinit2.o)
    0x0800029e   0x00000000   Code   RO         4421    .ARM.Collect$$libinit$$00000011  c_w.l(libinit2.o)
    0x0800029e   0x0000000c   Code   RO         4422    .ARM.Collect$$libinit$$00000012  c_w.l(libinit2.o)
    0x080002aa   0x00000000   Code   RO         4423    .ARM.Collect$$libinit$$00000013  c_w.l(libinit2.o)
    0x080002aa   0x00000000   Code   RO         4425    .ARM.Collect$$libinit$$00000015  c_w.l(libinit2.o)
    0x080002aa   0x0000000a   Code   RO         4426    .ARM.Collect$$libinit$$00000016  c_w.l(libinit2.o)
    0x080002b4   0x00000000   Code   RO         4427    .ARM.Collect$$libinit$$00000017  c_w.l(libinit2.o)
    0x080002b4   0x00000000   Code   RO         4429    .ARM.Collect$$libinit$$00000019  c_w.l(libinit2.o)
    0x080002b4   0x00000000   Code   RO         4431    .ARM.Collect$$libinit$$0000001B  c_w.l(libinit2.o)
    0x080002b4   0x00000000   Code   RO         4433    .ARM.Collect$$libinit$$0000001D  c_w.l(libinit2.o)
    0x080002b4   0x00000000   Code   RO         4435    .ARM.Collect$$libinit$$0000001F  c_w.l(libinit2.o)
    0x080002b4   0x00000000   Code   RO         4437    .ARM.Collect$$libinit$$00000021  c_w.l(libinit2.o)
    0x080002b4   0x00000000   Code   RO         4439    .ARM.Collect$$libinit$$00000023  c_w.l(libinit2.o)
    0x080002b4   0x00000000   Code   RO         4441    .ARM.Collect$$libinit$$00000025  c_w.l(libinit2.o)
    0x080002b4   0x00000000   Code   RO         4445    .ARM.Collect$$libinit$$0000002C  c_w.l(libinit2.o)
    0x080002b4   0x00000000   Code   RO         4447    .ARM.Collect$$libinit$$0000002E  c_w.l(libinit2.o)
    0x080002b4   0x00000000   Code   RO         4449    .ARM.Collect$$libinit$$00000030  c_w.l(libinit2.o)
    0x080002b4   0x00000000   Code   RO         4451    .ARM.Collect$$libinit$$00000032  c_w.l(libinit2.o)
    0x080002b4   0x00000002   Code   RO         4452    .ARM.Collect$$libinit$$00000033  c_w.l(libinit2.o)
    0x080002b6   0x00000002   Code   RO         4492    .ARM.Collect$$libshutdown$$00000000  c_w.l(libshutdown.o)
    0x080002b8   0x00000000   Code   RO         4511    .ARM.Collect$$libshutdown$$00000002  c_w.l(libshutdown2.o)
    0x080002b8   0x00000000   Code   RO         4513    .ARM.Collect$$libshutdown$$00000004  c_w.l(libshutdown2.o)
    0x080002b8   0x00000000   Code   RO         4516    .ARM.Collect$$libshutdown$$00000007  c_w.l(libshutdown2.o)
    0x080002b8   0x00000000   Code   RO         4519    .ARM.Collect$$libshutdown$$0000000A  c_w.l(libshutdown2.o)
    0x080002b8   0x00000000   Code   RO         4521    .ARM.Collect$$libshutdown$$0000000C  c_w.l(libshutdown2.o)
    0x080002b8   0x00000000   Code   RO         4524    .ARM.Collect$$libshutdown$$0000000F  c_w.l(libshutdown2.o)
    0x080002b8   0x00000002   Code   RO         4525    .ARM.Collect$$libshutdown$$00000010  c_w.l(libshutdown2.o)
    0x080002ba   0x00000000   Code   RO         4281    .ARM.Collect$$rtentry$$00000000  c_w.l(__rtentry.o)
    0x080002ba   0x00000000   Code   RO         4321    .ARM.Collect$$rtentry$$00000002  c_w.l(__rtentry2.o)
    0x080002ba   0x00000006   Code   RO         4333    .ARM.Collect$$rtentry$$00000004  c_w.l(__rtentry4.o)
    0x080002c0   0x00000000   Code   RO         4323    .ARM.Collect$$rtentry$$00000009  c_w.l(__rtentry2.o)
    0x080002c0   0x00000004   Code   RO         4324    .ARM.Collect$$rtentry$$0000000A  c_w.l(__rtentry2.o)
    0x080002c4   0x00000000   Code   RO         4326    .ARM.Collect$$rtentry$$0000000C  c_w.l(__rtentry2.o)
    0x080002c4   0x00000008   Code   RO         4327    .ARM.Collect$$rtentry$$0000000D  c_w.l(__rtentry2.o)
    0x080002cc   0x00000002   Code   RO         4453    .ARM.Collect$$rtexit$$00000000  c_w.l(rtexit.o)
    0x080002ce   0x00000000   Code   RO         4466    .ARM.Collect$$rtexit$$00000002  c_w.l(rtexit2.o)
    0x080002ce   0x00000004   Code   RO         4467    .ARM.Collect$$rtexit$$00000003  c_w.l(rtexit2.o)
    0x080002d2   0x00000006   Code   RO         4468    .ARM.Collect$$rtexit$$00000004  c_w.l(rtexit2.o)
    0x080002d8   0x00000040   Code   RO            4    .text               startup_stm32f407xx.o
    0x08000318   0x00000002   Code   RO         4152    .text               c_w.l(use_no_semi_2.o)
    0x0800031a   0x000000ee   Code   RO         4154    .text               c_w.l(lludivv7m.o)
    0x08000408   0x00000018   Code   RO         4160    .text               c_w.l(noretval__2printf.o)
    0x08000420   0x00000034   Code   RO         4162    .text               c_w.l(noretval__2snprintf.o)
    0x08000454   0x0000004e   Code   RO         4166    .text               c_w.l(_printf_pad.o)
    0x080004a2   0x00000024   Code   RO         4168    .text               c_w.l(_printf_truncate.o)
    0x080004c6   0x00000052   Code   RO         4170    .text               c_w.l(_printf_str.o)
    0x08000518   0x00000078   Code   RO         4172    .text               c_w.l(_printf_dec.o)
    0x08000590   0x000000bc   Code   RO         4174    .text               c_w.l(_printf_wctomb.o)
    0x0800064c   0x00000054   Code   RO         4179    .text               c_w.l(_printf_oct_int.o)
    0x080006a0   0x00000058   Code   RO         4186    .text               c_w.l(_printf_hex_int.o)
    0x080006f8   0x00000188   Code   RO         4221    .text               c_w.l(__printf_flags_ss_wp.o)
    0x08000880   0x00000018   Code   RO         4237    .text               c_w.l(strcat.o)
    0x08000898   0x00000064   Code   RO         4239    .text               c_w.l(rt_memcpy_w.o)
    0x080008fc   0x0000004e   Code   RO         4241    .text               c_w.l(rt_memclr_w.o)
    0x0800094a   0x00000002   PAD
    0x0800094c   0x00000080   Code   RO         4243    .text               c_w.l(strcmpv7m.o)
    0x080009cc   0x00000006   Code   RO         4245    .text               c_w.l(heapauxi.o)
    0x080009d2   0x00000002   Code   RO         4279    .text               c_w.l(use_no_semi.o)
    0x080009d4   0x000000b2   Code   RO         4286    .text               c_w.l(_printf_intcommon.o)
    0x08000a86   0x0000041a   Code   RO         4288    .text               c_w.l(_printf_fp_dec.o)
    0x08000ea0   0x000002fc   Code   RO         4290    .text               c_w.l(_printf_fp_hex.o)
    0x0800119c   0x00000030   Code   RO         4293    .text               c_w.l(_printf_char_common.o)
    0x080011cc   0x0000000a   Code   RO         4295    .text               c_w.l(_sputc.o)
    0x080011d6   0x00000010   Code   RO         4297    .text               c_w.l(_snputc.o)
    0x080011e6   0x0000002c   Code   RO         4299    .text               c_w.l(_printf_char.o)
    0x08001212   0x00000002   PAD
    0x08001214   0x00000024   Code   RO         4301    .text               c_w.l(_printf_char_file.o)
    0x08001238   0x0000002c   Code   RO         4303    .text               c_w.l(_printf_wchar.o)
    0x08001264   0x00000040   Code   RO         4307    .text               c_w.l(_wcrtomb.o)
    0x080012a4   0x00000010   Code   RO         4335    .text               c_w.l(rt_ctype_table.o)
    0x080012b4   0x00000008   Code   RO         4342    .text               c_w.l(rt_locale_intlibspace.o)
    0x080012bc   0x0000008a   Code   RO         4344    .text               c_w.l(lludiv10.o)
    0x08001346   0x00000002   PAD
    0x08001348   0x00000080   Code   RO         4346    .text               c_w.l(_printf_fp_infnan.o)
    0x080013c8   0x000000dc   Code   RO         4350    .text               c_w.l(bigflt0.o)
    0x080014a4   0x00000008   Code   RO         4375    .text               c_w.l(ferror.o)
    0x080014ac   0x00000008   Code   RO         4388    .text               c_w.l(libspace.o)
    0x080014b4   0x0000004a   Code   RO         4391    .text               c_w.l(sys_stackheap_outer.o)
    0x080014fe   0x00000012   Code   RO         4396    .text               c_w.l(exit.o)
    0x08001510   0x0000003e   Code   RO         4353    CL$$btod_d2e        c_w.l(btod.o)
    0x0800154e   0x00000046   Code   RO         4355    CL$$btod_d2e_denorm_low  c_w.l(btod.o)
    0x08001594   0x00000060   Code   RO         4354    CL$$btod_d2e_norm_op1  c_w.l(btod.o)
    0x080015f4   0x00000338   Code   RO         4363    CL$$btod_div_common  c_w.l(btod.o)
    0x0800192c   0x000000c6   Code   RO         4360    CL$$btod_e2e        c_w.l(btod.o)
    0x080019f2   0x00000028   Code   RO         4357    CL$$btod_ediv       c_w.l(btod.o)
    0x08001a1a   0x00000028   Code   RO         4356    CL$$btod_emul       c_w.l(btod.o)
    0x08001a42   0x00000244   Code   RO         4362    CL$$btod_mult_common  c_w.l(btod.o)
    0x08001c86   0x0000006e   Code   RO          326    i.ADC_DMAConvCplt   stm32f4xx_hal_adc.o
    0x08001cf4   0x00000016   Code   RO          327    i.ADC_DMAError      stm32f4xx_hal_adc.o
    0x08001d0a   0x0000000a   Code   RO          328    i.ADC_DMAHalfConvCplt  stm32f4xx_hal_adc.o
    0x08001d14   0x00000128   Code   RO          329    i.ADC_Init          stm32f4xx_hal_adc.o
    0x08001e3c   0x00000002   Code   RO          214    i.BusFault_Handler  stm32f4xx_it.o
    0x08001e3e   0x00000002   PAD
    0x08001e40   0x00000038   Code   RO         3356    i.CODE_INIT         code.o
    0x08001e78   0x00000044   Code   RO         3357    i.CODE_MAIN         code.o
    0x08001ebc   0x0000000c   Code   RO         4033    i.DMA2_Stream0_IRQHandler  my_adc.o
    0x08001ec8   0x00000028   Code   RO         1063    i.DMA_CalcBaseAndBitshift  stm32f4xx_hal_dma.o
    0x08001ef0   0x00000054   Code   RO         1064    i.DMA_CheckFifoParam  stm32f4xx_hal_dma.o
    0x08001f44   0x00000028   Code   RO         1065    i.DMA_SetConfig     stm32f4xx_hal_dma.o
    0x08001f6c   0x00000002   Code   RO          215    i.DebugMon_Handler  stm32f4xx_it.o
    0x08001f6e   0x00000002   PAD
    0x08001f70   0x0000014c   Code   RO          331    i.HAL_ADC_ConfigChannel  stm32f4xx_hal_adc.o
    0x080020bc   0x0000003c   Code   RO         4034    i.HAL_ADC_ConvCpltCallback  my_adc.o
    0x080020f8   0x00000002   Code   RO          333    i.HAL_ADC_ConvHalfCpltCallback  stm32f4xx_hal_adc.o
    0x080020fa   0x00000002   Code   RO          335    i.HAL_ADC_ErrorCallback  stm32f4xx_hal_adc.o
    0x080020fc   0x00000054   Code   RO          340    i.HAL_ADC_Init      stm32f4xx_hal_adc.o
    0x08002150   0x00000044   Code   RO         4035    i.HAL_ADC_MspInit   my_adc.o
    0x08002194   0x00000154   Code   RO          347    i.HAL_ADC_Start_DMA  stm32f4xx_hal_adc.o
    0x080022e8   0x0000006c   Code   RO          350    i.HAL_ADC_Stop_DMA  stm32f4xx_hal_adc.o
    0x08002354   0x0000004e   Code   RO         1745    i.HAL_DAC_ConfigChannel  stm32f4xx_hal_dac.o
    0x080023a2   0x00000028   Code   RO         1755    i.HAL_DAC_Init      stm32f4xx_hal_dac.o
    0x080023ca   0x00000002   Code   RO         1757    i.HAL_DAC_MspInit   stm32f4xx_hal_dac.o
    0x080023cc   0x00000022   Code   RO         1758    i.HAL_DAC_SetValue  stm32f4xx_hal_dac.o
    0x080023ee   0x00000062   Code   RO         1759    i.HAL_DAC_Start     stm32f4xx_hal_dac.o
    0x08002450   0x00000092   Code   RO         1066    i.HAL_DMA_Abort     stm32f4xx_hal_dma.o
    0x080024e2   0x00000024   Code   RO         1067    i.HAL_DMA_Abort_IT  stm32f4xx_hal_dma.o
    0x08002506   0x00000002   PAD
    0x08002508   0x000001a0   Code   RO         1071    i.HAL_DMA_IRQHandler  stm32f4xx_hal_dma.o
    0x080026a8   0x000000d4   Code   RO         1072    i.HAL_DMA_Init      stm32f4xx_hal_dma.o
    0x0800277c   0x0000006e   Code   RO         1076    i.HAL_DMA_Start_IT  stm32f4xx_hal_dma.o
    0x080027ea   0x00000002   PAD
    0x080027ec   0x000001f0   Code   RO          959    i.HAL_GPIO_Init     stm32f4xx_hal_gpio.o
    0x080029dc   0x0000000a   Code   RO          961    i.HAL_GPIO_ReadPin  stm32f4xx_hal_gpio.o
    0x080029e6   0x00000010   Code   RO          962    i.HAL_GPIO_TogglePin  stm32f4xx_hal_gpio.o
    0x080029f6   0x0000000a   Code   RO          963    i.HAL_GPIO_WritePin  stm32f4xx_hal_gpio.o
    0x08002a00   0x0000000c   Code   RO         1497    i.HAL_GetTick       stm32f4xx_hal.o
    0x08002a0c   0x00000010   Code   RO         1503    i.HAL_IncTick       stm32f4xx_hal.o
    0x08002a1c   0x00000034   Code   RO         1504    i.HAL_Init          stm32f4xx_hal.o
    0x08002a50   0x00000040   Code   RO         1505    i.HAL_InitTick      stm32f4xx_hal.o
    0x08002a90   0x00000002   Code   RO         1507    i.HAL_MspInit       stm32f4xx_hal.o
    0x08002a92   0x0000001a   Code   RO         1349    i.HAL_NVIC_EnableIRQ  stm32f4xx_hal_cortex.o
    0x08002aac   0x00000040   Code   RO         1355    i.HAL_NVIC_SetPriority  stm32f4xx_hal_cortex.o
    0x08002aec   0x00000024   Code   RO         1356    i.HAL_NVIC_SetPriorityGrouping  stm32f4xx_hal_cortex.o
    0x08002b10   0x00000024   Code   RO         1357    i.HAL_NVIC_SystemReset  stm32f4xx_hal_cortex.o
    0x08002b34   0x00000134   Code   RO          605    i.HAL_RCC_ClockConfig  stm32f4xx_hal_rcc.o
    0x08002c68   0x00000020   Code   RO          612    i.HAL_RCC_GetPCLK1Freq  stm32f4xx_hal_rcc.o
    0x08002c88   0x00000020   Code   RO          613    i.HAL_RCC_GetPCLK2Freq  stm32f4xx_hal_rcc.o
    0x08002ca8   0x00000064   Code   RO          614    i.HAL_RCC_GetSysClockFreq  stm32f4xx_hal_rcc.o
    0x08002d0c   0x0000036c   Code   RO          617    i.HAL_RCC_OscConfig  stm32f4xx_hal_rcc.o
    0x08003078   0x00000018   Code   RO         1358    i.HAL_SYSTICK_CLKSourceConfig  stm32f4xx_hal_cortex.o
    0x08003090   0x00000028   Code   RO         1360    i.HAL_SYSTICK_Config  stm32f4xx_hal_cortex.o
    0x080030b8   0x00000002   Code   RO         2688    i.HAL_TIMEx_BreakCallback  stm32f4xx_hal_tim_ex.o
    0x080030ba   0x00000002   Code   RO         2689    i.HAL_TIMEx_CommutCallback  stm32f4xx_hal_tim_ex.o
    0x080030bc   0x0000005a   Code   RO         1984    i.HAL_TIM_Base_Init  stm32f4xx_hal_tim.o
    0x08003116   0x00000002   Code   RO         1986    i.HAL_TIM_Base_MspInit  stm32f4xx_hal_tim.o
    0x08003118   0x00000080   Code   RO         1989    i.HAL_TIM_Base_Start_IT  stm32f4xx_hal_tim.o
    0x08003198   0x00000080   Code   RO         3949    i.HAL_TIM_IC_CaptureCallback  my_tim.o
    0x08003218   0x00000130   Code   RO         2032    i.HAL_TIM_IRQHandler  stm32f4xx_hal_tim.o
    0x08003348   0x00000002   Code   RO         2035    i.HAL_TIM_OC_DelayElapsedCallback  stm32f4xx_hal_tim.o
    0x0800334a   0x00000002   Code   RO         2062    i.HAL_TIM_PWM_PulseFinishedCallback  stm32f4xx_hal_tim.o
    0x0800334c   0x00000002   Code   RO         2070    i.HAL_TIM_PeriodElapsedCallback  stm32f4xx_hal_tim.o
    0x0800334e   0x0000002a   Code   RO         2072    i.HAL_TIM_ReadCapturedValue  stm32f4xx_hal_tim.o
    0x08003378   0x00000002   Code   RO         2075    i.HAL_TIM_TriggerCallback  stm32f4xx_hal_tim.o
    0x0800337a   0x00000002   Code   RO         2967    i.HAL_UARTEx_RxEventCallback  stm32f4xx_hal_uart.o
    0x0800337c   0x00000002   Code   RO         2981    i.HAL_UART_ErrorCallback  stm32f4xx_hal_uart.o
    0x0800337e   0x0000000a   Code   RO         2983    i.HAL_UART_GetState  stm32f4xx_hal_uart.o
    0x08003388   0x00000270   Code   RO         2984    i.HAL_UART_IRQHandler  stm32f4xx_hal_uart.o
    0x080035f8   0x00000064   Code   RO         2985    i.HAL_UART_Init     stm32f4xx_hal_uart.o
    0x0800365c   0x00000074   Code   RO         3590    i.HAL_UART_MspInit  usart.o
    0x080036d0   0x0000001c   Code   RO         2990    i.HAL_UART_Receive_IT  stm32f4xx_hal_uart.o
    0x080036ec   0x00000058   Code   RO         3591    i.HAL_UART_RxCpltCallback  usart.o
    0x08003744   0x00000002   Code   RO         2996    i.HAL_UART_TxCpltCallback  stm32f4xx_hal_uart.o
    0x08003746   0x00000002   PAD
    0x08003748   0x0000006c   Code   RO          216    i.HardFault_Handler  stm32f4xx_it.o
    0x080037b4   0x00000008   Code   RO         3898    i.LED_APP_Read      my_led.o
    0x080037bc   0x00000008   Code   RO         3899    i.LED_APP_Toggle    my_led.o
    0x080037c4   0x0000009c   Code   RO           14    i.MX_GPIO_Init      main.o
    0x08003860   0x00000002   Code   RO          217    i.MemManage_Handler  stm32f4xx_it.o
    0x08003862   0x00000002   Code   RO          218    i.NMI_Handler       stm32f4xx_it.o
    0x08003864   0x00000002   Code   RO          219    i.PendSV_Handler    stm32f4xx_it.o
    0x08003866   0x00000002   Code   RO          220    i.SVC_Handler       stm32f4xx_it.o
    0x08003868   0x00000004   Code   RO          221    i.SysTick_Handler   stm32f4xx_it.o
    0x0800386c   0x00000098   Code   RO           15    i.SystemClock_Config  main.o
    0x08003904   0x00000010   Code   RO         3319    i.SystemInit        system_stm32f4xx.o
    0x08003914   0x00000034   Code   RO         3662    i.TIM4_IRQHandler   usmart.o
    0x08003948   0x0000000c   Code   RO         3950    i.TIM8_CC_IRQHandler  my_tim.o
    0x08003954   0x000000d8   Code   RO         2077    i.TIM_Base_SetConfig  stm32f4xx_hal_tim.o
    0x08003a2c   0x00000054   Code   RO         3663    i.Timer4_Init       usmart.o
    0x08003a80   0x00000010   Code   RO         2998    i.UART_DMAAbortOnError  stm32f4xx_hal_uart.o
    0x08003a90   0x0000004e   Code   RO         3008    i.UART_EndRxTransfer  stm32f4xx_hal_uart.o
    0x08003ade   0x000000c2   Code   RO         3010    i.UART_Receive_IT   stm32f4xx_hal_uart.o
    0x08003ba0   0x0000010c   Code   RO         3011    i.UART_SetConfig    stm32f4xx_hal_uart.o
    0x08003cac   0x00000036   Code   RO         3013    i.UART_Start_Receive_IT  stm32f4xx_hal_uart.o
    0x08003ce2   0x00000002   PAD
    0x08003ce4   0x0000002c   Code   RO         3592    i.USART1_IRQHandler  usart.o
    0x08003d10   0x00000002   Code   RO          222    i.UsageFault_Handler  stm32f4xx_it.o
    0x08003d12   0x00000030   Code   RO         4386    i.__ARM_fpclassify  m_wm.l(fpclassify.o)
    0x08003d42   0x00000020   Code   RO         1362    i.__NVIC_SetPriority  stm32f4xx_hal_cortex.o
    0x08003d62   0x0000000e   Code   RO         4214    i._is_digit         c_w.l(__printf_wp.o)
    0x08003d70   0x00000002   Code   RO         3593    i._sys_exit         usart.o
    0x08003d72   0x00000002   PAD
    0x08003d74   0x00000074   Code   RO         4036    i.adc_dma_init      my_adc.o
    0x08003de8   0x00000068   Code   RO         4037    i.adc_init          my_adc.o
    0x08003e50   0x0000004c   Code   RO         4038    i.calc_adc_val      my_adc.o
    0x08003e9c   0x00000098   Code   RO         4101    i.dac_init          my_dac.o
    0x08003f34   0x000000b4   Code   RO         4103    i.dac_triangular_wave  my_dac.o
    0x08003fe8   0x00000014   Code   RO         3528    i.delay_init        delay.o
    0x08003ffc   0x0000001a   Code   RO         3529    i.delay_ms          delay.o
    0x08004016   0x00000002   PAD
    0x08004018   0x00000034   Code   RO         3530    i.delay_us          delay.o
    0x0800404c   0x00000014   Code   RO         3595    i.fputc             usart.o
    0x08004060   0x0000003c   Code   RO           16    i.main              main.o
    0x0800409c   0x000000b0   Code   RO         3443    i.multi_printf_arrays  my_string.o
    0x0800414c   0x000000b0   Code   RO         3444    i.multi_printf_arrays_direct  my_string.o
    0x080041fc   0x00000108   Code   RO         3445    i.muti_printf_self_test  my_string.o
    0x08004304   0x00000048   Code   RO         4039    i.my_adc_self_test  my_adc.o
    0x0800434c   0x00000010   Code   RO         4104    i.my_dac_self_test  my_dac.o
    0x0800435c   0x0000001c   Code   RO         3900    i.my_led_self_test  my_led.o
    0x08004378   0x00000002   Code   RO         3419    i.my_test           test.o
    0x0800437a   0x00000004   Code   RO         3664    i.read_addr         usmart.o
    0x0800437e   0x00000002   PAD
    0x08004380   0x00000038   Code   RO         3596    i.uart_init         usart.o
    0x080043b8   0x00000104   Code   RO         3762    i.ug                usmart_config.o
    0x080044bc   0x00000094   Code   RO         3665    i.usmart_cmd_rec    usmart.o
    0x08004550   0x00000264   Code   RO         3666    i.usmart_exe        usmart.o
    0x080047b4   0x000000a6   Code   RO         3817    i.usmart_get_aparm  usmart_str.o
    0x0800485a   0x0000002e   Code   RO         3818    i.usmart_get_cmdname  usmart_str.o
    0x08004888   0x00000170   Code   RO         3819    i.usmart_get_fname  usmart_str.o
    0x080049f8   0x000000d4   Code   RO         3820    i.usmart_get_fparam  usmart_str.o
    0x08004acc   0x00000024   Code   RO         3821    i.usmart_get_parmpos  usmart_str.o
    0x08004af0   0x00000030   Code   RO         3667    i.usmart_get_runtime  usmart.o
    0x08004b20   0x00000028   Code   RO         3668    i.usmart_init       usmart.o
    0x08004b48   0x0000006c   Code   RO         3763    i.usmart_minnie     usmart_config.o
    0x08004bb4   0x00000010   Code   RO         3822    i.usmart_pow        usmart_str.o
    0x08004bc4   0x00000028   Code   RO         3669    i.usmart_reset_runtime  usmart.o
    0x08004bec   0x000000a4   Code   RO         3670    i.usmart_scan       usmart.o
    0x08004c90   0x00000010   Code   RO         3823    i.usmart_search_nextc  usmart_str.o
    0x08004ca0   0x000000d6   Code   RO         3824    i.usmart_str2num    usmart_str.o
    0x08004d76   0x00000018   Code   RO         3825    i.usmart_strcmp     usmart_str.o
    0x08004d8e   0x00000012   Code   RO         3826    i.usmart_strcopy    usmart_str.o
    0x08004da0   0x00000012   Code   RO         3827    i.usmart_strlen     usmart_str.o
    0x08004db2   0x00000002   PAD
    0x08004db4   0x00000680   Code   RO         3671    i.usmart_sys_cmd_exe  usmart.o
    0x08005434   0x00000004   Code   RO         3672    i.write_addr        usmart.o
    0x08005438   0x0000002c   Code   RO         4380    locale$$code        c_w.l(lc_numeric_c.o)
    0x08005464   0x0000002c   Code   RO         4394    locale$$code        c_w.l(lc_ctype_c.o)
    0x08005490   0x00000062   Code   RO         4249    x$fpl$d2f           fz_wm.l(d2f.o)
    0x080054f2   0x00000026   Code   RO         4259    x$fpl$dfltu         fz_wm.l(dflt_clz.o)
    0x08005518   0x00000154   Code   RO         4265    x$fpl$dmul          fz_wm.l(dmul.o)
    0x0800566c   0x0000009c   Code   RO         4311    x$fpl$dnaninf       fz_wm.l(dnaninf.o)
    0x08005708   0x0000000c   Code   RO         4313    x$fpl$dretinf       fz_wm.l(dretinf.o)
    0x08005714   0x00000056   Code   RO         4269    x$fpl$f2d           fz_wm.l(f2d.o)
    0x0800576a   0x0000008c   Code   RO         4315    x$fpl$fnaninf       fz_wm.l(fnaninf.o)
    0x080057f6   0x0000000a   Code   RO         4463    x$fpl$fpinit        fz_wm.l(fpinit.o)
    0x08005800   0x0000000a   Code   RO         4317    x$fpl$fretinf       fz_wm.l(fretinf.o)
    0x0800580a   0x00000004   Code   RO         4271    x$fpl$printf1       fz_wm.l(printf1.o)
    0x0800580e   0x00000004   Code   RO         4273    x$fpl$printf2       fz_wm.l(printf2.o)
    0x08005812   0x00000000   Code   RO         4319    x$fpl$usenofp       fz_wm.l(usenofp.o)
    0x08005812   0x00000008   Data   RO         1078    .constdata          stm32f4xx_hal_dma.o
    0x0800581a   0x00000010   Data   RO         3320    .constdata          system_stm32f4xx.o
    0x0800582a   0x00000008   Data   RO         3321    .constdata          system_stm32f4xx.o
    0x08005832   0x00000002   PAD
    0x08005834   0x0000002c   Data   RO         3447    .constdata          my_string.o
    0x08005860   0x00000008   Data   RO         4175    .constdata          c_w.l(_printf_wctomb.o)
    0x08005868   0x00000028   Data   RO         4187    .constdata          c_w.l(_printf_hex_int.o)
    0x08005890   0x00000011   Data   RO         4222    .constdata          c_w.l(__printf_flags_ss_wp.o)
    0x080058a1   0x00000026   Data   RO         4291    .constdata          c_w.l(_printf_fp_hex.o)
    0x080058c7   0x00000001   PAD
    0x080058c8   0x00000094   Data   RO         4351    .constdata          c_w.l(bigflt0.o)
    0x0800595c   0x00000483   Data   RO          223    .conststring        stm32f4xx_it.o
    0x08005ddf   0x00000001   PAD
    0x08005de0   0x00000028   Data   RO         3674    .conststring        usmart.o
    0x08005e08   0x0000002a   Data   RO         3766    .conststring        usmart_config.o
    0x08005e32   0x00000002   PAD
    0x08005e34   0x00000093   Data   RO         3767    .conststring        usmart_config.o
    0x08005ec7   0x00000001   PAD
    0x08005ec8   0x00000020   Data   RO         4526    Region$$Table       anon$$obj.o
    0x08005ee8   0x0000001c   Data   RO         4379    locale$$data        c_w.l(lc_numeric_c.o)
    0x08005f04   0x00000110   Data   RO         4393    locale$$data        c_w.l(lc_ctype_c.o)


    Execution Region RW_IRAM1 (Base: 0x20000000, Size: 0x00001330, Max: 0x0001c000, ABSOLUTE, COMPRESSED[0x0000007c])

    Base Addr    Size         Type   Attr      Idx    E Section Name        Object

    0x20000000   0x0000000c   Data   RW         1511    .data               stm32f4xx_hal.o
    0x2000000c   0x00000004   Data   RW         3322    .data               system_stm32f4xx.o
    0x20000010   0x00000004   Data   RW         3531    .data               delay.o
    0x20000014   0x00000004   Data   RW         3598    .data               usart.o
    0x20000018   0x00000004   Data   RW         3599    .data               usart.o
    0x2000001c   0x0000001c   Data   RW         3675    .data               usmart.o
    0x20000038   0x0000001c   Data   RW         3768    .data               usmart_config.o
    0x20000054   0x00000030   Data   RW         3769    .data               usmart_config.o
    0x20000084   0x000000f4   Data   RW         3770    .data               usmart_config.o
    0x20000178   0x00000010   Data   RW         3901    .data               my_led.o
    0x20000188   0x00000014   Data   RW         3960    .data               my_tim.o
    0x2000019c   0x00000008   Data   RW         4042    .data               my_adc.o
    0x200001a4   0x00000800   Zero   RW         3446    .bss                my_string.o
    0x200009a4   0x00000110   Zero   RW         3597    .bss                usart.o
    0x20000ab4   0x00000048   Zero   RW         3673    .bss                usmart.o
    0x20000afc   0x000000f8   Zero   RW         3958    .bss                my_tim.o
    0x20000bf4   0x000000c2   Zero   RW         4040    .bss                my_adc.o
    0x20000cb6   0x00000002   PAD
    0x20000cb8   0x00000014   Zero   RW         4105    .bss                my_dac.o
    0x20000ccc   0x00000060   Zero   RW         4389    .bss                c_w.l(libspace.o)
    0x20000d2c   0x00000004   PAD
    0x20000d30   0x00000200   Zero   RW            2    HEAP                startup_stm32f407xx.o
    0x20000f30   0x00000400   Zero   RW            1    STACK               startup_stm32f407xx.o


    Execution Region RW_IRAM2 (Base: 0x2001c000, Size: 0x00000000, Max: 0x00004000, ABSOLUTE)

    **** No section assigned to this execution region ****


==============================================================================

Image component sizes


      Code (inc. data)   RO Data    RW Data    ZI Data      Debug   Object Name

       124         54          0          0          0       1492   code.o
        98          8          0          4          0       4099   delay.o
       368         24          0          0          0     713052   main.o
       508         78          0          8        194       5330   my_adc.o
       348         26          0          0         20       3003   my_dac.o
        44          6          0         16          0       2879   my_led.o
       616        120         44          0       2048       4283   my_string.o
       140         24          0         20        248       2585   my_tim.o
        64         26        392          0       1536        880   startup_stm32f407xx.o
       146         24          0         12          0       9599   stm32f4xx_hal.o
      1306         66          0          0          0       8113   stm32f4xx_hal_adc.o
       258         24          0          0          0      35388   stm32f4xx_hal_cortex.o
       252          0          0          0          0       4356   stm32f4xx_hal_dac.o
      1084         16          8          0          0       7706   stm32f4xx_hal_dma.o
       532         46          0          0          0       3696   stm32f4xx_hal_gpio.o
      1348         76          0          0          0       5480   stm32f4xx_hal_rcc.o
       790         74          0          0          0       8755   stm32f4xx_hal_tim.o
         4          0          0          0          0       1749   stm32f4xx_hal_tim_ex.o
      1378         16          0          0          0      10408   stm32f4xx_hal_uart.o
       126         60       1155          0          0       6427   stm32f4xx_it.o
        16          4         24          4          0       1247   system_stm32f4xx.o
         2          0          0          0          0        506   test.o
       326         48          0          8        272       5713   usart.o
      2860       1354         40         28         72       8635   usmart.o
       368        170        189        320          0       3574   usmart_config.o
      1134         20          0          0          0      10047   usmart_str.o

    ----------------------------------------------------------------------
     14260       2364       1890        420       4392     869002   Object Totals
         0          0         32          0          0          0   (incl. Generated)
        20          0          6          0          2          0   (incl. Padding)

    ----------------------------------------------------------------------

      Code (inc. data)   RO Data    RW Data    ZI Data      Debug   Library Member Name

        90          0          0          0          0          0   __dczerorl2.o
         8          0          0          0          0         68   __main.o
       392          4         17          0          0         92   __printf_flags_ss_wp.o
        14          0          0          0          0         68   __printf_wp.o
         0          0          0          0          0          0   __rtentry.o
        12          0          0          0          0          0   __rtentry2.o
         6          0          0          0          0          0   __rtentry4.o
        52          8          0          0          0          0   __scatter.o
        28          0          0          0          0          0   __scatter_zi.o
         6          0          0          0          0          0   _printf_a.o
         6          0          0          0          0          0   _printf_c.o
        44          0          0          0          0        108   _printf_char.o
        48          6          0          0          0         96   _printf_char_common.o
        36          4          0          0          0         80   _printf_char_file.o
         6          0          0          0          0          0   _printf_d.o
       120         16          0          0          0         92   _printf_dec.o
         6          0          0          0          0          0   _printf_e.o
         6          0          0          0          0          0   _printf_f.o
      1050          0          0          0          0        216   _printf_fp_dec.o
       764          8         38          0          0        100   _printf_fp_hex.o
       128         16          0          0          0         84   _printf_fp_infnan.o
         6          0          0          0          0          0   _printf_g.o
        88          4         40          0          0         88   _printf_hex_int.o
         6          0          0          0          0          0   _printf_i.o
       178          0          0          0          0         88   _printf_intcommon.o
        10          0          0          0          0          0   _printf_l.o
         6          0          0          0          0          0   _printf_lc.o
         6          0          0          0          0          0   _printf_o.o
        84         10          0          0          0         88   _printf_oct_int.o
        78          0          0          0          0        108   _printf_pad.o
         0          0          0          0          0          0   _printf_percent.o
         4          0          0          0          0          0   _printf_percent_end.o
         6          0          0          0          0          0   _printf_s.o
        82          0          0          0          0         80   _printf_str.o
        36          0          0          0          0         84   _printf_truncate.o
         6          0          0          0          0          0   _printf_u.o
        44          0          0          0          0        108   _printf_wchar.o
       188          6          8          0          0         92   _printf_wctomb.o
         6          0          0          0          0          0   _printf_x.o
        16          0          0          0          0         68   _snputc.o
        10          0          0          0          0         68   _sputc.o
        64          0          0          0          0         92   _wcrtomb.o
       220          4        148          0          0         96   bigflt0.o
      1910        128          0          0          0        672   btod.o
        18          0          0          0          0         80   exit.o
         8          0          0          0          0         68   ferror.o
         6          0          0          0          0        152   heapauxi.o
        44         10        272          0          0         76   lc_ctype_c.o
        44         10         28          0          0         76   lc_numeric_c.o
         2          0          0          0          0          0   libinit.o
        34          0          0          0          0          0   libinit2.o
         2          0          0          0          0          0   libshutdown.o
         2          0          0          0          0          0   libshutdown2.o
         8          4          0          0         96         68   libspace.o
       138          0          0          0          0         80   lludiv10.o
       238          0          0          0          0        100   lludivv7m.o
        24          4          0          0          0         84   noretval__2printf.o
        52          4          0          0          0         84   noretval__2snprintf.o
        16          4          0          0          0         76   rt_ctype_table.o
         8          4          0          0          0         68   rt_locale_intlibspace.o
        78          0          0          0          0         80   rt_memclr_w.o
       100          0          0          0          0         80   rt_memcpy_w.o
         2          0          0          0          0          0   rtexit.o
        10          0          0          0          0          0   rtexit2.o
        24          0          0          0          0         68   strcat.o
       128          0          0          0          0         68   strcmpv7m.o
        74          0          0          0          0         80   sys_stackheap_outer.o
         2          0          0          0          0         68   use_no_semi.o
         2          0          0          0          0         68   use_no_semi_2.o
        98          4          0          0          0        140   d2f.o
        38          0          0          0          0        116   dflt_clz.o
       340         12          0          0          0        152   dmul.o
       156          4          0          0          0        140   dnaninf.o
        12          0          0          0          0        116   dretinf.o
        86          4          0          0          0        132   f2d.o
       140          4          0          0          0        132   fnaninf.o
        10          0          0          0          0        116   fpinit.o
        10          0          0          0          0        116   fretinf.o
         4          0          0          0          0        116   printf1.o
         4          0          0          0          0        116   printf2.o
         0          0          0          0          0          0   usenofp.o
        48          0          0          0          0        124   fpclassify.o

    ----------------------------------------------------------------------
      7894        282        552          0        100       5776   Library Totals
         8          0          1          0          4          0   (incl. Padding)

    ----------------------------------------------------------------------

      Code (inc. data)   RO Data    RW Data    ZI Data      Debug   Library Name

      6940        254        551          0         96       4260   c_w.l
       898         28          0          0          0       1392   fz_wm.l
        48          0          0          0          0        124   m_wm.l

    ----------------------------------------------------------------------
      7894        282        552          0        100       5776   Library Totals

    ----------------------------------------------------------------------

==============================================================================


      Code (inc. data)   RO Data    RW Data    ZI Data      Debug   

     22154       2646       2442        420       4492     858486   Grand Totals
     22154       2646       2442        124       4492     858486   ELF Image Totals (compressed)
     22154       2646       2442        124          0          0   ROM Totals

==============================================================================

    Total RO  Size (Code + RO Data)                24596 (  24.02kB)
    Total RW  Size (RW Data + ZI Data)              4912 (   4.80kB)
    Total ROM Size (Code + RO Data + RW Data)      24720 (  24.14kB)

==============================================================================

